mtp-top2gap idx=3 token=3766 gap=1
STEP-TRACE round=1 d=2 acc=2 tGraphBuildMs=1360.350 tEvalMs=644.539 tHostReadMs=0.051 tCacheStateMs=0.324 stepMs=2005.264
MTP-STEP round=1 depth=3 offered=2 accepted=2 committed=3 stepMs=2005.3267
mtp-top2gap idx=5 token=66320 gap=0.875
STEP-TRACE round=2 d=2 acc=1 tGraphBuildMs=3.509 tEvalMs=95.916 tHostReadMs=0.020 tCacheStateMs=1.858 stepMs=101.303
MTP-STEP round=2 depth=3 offered=2 accepted=1 committed=2 stepMs=101.3503
mtp-top2gap idx=8 token=369 gap=2.25
STEP-TRACE round=3 d=2 acc=2 tGraphBuildMs=4.101 tEvalMs=95.546 tHostReadMs=0.019 tCacheStateMs=0.208 stepMs=99.874
MTP-STEP round=3 depth=3 offered=2 accepted=2 committed=3 stepMs=99.9048
mtp-top2gap idx=11 token=314 gap=0
STEP-TRACE round=4 d=2 acc=2 tGraphBuildMs=3.329 tEvalMs=95.179 tHostReadMs=0.016 tCacheStateMs=0.172 stepMs=98.696
MTP-STEP round=4 depth=3 offered=2 accepted=2 committed=3 stepMs=98.7203
mtp-top2gap idx=14 token=64643 gap=0.25
STEP-TRACE round=5 d=2 acc=2 tGraphBuildMs=3.050 tEvalMs=95.126 tHostReadMs=0.026 tCacheStateMs=0.200 stepMs=98.403
MTP-STEP round=5 depth=3 offered=2 accepted=2 committed=3 stepMs=98.4303
mtp-top2gap idx=17 token=2759 gap=5.9375
STEP-TRACE round=6 d=2 acc=2 tGraphBuildMs=3.175 tEvalMs=94.769 tHostReadMs=0.016 tCacheStateMs=0.192 stepMs=98.151
MTP-STEP round=6 depth=3 offered=2 accepted=2 committed=3 stepMs=98.1776
mtp-top2gap idx=20 token=6522 gap=0.25
STEP-TRACE round=7 d=2 acc=2 tGraphBuildMs=3.029 tEvalMs=94.652 tHostReadMs=0.022 tCacheStateMs=0.192 stepMs=97.895
MTP-STEP round=7 depth=3 offered=2 accepted=2 committed=3 stepMs=97.9189
mtp-top2gap idx=21 token=579 gap=0
STEP-TRACE round=8 d=2 acc=0 tGraphBuildMs=3.108 tEvalMs=94.837 tHostReadMs=0.024 tCacheStateMs=1.551 stepMs=99.520
MTP-STEP round=8 depth=3 offered=2 accepted=0 committed=1 stepMs=99.5477
mtp-top2gap idx=24 token=321 gap=3.5
STEP-TRACE round=9 d=2 acc=2 tGraphBuildMs=3.473 tEvalMs=94.344 tHostReadMs=0.019 tCacheStateMs=0.183 stepMs=98.019
MTP-STEP round=9 depth=3 offered=2 accepted=2 committed=3 stepMs=98.0425
mtp-top2gap idx=27 token=13 gap=3.875
STEP-TRACE round=10 d=2 acc=2 tGraphBuildMs=3.024 tEvalMs=95.829 tHostReadMs=0.021 tCacheStateMs=0.177 stepMs=99.050
MTP-STEP round=10 depth=3 offered=2 accepted=2 committed=3 stepMs=99.0742
mtp-top2gap idx=30 token=220 gap=5.25
STEP-TRACE round=11 d=2 acc=2 tGraphBuildMs=3.126 tEvalMs=95.848 tHostReadMs=0.022 tCacheStateMs=0.156 stepMs=99.151
MTP-STEP round=11 depth=3 offered=2 accepted=2 committed=3 stepMs=99.1744
mtp-top2gap idx=33 token=1510 gap=1.625
STEP-TRACE round=12 d=2 acc=2 tGraphBuildMs=2.959 tEvalMs=96.369 tHostReadMs=0.017 tCacheStateMs=0.181 stepMs=99.526
MTP-STEP round=12 depth=3 offered=2 accepted=2 committed=3 stepMs=99.5503
mtp-top2gap idx=36 token=12905 gap=0.75
STEP-TRACE round=13 d=2 acc=2 tGraphBuildMs=3.034 tEvalMs=96.229 tHostReadMs=0.021 tCacheStateMs=0.166 stepMs=99.449
MTP-STEP round=13 depth=3 offered=2 accepted=2 committed=3 stepMs=99.4725
mtp-top2gap idx=39 token=1919 gap=1.5
STEP-TRACE round=14 d=2 acc=2 tGraphBuildMs=2.978 tEvalMs=97.041 tHostReadMs=0.019 tCacheStateMs=0.173 stepMs=100.212
MTP-STEP round=14 depth=3 offered=2 accepted=2 committed=3 stepMs=100.2340
mtp-top2gap idx=42 token=5904 gap=1.125
STEP-TRACE round=15 d=2 acc=2 tGraphBuildMs=2.960 tEvalMs=98.065 tHostReadMs=0.021 tCacheStateMs=0.205 stepMs=101.251
MTP-STEP round=15 depth=3 offered=2 accepted=2 committed=3 stepMs=101.2764
mtp-top2gap idx=43 token=11870 gap=0.625
STEP-TRACE round=16 d=2 acc=0 tGraphBuildMs=3.239 tEvalMs=97.503 tHostReadMs=0.019 tCacheStateMs=1.508 stepMs=102.269
MTP-STEP round=16 depth=3 offered=2 accepted=0 committed=1 stepMs=102.3109
mtp-top2gap idx=45 token=28043 gap=0.375
STEP-TRACE round=17 d=2 acc=1 tGraphBuildMs=3.380 tEvalMs=98.410 tHostReadMs=0.024 tCacheStateMs=1.291 stepMs=103.106
MTP-STEP round=17 depth=3 offered=2 accepted=1 committed=2 stepMs=103.1397
mtp-top2gap idx=48 token=2086 gap=0.625
STEP-TRACE round=18 d=2 acc=2 tGraphBuildMs=3.279 tEvalMs=99.472 tHostReadMs=0.022 tCacheStateMs=0.174 stepMs=102.948
MTP-STEP round=18 depth=3 offered=2 accepted=2 committed=3 stepMs=102.9730
mtp-top2gap idx=51 token=318 gap=5
STEP-TRACE round=19 d=2 acc=2 tGraphBuildMs=3.004 tEvalMs=100.860 tHostReadMs=0.020 tCacheStateMs=0.170 stepMs=104.054
MTP-STEP round=19 depth=3 offered=2 accepted=2 committed=3 stepMs=104.0778
mtp-top2gap idx=53 token=44 gap=5
STEP-TRACE round=20 d=2 acc=1 tGraphBuildMs=3.013 tEvalMs=100.710 tHostReadMs=0.022 tCacheStateMs=1.357 stepMs=105.102
MTP-STEP round=20 depth=3 offered=2 accepted=1 committed=2 stepMs=105.1463
mtp-top2gap idx=56 token=10673 gap=9.9375
STEP-TRACE round=21 d=2 acc=2 tGraphBuildMs=3.370 tEvalMs=101.619 tHostReadMs=0.017 tCacheStateMs=0.166 stepMs=105.171
MTP-STEP round=21 depth=3 offered=2 accepted=2 committed=3 stepMs=105.1950
mtp-top2gap idx=59 token=6751 gap=2
STEP-TRACE round=22 d=2 acc=2 tGraphBuildMs=2.933 tEvalMs=104.875 tHostReadMs=0.031 tCacheStateMs=0.233 stepMs=108.071
MTP-STEP round=22 depth=3 offered=2 accepted=2 committed=3 stepMs=108.1009
mtp-top2gap idx=62 token=7289 gap=0.25
STEP-TRACE round=23 d=2 acc=2 tGraphBuildMs=3.302 tEvalMs=108.317 tHostReadMs=0.026 tCacheStateMs=0.208 stepMs=111.853
MTP-STEP round=23 depth=3 offered=2 accepted=2 committed=3 stepMs=111.8794
mtp-top2gap idx=64 token=10313 gap=1.375
STEP-TRACE round=24 d=2 acc=1 tGraphBuildMs=3.102 tEvalMs=104.578 tHostReadMs=0.012 tCacheStateMs=1.288 stepMs=108.980
MTP-STEP round=24 depth=3 offered=2 accepted=1 committed=2 stepMs=109.0149
mtp-top2gap idx=67 token=1954 gap=1.5
STEP-TRACE round=25 d=2 acc=2 tGraphBuildMs=3.278 tEvalMs=109.585 tHostReadMs=0.023 tCacheStateMs=0.179 stepMs=113.065
MTP-STEP round=25 depth=3 offered=2 accepted=2 committed=3 stepMs=113.0910
mtp-top2gap idx=69 token=45543 gap=1.25
STEP-TRACE round=26 d=2 acc=1 tGraphBuildMs=3.031 tEvalMs=115.214 tHostReadMs=0.018 tCacheStateMs=1.280 stepMs=119.542
MTP-STEP round=26 depth=3 offered=2 accepted=1 committed=2 stepMs=119.5788
mtp-top2gap idx=71 token=9191 gap=0
STEP-TRACE round=27 d=2 acc=1 tGraphBuildMs=3.297 tEvalMs=108.382 tHostReadMs=0.031 tCacheStateMs=1.968 stepMs=113.677
MTP-STEP round=27 depth=3 offered=2 accepted=1 committed=2 stepMs=113.7408
mtp-top2gap idx=74 token=332 gap=1.125
STEP-TRACE round=28 d=2 acc=2 tGraphBuildMs=4.772 tEvalMs=113.416 tHostReadMs=0.021 tCacheStateMs=0.231 stepMs=118.440
MTP-STEP round=28 depth=3 offered=2 accepted=2 committed=3 stepMs=118.4677
mtp-top2gap idx=76 token=32956 gap=2.875
STEP-TRACE round=29 d=2 acc=1 tGraphBuildMs=3.181 tEvalMs=108.512 tHostReadMs=0.024 tCacheStateMs=1.391 stepMs=113.109
MTP-STEP round=29 depth=3 offered=2 accepted=1 committed=2 stepMs=113.1557
mtp-top2gap idx=79 token=9 gap=7.375
STEP-TRACE round=30 d=2 acc=2 tGraphBuildMs=3.301 tEvalMs=107.266 tHostReadMs=0.024 tCacheStateMs=0.169 stepMs=110.760
MTP-STEP round=30 depth=3 offered=2 accepted=2 committed=3 stepMs=110.7839
mtp-top2gap idx=82 token=63 gap=2.875
STEP-TRACE round=31 d=2 acc=2 tGraphBuildMs=2.925 tEvalMs=106.072 tHostReadMs=0.021 tCacheStateMs=0.177 stepMs=109.195
MTP-STEP round=31 depth=3 offered=2 accepted=2 committed=3 stepMs=109.2184
mtp-top2gap idx=85 token=36196 gap=9.625
STEP-TRACE round=32 d=2 acc=2 tGraphBuildMs=2.909 tEvalMs=106.315 tHostReadMs=0.021 tCacheStateMs=0.168 stepMs=109.414
MTP-STEP round=32 depth=3 offered=2 accepted=2 committed=3 stepMs=109.4362
mtp-top2gap idx=86 token=63 gap=0.5
STEP-TRACE round=33 d=2 acc=0 tGraphBuildMs=2.955 tEvalMs=105.155 tHostReadMs=0.019 tCacheStateMs=1.439 stepMs=109.568
MTP-STEP round=33 depth=3 offered=2 accepted=0 committed=1 stepMs=109.6093
mtp-top2gap idx=89 token=2665 gap=11
STEP-TRACE round=34 d=2 acc=2 tGraphBuildMs=3.247 tEvalMs=103.644 tHostReadMs=0.013 tCacheStateMs=0.177 stepMs=107.081
MTP-STEP round=34 depth=3 offered=2 accepted=2 committed=3 stepMs=107.1009
mtp-top2gap idx=92 token=8908 gap=9
STEP-TRACE round=35 d=2 acc=2 tGraphBuildMs=2.969 tEvalMs=104.356 tHostReadMs=0.011 tCacheStateMs=0.167 stepMs=107.502
MTP-STEP round=35 depth=3 offered=2 accepted=2 committed=3 stepMs=107.5222
mtp-top2gap idx=93 token=63 gap=0
STEP-TRACE round=36 d=2 acc=0 tGraphBuildMs=2.937 tEvalMs=104.431 tHostReadMs=0.017 tCacheStateMs=1.268 stepMs=108.653
MTP-STEP round=36 depth=3 offered=2 accepted=0 committed=1 stepMs=108.7230
mtp-top2gap idx=95 token=64360 gap=1.375
STEP-TRACE round=37 d=2 acc=1 tGraphBuildMs=3.222 tEvalMs=103.042 tHostReadMs=0.020 tCacheStateMs=1.219 stepMs=107.503
MTP-STEP round=37 depth=3 offered=2 accepted=1 committed=2 stepMs=107.5410
mtp-top2gap idx=98 token=310 gap=1.875
STEP-TRACE round=38 d=2 acc=2 tGraphBuildMs=3.285 tEvalMs=103.716 tHostReadMs=0.014 tCacheStateMs=0.192 stepMs=107.207
MTP-STEP round=38 depth=3 offered=2 accepted=2 committed=3 stepMs=107.2305
mtp-top2gap idx=100 token=1558 gap=4.875
STEP-TRACE round=39 d=2 acc=1 tGraphBuildMs=3.083 tEvalMs=103.897 tHostReadMs=0.024 tCacheStateMs=1.263 stepMs=108.268
MTP-STEP round=39 depth=3 offered=2 accepted=1 committed=2 stepMs=108.3031
mtp-top2gap idx=103 token=279 gap=0
STEP-TRACE round=40 d=2 acc=2 tGraphBuildMs=3.271 tEvalMs=103.329 tHostReadMs=0.021 tCacheStateMs=0.183 stepMs=106.803
MTP-STEP round=40 depth=3 offered=2 accepted=2 committed=3 stepMs=106.8308
mtp-top2gap idx=106 token=264 gap=1.75
STEP-TRACE round=41 d=2 acc=2 tGraphBuildMs=2.945 tEvalMs=104.078 tHostReadMs=0.022 tCacheStateMs=0.163 stepMs=107.207
MTP-STEP round=41 depth=3 offered=2 accepted=2 committed=3 stepMs=107.2316
mtp-top2gap idx=109 token=13 gap=0.125
STEP-TRACE round=42 d=2 acc=2 tGraphBuildMs=2.884 tEvalMs=104.254 tHostReadMs=0.014 tCacheStateMs=0.183 stepMs=107.336
MTP-STEP round=42 depth=3 offered=2 accepted=2 committed=3 stepMs=107.3621
mtp-top2gap idx=112 token=256 gap=6.9375
STEP-TRACE round=43 d=2 acc=2 tGraphBuildMs=3.024 tEvalMs=104.202 tHostReadMs=0.014 tCacheStateMs=0.175 stepMs=107.415
MTP-STEP round=43 depth=3 offered=2 accepted=2 committed=3 stepMs=107.4372
mtp-top2gap idx=115 token=82040 gap=11.375
STEP-TRACE round=44 d=2 acc=2 tGraphBuildMs=3.121 tEvalMs=104.250 tHostReadMs=0.021 tCacheStateMs=0.171 stepMs=107.563
MTP-STEP round=44 depth=3 offered=2 accepted=2 committed=3 stepMs=107.5851
mtp-top2gap idx=118 token=92217 gap=8.1875
STEP-TRACE round=45 d=2 acc=2 tGraphBuildMs=2.945 tEvalMs=103.987 tHostReadMs=0.019 tCacheStateMs=0.168 stepMs=107.119
MTP-STEP round=45 depth=3 offered=2 accepted=2 committed=3 stepMs=107.1415
mtp-top2gap idx=120 token=15092 gap=0.375
STEP-TRACE round=46 d=2 acc=1 tGraphBuildMs=2.970 tEvalMs=104.311 tHostReadMs=0.040 tCacheStateMs=1.686 stepMs=109.006
MTP-STEP round=46 depth=3 offered=2 accepted=1 committed=2 stepMs=109.0477
mtp-top2gap idx=122 token=310 gap=0.125
STEP-TRACE round=47 d=2 acc=1 tGraphBuildMs=3.729 tEvalMs=104.408 tHostReadMs=0.021 tCacheStateMs=1.369 stepMs=109.527
MTP-STEP round=47 depth=3 offered=2 accepted=1 committed=2 stepMs=109.5688
mtp-top2gap idx=124 token=321 gap=1.875
STEP-TRACE round=48 d=2 acc=1 tGraphBuildMs=3.267 tEvalMs=104.183 tHostReadMs=0.024 tCacheStateMs=1.304 stepMs=108.778
MTP-STEP round=48 depth=3 offered=2 accepted=1 committed=2 stepMs=108.8157
mtp-top2gap idx=125 token=1133 gap=1.125
STEP-TRACE round=49 d=2 acc=0 tGraphBuildMs=3.241 tEvalMs=103.816 tHostReadMs=0.024 tCacheStateMs=1.327 stepMs=108.409
MTP-STEP round=49 depth=3 offered=2 accepted=0 committed=1 stepMs=108.4481
mtp-top2gap idx=128 token=21853 gap=14.25
STEP-TRACE round=50 d=2 acc=2 tGraphBuildMs=3.269 tEvalMs=102.741 tHostReadMs=0.024 tCacheStateMs=0.192 stepMs=106.226
MTP-STEP round=50 depth=3 offered=2 accepted=2 committed=3 stepMs=106.2510
MTP-STEP-SUMMARY rounds=50 proposed=100 accepted=78 acceptedPerStep=1.5600 avgStepMs=143.9452 decodeSeconds=7.2001 committed=128 qmvVerifyRouted=2:135,3:5088,4:96 qmvVerifyFallback=1:102,11:96,512:195,2048:768,16395:3 qmvVerifyMaterialized=0
