mtp-top2gap idx=3 token=3766 gap=1.25
STEP-TRACE round=1 d=2 acc=2 tGraphBuildMs=1363.508 tEvalMs=670.124 tHostReadMs=0.038 tCacheStateMs=0.335 stepMs=2034.006
MTP-STEP round=1 depth=3 offered=2 accepted=2 committed=3 stepMs=2034.0640
mtp-top2gap idx=5 token=66320 gap=0.875
STEP-TRACE round=2 d=2 acc=1 tGraphBuildMs=8.860 tEvalMs=89.668 tHostReadMs=0.020 tCacheStateMs=1.532 stepMs=100.080
MTP-STEP round=2 depth=3 offered=2 accepted=1 committed=2 stepMs=100.1280
mtp-top2gap idx=8 token=369 gap=2.25
STEP-TRACE round=3 d=2 acc=2 tGraphBuildMs=3.382 tEvalMs=93.641 tHostReadMs=0.021 tCacheStateMs=0.225 stepMs=97.269
MTP-STEP round=3 depth=3 offered=2 accepted=2 committed=3 stepMs=97.2994
mtp-top2gap idx=11 token=314 gap=0
STEP-TRACE round=4 d=2 acc=2 tGraphBuildMs=3.320 tEvalMs=92.909 tHostReadMs=0.020 tCacheStateMs=0.241 stepMs=96.489
MTP-STEP round=4 depth=3 offered=2 accepted=2 committed=3 stepMs=96.5200
mtp-top2gap idx=14 token=64643 gap=0.25
STEP-TRACE round=5 d=2 acc=2 tGraphBuildMs=3.214 tEvalMs=95.889 tHostReadMs=0.015 tCacheStateMs=0.206 stepMs=99.323
MTP-STEP round=5 depth=3 offered=2 accepted=2 committed=3 stepMs=99.3471
mtp-top2gap idx=17 token=2759 gap=6
STEP-TRACE round=6 d=2 acc=2 tGraphBuildMs=3.078 tEvalMs=98.812 tHostReadMs=0.013 tCacheStateMs=0.185 stepMs=102.088
MTP-STEP round=6 depth=3 offered=2 accepted=2 committed=3 stepMs=102.1103
mtp-top2gap idx=20 token=6522 gap=0.25
STEP-TRACE round=7 d=2 acc=2 tGraphBuildMs=3.027 tEvalMs=96.299 tHostReadMs=0.021 tCacheStateMs=0.202 stepMs=99.550
MTP-STEP round=7 depth=3 offered=2 accepted=2 committed=3 stepMs=99.5795
mtp-top2gap idx=21 token=579 gap=0
STEP-TRACE round=8 d=2 acc=0 tGraphBuildMs=3.139 tEvalMs=95.770 tHostReadMs=0.020 tCacheStateMs=1.609 stepMs=100.537
MTP-STEP round=8 depth=3 offered=2 accepted=0 committed=1 stepMs=100.5682
mtp-top2gap idx=24 token=321 gap=3.375
STEP-TRACE round=9 d=2 acc=2 tGraphBuildMs=3.380 tEvalMs=95.302 tHostReadMs=0.021 tCacheStateMs=0.207 stepMs=98.910
MTP-STEP round=9 depth=3 offered=2 accepted=2 committed=3 stepMs=98.9391
mtp-top2gap idx=27 token=13 gap=3.625
STEP-TRACE round=10 d=2 acc=2 tGraphBuildMs=3.047 tEvalMs=96.621 tHostReadMs=0.017 tCacheStateMs=0.190 stepMs=99.875
MTP-STEP round=10 depth=3 offered=2 accepted=2 committed=3 stepMs=99.9022
mtp-top2gap idx=30 token=220 gap=5.25
STEP-TRACE round=11 d=2 acc=2 tGraphBuildMs=3.086 tEvalMs=96.801 tHostReadMs=0.028 tCacheStateMs=0.190 stepMs=100.104
MTP-STEP round=11 depth=3 offered=2 accepted=2 committed=3 stepMs=100.1293
mtp-top2gap idx=33 token=1510 gap=1.625
STEP-TRACE round=12 d=2 acc=2 tGraphBuildMs=2.980 tEvalMs=97.429 tHostReadMs=0.017 tCacheStateMs=0.203 stepMs=100.628
MTP-STEP round=12 depth=3 offered=2 accepted=2 committed=3 stepMs=107.8395
mtp-top2gap idx=36 token=12905 gap=0.625
STEP-TRACE round=13 d=2 acc=2 tGraphBuildMs=3.053 tEvalMs=98.100 tHostReadMs=0.016 tCacheStateMs=0.181 stepMs=101.350
MTP-STEP round=13 depth=3 offered=2 accepted=2 committed=3 stepMs=101.3742
mtp-top2gap idx=39 token=1919 gap=1.625
STEP-TRACE round=14 d=2 acc=2 tGraphBuildMs=2.945 tEvalMs=98.617 tHostReadMs=0.017 tCacheStateMs=0.221 stepMs=101.800
MTP-STEP round=14 depth=3 offered=2 accepted=2 committed=3 stepMs=101.8279
mtp-top2gap idx=42 token=5904 gap=1.125
STEP-TRACE round=15 d=2 acc=2 tGraphBuildMs=3.112 tEvalMs=99.084 tHostReadMs=0.014 tCacheStateMs=0.178 stepMs=102.388
MTP-STEP round=15 depth=3 offered=2 accepted=2 committed=3 stepMs=102.4115
mtp-top2gap idx=43 token=11870 gap=0.75
STEP-TRACE round=16 d=2 acc=0 tGraphBuildMs=3.030 tEvalMs=99.958 tHostReadMs=0.013 tCacheStateMs=1.470 stepMs=104.471
MTP-STEP round=16 depth=3 offered=2 accepted=0 committed=1 stepMs=104.5082
mtp-top2gap idx=45 token=28043 gap=0.5
STEP-TRACE round=17 d=2 acc=1 tGraphBuildMs=3.313 tEvalMs=100.574 tHostReadMs=0.019 tCacheStateMs=1.519 stepMs=105.425
MTP-STEP round=17 depth=3 offered=2 accepted=1 committed=2 stepMs=105.4771
mtp-top2gap idx=48 token=2086 gap=0.5
STEP-TRACE round=18 d=2 acc=2 tGraphBuildMs=3.554 tEvalMs=102.570 tHostReadMs=0.022 tCacheStateMs=0.223 stepMs=106.369
MTP-STEP round=18 depth=3 offered=2 accepted=2 committed=3 stepMs=106.3969
mtp-top2gap idx=51 token=318 gap=5
STEP-TRACE round=19 d=2 acc=2 tGraphBuildMs=3.321 tEvalMs=102.764 tHostReadMs=0.015 tCacheStateMs=0.203 stepMs=106.302
MTP-STEP round=19 depth=3 offered=2 accepted=2 committed=3 stepMs=106.3267
mtp-top2gap idx=53 token=44 gap=5
STEP-TRACE round=20 d=2 acc=1 tGraphBuildMs=3.045 tEvalMs=103.922 tHostReadMs=0.013 tCacheStateMs=1.323 stepMs=108.303
MTP-STEP round=20 depth=3 offered=2 accepted=1 committed=2 stepMs=118.1885
mtp-top2gap idx=56 token=10673 gap=10.125
STEP-TRACE round=21 d=2 acc=2 tGraphBuildMs=3.342 tEvalMs=104.222 tHostReadMs=0.014 tCacheStateMs=0.204 stepMs=107.782
MTP-STEP round=21 depth=3 offered=2 accepted=2 committed=3 stepMs=107.8063
mtp-top2gap idx=59 token=6751 gap=2.125
STEP-TRACE round=22 d=2 acc=2 tGraphBuildMs=3.070 tEvalMs=104.923 tHostReadMs=0.018 tCacheStateMs=0.221 stepMs=108.233
MTP-STEP round=22 depth=3 offered=2 accepted=2 committed=3 stepMs=108.2625
mtp-top2gap idx=62 token=7289 gap=0.375
STEP-TRACE round=23 d=2 acc=2 tGraphBuildMs=3.324 tEvalMs=105.155 tHostReadMs=0.023 tCacheStateMs=0.217 stepMs=108.718
MTP-STEP round=23 depth=3 offered=2 accepted=2 committed=3 stepMs=108.7465
mtp-top2gap idx=64 token=10313 gap=1.25
STEP-TRACE round=24 d=2 acc=1 tGraphBuildMs=3.180 tEvalMs=106.057 tHostReadMs=0.015 tCacheStateMs=1.524 stepMs=110.777
MTP-STEP round=24 depth=3 offered=2 accepted=1 committed=2 stepMs=110.8260
mtp-top2gap idx=67 token=1954 gap=1.375
STEP-TRACE round=25 d=2 acc=2 tGraphBuildMs=3.490 tEvalMs=106.706 tHostReadMs=0.016 tCacheStateMs=0.202 stepMs=110.414
MTP-STEP round=25 depth=3 offered=2 accepted=2 committed=3 stepMs=110.4371
mtp-top2gap idx=69 token=45543 gap=1.25
STEP-TRACE round=26 d=2 acc=1 tGraphBuildMs=3.259 tEvalMs=106.908 tHostReadMs=0.019 tCacheStateMs=1.399 stepMs=111.586
MTP-STEP round=26 depth=3 offered=2 accepted=1 committed=2 stepMs=111.6186
mtp-top2gap idx=72 token=553 gap=1.875
STEP-TRACE round=27 d=2 acc=2 tGraphBuildMs=3.609 tEvalMs=107.310 tHostReadMs=0.018 tCacheStateMs=0.196 stepMs=111.134
MTP-STEP round=27 depth=3 offered=2 accepted=2 committed=3 stepMs=111.1625
mtp-top2gap idx=75 token=1536 gap=10.625
STEP-TRACE round=28 d=2 acc=2 tGraphBuildMs=3.164 tEvalMs=108.108 tHostReadMs=0.016 tCacheStateMs=0.192 stepMs=111.481
MTP-STEP round=28 depth=3 offered=2 accepted=2 committed=3 stepMs=111.5062
mtp-top2gap idx=78 token=198 gap=3.125
STEP-TRACE round=29 d=2 acc=2 tGraphBuildMs=3.109 tEvalMs=107.762 tHostReadMs=0.014 tCacheStateMs=0.210 stepMs=111.095
MTP-STEP round=29 depth=3 offered=2 accepted=2 committed=3 stepMs=119.8962
mtp-top2gap idx=81 token=2972 gap=9.625
STEP-TRACE round=30 d=2 acc=2 tGraphBuildMs=3.280 tEvalMs=108.440 tHostReadMs=0.016 tCacheStateMs=0.209 stepMs=111.946
MTP-STEP round=30 depth=3 offered=2 accepted=2 committed=3 stepMs=111.9700
mtp-top2gap idx=84 token=6903 gap=8.625
STEP-TRACE round=31 d=2 acc=2 tGraphBuildMs=3.234 tEvalMs=108.213 tHostReadMs=0.016 tCacheStateMs=0.180 stepMs=111.643
MTP-STEP round=31 depth=3 offered=2 accepted=2 committed=3 stepMs=111.6658
mtp-top2gap idx=86 token=63 gap=0.5
STEP-TRACE round=32 d=2 acc=1 tGraphBuildMs=3.329 tEvalMs=107.543 tHostReadMs=0.014 tCacheStateMs=1.360 stepMs=112.245
MTP-STEP round=32 depth=3 offered=2 accepted=1 committed=2 stepMs=112.2779
mtp-top2gap idx=89 token=2665 gap=11.4375
STEP-TRACE round=33 d=2 acc=2 tGraphBuildMs=3.696 tEvalMs=111.656 tHostReadMs=0.032 tCacheStateMs=0.248 stepMs=115.632
MTP-STEP round=33 depth=3 offered=2 accepted=2 committed=3 stepMs=115.6666
mtp-top2gap idx=92 token=8908 gap=8.9375
STEP-TRACE round=34 d=2 acc=2 tGraphBuildMs=3.157 tEvalMs=118.987 tHostReadMs=0.021 tCacheStateMs=0.250 stepMs=122.415
MTP-STEP round=34 depth=3 offered=2 accepted=2 committed=3 stepMs=122.4455
mtp-top2gap idx=93 token=63 gap=0
STEP-TRACE round=35 d=2 acc=0 tGraphBuildMs=3.637 tEvalMs=115.934 tHostReadMs=0.014 tCacheStateMs=1.521 stepMs=121.106
MTP-STEP round=35 depth=3 offered=2 accepted=0 committed=1 stepMs=126.0613
mtp-top2gap idx=95 token=64360 gap=1.5
STEP-TRACE round=36 d=2 acc=1 tGraphBuildMs=3.221 tEvalMs=110.820 tHostReadMs=0.018 tCacheStateMs=1.312 stepMs=115.370
MTP-STEP round=36 depth=3 offered=2 accepted=1 committed=2 stepMs=115.4158
mtp-top2gap idx=98 token=310 gap=2
STEP-TRACE round=37 d=2 acc=2 tGraphBuildMs=3.345 tEvalMs=109.782 tHostReadMs=0.012 tCacheStateMs=0.166 stepMs=113.306
MTP-STEP round=37 depth=3 offered=2 accepted=2 committed=3 stepMs=113.3266
mtp-top2gap idx=100 token=1558 gap=4.875
STEP-TRACE round=38 d=2 acc=1 tGraphBuildMs=3.037 tEvalMs=109.461 tHostReadMs=0.021 tCacheStateMs=1.223 stepMs=113.742
MTP-STEP round=38 depth=3 offered=2 accepted=1 committed=2 stepMs=113.7786
mtp-top2gap idx=103 token=279 gap=0.125
STEP-TRACE round=39 d=2 acc=2 tGraphBuildMs=3.171 tEvalMs=108.828 tHostReadMs=0.024 tCacheStateMs=0.186 stepMs=112.210
MTP-STEP round=39 depth=3 offered=2 accepted=2 committed=3 stepMs=112.2312
mtp-top2gap idx=106 token=264 gap=1.75
STEP-TRACE round=40 d=2 acc=2 tGraphBuildMs=2.981 tEvalMs=108.346 tHostReadMs=0.016 tCacheStateMs=0.180 stepMs=111.523
MTP-STEP round=40 depth=3 offered=2 accepted=2 committed=3 stepMs=111.5485
mtp-top2gap idx=109 token=11 gap=0
STEP-TRACE round=41 d=2 acc=2 tGraphBuildMs=3.000 tEvalMs=106.813 tHostReadMs=0.013 tCacheStateMs=0.171 stepMs=109.997
MTP-STEP round=41 depth=3 offered=2 accepted=2 committed=3 stepMs=110.0180
mtp-top2gap idx=110 token=466 gap=1.625
STEP-TRACE round=42 d=2 acc=0 tGraphBuildMs=2.964 tEvalMs=107.066 tHostReadMs=0.016 tCacheStateMs=1.324 stepMs=111.370
MTP-STEP round=42 depth=3 offered=2 accepted=0 committed=1 stepMs=111.4188
mtp-top2gap idx=112 token=1228 gap=0.25
STEP-TRACE round=43 d=2 acc=1 tGraphBuildMs=3.137 tEvalMs=104.818 tHostReadMs=0.032 tCacheStateMs=1.392 stepMs=109.378
MTP-STEP round=43 depth=3 offered=2 accepted=1 committed=2 stepMs=109.4131
mtp-top2gap idx=113 token=4003 gap=0.125
STEP-TRACE round=44 d=2 acc=0 tGraphBuildMs=3.361 tEvalMs=105.737 tHostReadMs=0.012 tCacheStateMs=1.331 stepMs=110.441
MTP-STEP round=44 depth=3 offered=2 accepted=0 committed=1 stepMs=110.4819
mtp-top2gap idx=115 token=1332 gap=0.875
STEP-TRACE round=45 d=2 acc=1 tGraphBuildMs=3.210 tEvalMs=104.617 tHostReadMs=0.018 tCacheStateMs=1.212 stepMs=109.056
MTP-STEP round=45 depth=3 offered=2 accepted=1 committed=2 stepMs=109.0882
mtp-top2gap idx=117 token=2144 gap=1.125
STEP-TRACE round=46 d=2 acc=1 tGraphBuildMs=3.227 tEvalMs=104.657 tHostReadMs=0.015 tCacheStateMs=1.330 stepMs=109.229
MTP-STEP round=46 depth=3 offered=2 accepted=1 committed=2 stepMs=109.2599
mtp-top2gap idx=118 token=369 gap=1
STEP-TRACE round=47 d=2 acc=0 tGraphBuildMs=3.293 tEvalMs=104.334 tHostReadMs=0.017 tCacheStateMs=1.305 stepMs=108.948
MTP-STEP round=47 depth=3 offered=2 accepted=0 committed=1 stepMs=108.9853
mtp-top2gap idx=121 token=198 gap=6.25
STEP-TRACE round=48 d=2 acc=2 tGraphBuildMs=3.234 tEvalMs=104.198 tHostReadMs=0.016 tCacheStateMs=0.200 stepMs=107.648
MTP-STEP round=48 depth=3 offered=2 accepted=2 committed=3 stepMs=107.6719
mtp-top2gap idx=124 token=2972 gap=10.5625
STEP-TRACE round=49 d=2 acc=2 tGraphBuildMs=3.097 tEvalMs=104.284 tHostReadMs=0.019 tCacheStateMs=0.201 stepMs=107.600
MTP-STEP round=49 depth=3 offered=2 accepted=2 committed=3 stepMs=107.6261
mtp-top2gap idx=127 token=16145 gap=10.5
STEP-TRACE round=50 d=2 acc=2 tGraphBuildMs=3.084 tEvalMs=104.457 tHostReadMs=0.022 tCacheStateMs=0.161 stepMs=107.724
MTP-STEP round=50 depth=3 offered=2 accepted=2 committed=3 stepMs=107.7460
mtp-top2gap idx=130 token=357 gap=2.375
STEP-TRACE round=51 d=2 acc=2 tGraphBuildMs=2.933 tEvalMs=105.092 tHostReadMs=0.020 tCacheStateMs=0.170 stepMs=108.216
MTP-STEP round=51 depth=3 offered=2 accepted=2 committed=3 stepMs=108.2400
MTP-STEP-SUMMARY rounds=51 proposed=102 accepted=79 acceptedPerStep=1.5490 avgStepMs=146.0693 decodeSeconds=7.4526 committed=128 qmvVerifyRouted=2:132,3:5187,4:96 qmvVerifyFallback=1:102,11:96,512:195,2048:768,16395:3 qmvVerifyMaterialized=0
