mtp-top2gap idx=3 token=3766 gap=1.25
STEP-TRACE round=1 d=2 acc=2 tGraphBuildMs=1373.269 tEvalMs=639.560 tHostReadMs=0.042 tCacheStateMs=0.370 stepMs=2013.242
MTP-STEP round=1 depth=3 offered=2 accepted=2 committed=3 stepMs=2013.2972
mtp-top2gap idx=5 token=66320 gap=0.875
STEP-TRACE round=2 d=2 acc=1 tGraphBuildMs=4.189 tEvalMs=94.673 tHostReadMs=0.023 tCacheStateMs=2.225 stepMs=101.110
MTP-STEP round=2 depth=3 offered=2 accepted=1 committed=2 stepMs=101.1644
mtp-top2gap idx=8 token=369 gap=2.25
STEP-TRACE round=3 d=2 acc=2 tGraphBuildMs=4.025 tEvalMs=94.818 tHostReadMs=0.018 tCacheStateMs=0.245 stepMs=99.106
MTP-STEP round=3 depth=3 offered=2 accepted=2 committed=3 stepMs=99.1405
mtp-top2gap idx=11 token=314 gap=0
STEP-TRACE round=4 d=2 acc=2 tGraphBuildMs=3.614 tEvalMs=93.960 tHostReadMs=0.026 tCacheStateMs=0.188 stepMs=97.788
MTP-STEP round=4 depth=3 offered=2 accepted=2 committed=3 stepMs=97.8140
mtp-top2gap idx=14 token=64643 gap=0.25
STEP-TRACE round=5 d=2 acc=2 tGraphBuildMs=3.059 tEvalMs=94.804 tHostReadMs=0.025 tCacheStateMs=0.191 stepMs=98.079
MTP-STEP round=5 depth=3 offered=2 accepted=2 committed=3 stepMs=98.1036
mtp-top2gap idx=17 token=2759 gap=6
STEP-TRACE round=6 d=2 acc=2 tGraphBuildMs=2.988 tEvalMs=95.110 tHostReadMs=0.027 tCacheStateMs=0.173 stepMs=98.297
MTP-STEP round=6 depth=3 offered=2 accepted=2 committed=3 stepMs=98.3228
mtp-top2gap idx=20 token=6522 gap=0.25
STEP-TRACE round=7 d=2 acc=2 tGraphBuildMs=2.974 tEvalMs=94.634 tHostReadMs=0.023 tCacheStateMs=0.158 stepMs=97.788
MTP-STEP round=7 depth=3 offered=2 accepted=2 committed=3 stepMs=97.8118
mtp-top2gap idx=21 token=579 gap=0
STEP-TRACE round=8 d=2 acc=0 tGraphBuildMs=2.955 tEvalMs=95.231 tHostReadMs=0.026 tCacheStateMs=1.609 stepMs=99.821
MTP-STEP round=8 depth=3 offered=2 accepted=0 committed=1 stepMs=99.8462
mtp-top2gap idx=24 token=321 gap=3.375
STEP-TRACE round=9 d=2 acc=2 tGraphBuildMs=3.172 tEvalMs=94.232 tHostReadMs=0.025 tCacheStateMs=0.189 stepMs=97.618
MTP-STEP round=9 depth=3 offered=2 accepted=2 committed=3 stepMs=97.6407
mtp-top2gap idx=27 token=13 gap=3.625
STEP-TRACE round=10 d=2 acc=2 tGraphBuildMs=3.044 tEvalMs=95.143 tHostReadMs=0.023 tCacheStateMs=0.168 stepMs=98.378
MTP-STEP round=10 depth=3 offered=2 accepted=2 committed=3 stepMs=98.4073
mtp-top2gap idx=30 token=220 gap=5.25
STEP-TRACE round=11 d=2 acc=2 tGraphBuildMs=2.972 tEvalMs=95.480 tHostReadMs=0.022 tCacheStateMs=0.169 stepMs=98.643
MTP-STEP round=11 depth=3 offered=2 accepted=2 committed=3 stepMs=98.6657
mtp-top2gap idx=33 token=1510 gap=1.625
STEP-TRACE round=12 d=2 acc=2 tGraphBuildMs=2.912 tEvalMs=96.613 tHostReadMs=0.014 tCacheStateMs=0.153 stepMs=99.692
MTP-STEP round=12 depth=3 offered=2 accepted=2 committed=3 stepMs=99.7157
mtp-top2gap idx=36 token=12905 gap=0.625
STEP-TRACE round=13 d=2 acc=2 tGraphBuildMs=2.866 tEvalMs=97.148 tHostReadMs=0.017 tCacheStateMs=0.186 stepMs=100.218
MTP-STEP round=13 depth=3 offered=2 accepted=2 committed=3 stepMs=100.2445
mtp-top2gap idx=39 token=1919 gap=1.625
STEP-TRACE round=14 d=2 acc=2 tGraphBuildMs=2.988 tEvalMs=97.109 tHostReadMs=0.025 tCacheStateMs=0.177 stepMs=100.299
MTP-STEP round=14 depth=3 offered=2 accepted=2 committed=3 stepMs=100.3225
mtp-top2gap idx=42 token=5904 gap=1.125
STEP-TRACE round=15 d=2 acc=2 tGraphBuildMs=3.124 tEvalMs=98.807 tHostReadMs=0.014 tCacheStateMs=0.173 stepMs=102.118
MTP-STEP round=15 depth=3 offered=2 accepted=2 committed=3 stepMs=102.1409
mtp-top2gap idx=43 token=11870 gap=0.75
STEP-TRACE round=16 d=2 acc=0 tGraphBuildMs=2.919 tEvalMs=98.652 tHostReadMs=0.023 tCacheStateMs=1.452 stepMs=103.046
MTP-STEP round=16 depth=3 offered=2 accepted=0 committed=1 stepMs=103.0890
mtp-top2gap idx=45 token=28043 gap=0.5
STEP-TRACE round=17 d=2 acc=1 tGraphBuildMs=3.206 tEvalMs=99.126 tHostReadMs=0.019 tCacheStateMs=1.473 stepMs=103.824
MTP-STEP round=17 depth=3 offered=2 accepted=1 committed=2 stepMs=103.8770
mtp-top2gap idx=48 token=2086 gap=0.5
STEP-TRACE round=18 d=2 acc=2 tGraphBuildMs=3.435 tEvalMs=101.118 tHostReadMs=0.026 tCacheStateMs=0.195 stepMs=104.774
MTP-STEP round=18 depth=3 offered=2 accepted=2 committed=3 stepMs=104.7999
mtp-top2gap idx=51 token=318 gap=5
STEP-TRACE round=19 d=2 acc=2 tGraphBuildMs=2.970 tEvalMs=101.290 tHostReadMs=0.024 tCacheStateMs=0.162 stepMs=104.446
MTP-STEP round=19 depth=3 offered=2 accepted=2 committed=3 stepMs=104.4690
mtp-top2gap idx=53 token=44 gap=5
STEP-TRACE round=20 d=2 acc=1 tGraphBuildMs=2.923 tEvalMs=102.152 tHostReadMs=0.023 tCacheStateMs=1.331 stepMs=106.429
MTP-STEP round=20 depth=3 offered=2 accepted=1 committed=2 stepMs=106.4639
mtp-top2gap idx=56 token=10673 gap=10.125
STEP-TRACE round=21 d=2 acc=2 tGraphBuildMs=3.289 tEvalMs=102.549 tHostReadMs=0.021 tCacheStateMs=0.188 stepMs=106.046
MTP-STEP round=21 depth=3 offered=2 accepted=2 committed=3 stepMs=106.0739
mtp-top2gap idx=59 token=6751 gap=2.125
STEP-TRACE round=22 d=2 acc=2 tGraphBuildMs=2.967 tEvalMs=102.950 tHostReadMs=0.013 tCacheStateMs=0.165 stepMs=106.094
MTP-STEP round=22 depth=3 offered=2 accepted=2 committed=3 stepMs=106.1165
mtp-top2gap idx=62 token=7289 gap=0.375
STEP-TRACE round=23 d=2 acc=2 tGraphBuildMs=2.925 tEvalMs=103.234 tHostReadMs=0.021 tCacheStateMs=0.143 stepMs=106.323
MTP-STEP round=23 depth=3 offered=2 accepted=2 committed=3 stepMs=106.3440
mtp-top2gap idx=64 token=10313 gap=1.25
STEP-TRACE round=24 d=2 acc=1 tGraphBuildMs=2.918 tEvalMs=104.200 tHostReadMs=0.024 tCacheStateMs=1.357 stepMs=108.499
MTP-STEP round=24 depth=3 offered=2 accepted=1 committed=2 stepMs=108.5403
mtp-top2gap idx=67 token=1954 gap=1.375
STEP-TRACE round=25 d=2 acc=2 tGraphBuildMs=3.258 tEvalMs=103.893 tHostReadMs=0.020 tCacheStateMs=0.165 stepMs=107.335
MTP-STEP round=25 depth=3 offered=2 accepted=2 committed=3 stepMs=107.3578
mtp-top2gap idx=69 token=45543 gap=1.25
STEP-TRACE round=26 d=2 acc=1 tGraphBuildMs=2.907 tEvalMs=104.836 tHostReadMs=0.018 tCacheStateMs=1.260 stepMs=109.021
MTP-STEP round=26 depth=3 offered=2 accepted=1 committed=2 stepMs=109.0524
mtp-top2gap idx=72 token=553 gap=1.875
STEP-TRACE round=27 d=2 acc=2 tGraphBuildMs=3.178 tEvalMs=104.801 tHostReadMs=0.024 tCacheStateMs=0.190 stepMs=108.193
MTP-STEP round=27 depth=3 offered=2 accepted=2 committed=3 stepMs=108.2170
mtp-top2gap idx=75 token=1536 gap=10.625
STEP-TRACE round=28 d=2 acc=2 tGraphBuildMs=2.986 tEvalMs=105.047 tHostReadMs=0.020 tCacheStateMs=0.176 stepMs=108.229
MTP-STEP round=28 depth=3 offered=2 accepted=2 committed=3 stepMs=108.2514
mtp-top2gap idx=78 token=198 gap=3.125
STEP-TRACE round=29 d=2 acc=2 tGraphBuildMs=2.873 tEvalMs=104.135 tHostReadMs=0.020 tCacheStateMs=0.218 stepMs=107.246
MTP-STEP round=29 depth=3 offered=2 accepted=2 committed=3 stepMs=107.2741
mtp-top2gap idx=81 token=2972 gap=9.625
STEP-TRACE round=30 d=2 acc=2 tGraphBuildMs=3.275 tEvalMs=109.527 tHostReadMs=0.021 tCacheStateMs=0.204 stepMs=113.026
MTP-STEP round=30 depth=3 offered=2 accepted=2 committed=3 stepMs=113.0517
mtp-top2gap idx=84 token=6903 gap=8.625
STEP-TRACE round=31 d=2 acc=2 tGraphBuildMs=3.065 tEvalMs=107.001 tHostReadMs=0.022 tCacheStateMs=0.175 stepMs=110.263
MTP-STEP round=31 depth=3 offered=2 accepted=2 committed=3 stepMs=110.2866
mtp-top2gap idx=86 token=63 gap=0.5
STEP-TRACE round=32 d=2 acc=1 tGraphBuildMs=2.921 tEvalMs=106.859 tHostReadMs=0.013 tCacheStateMs=1.331 stepMs=111.125
MTP-STEP round=32 depth=3 offered=2 accepted=1 committed=2 stepMs=111.1626
mtp-top2gap idx=89 token=2665 gap=11.4375
STEP-TRACE round=33 d=2 acc=2 tGraphBuildMs=3.219 tEvalMs=106.912 tHostReadMs=0.023 tCacheStateMs=0.155 stepMs=110.310
MTP-STEP round=33 depth=3 offered=2 accepted=2 committed=3 stepMs=110.3307
mtp-top2gap idx=92 token=8908 gap=8.9375
STEP-TRACE round=34 d=2 acc=2 tGraphBuildMs=2.946 tEvalMs=106.439 tHostReadMs=0.019 tCacheStateMs=0.174 stepMs=109.579
MTP-STEP round=34 depth=3 offered=2 accepted=2 committed=3 stepMs=109.6048
mtp-top2gap idx=93 token=63 gap=0
STEP-TRACE round=35 d=2 acc=0 tGraphBuildMs=2.958 tEvalMs=106.247 tHostReadMs=0.018 tCacheStateMs=1.469 stepMs=110.692
MTP-STEP round=35 depth=3 offered=2 accepted=0 committed=1 stepMs=110.7384
mtp-top2gap idx=95 token=64360 gap=1.5
STEP-TRACE round=36 d=2 acc=1 tGraphBuildMs=3.195 tEvalMs=105.248 tHostReadMs=0.019 tCacheStateMs=1.228 stepMs=109.690
MTP-STEP round=36 depth=3 offered=2 accepted=1 committed=2 stepMs=109.7412
mtp-top2gap idx=98 token=310 gap=2
STEP-TRACE round=37 d=2 acc=2 tGraphBuildMs=3.141 tEvalMs=104.964 tHostReadMs=0.023 tCacheStateMs=0.179 stepMs=108.307
MTP-STEP round=37 depth=3 offered=2 accepted=2 committed=3 stepMs=108.3322
mtp-top2gap idx=100 token=1558 gap=4.875
STEP-TRACE round=38 d=2 acc=1 tGraphBuildMs=2.921 tEvalMs=105.533 tHostReadMs=0.020 tCacheStateMs=1.273 stepMs=109.746
MTP-STEP round=38 depth=3 offered=2 accepted=1 committed=2 stepMs=109.7789
mtp-top2gap idx=103 token=279 gap=0.125
STEP-TRACE round=39 d=2 acc=2 tGraphBuildMs=3.200 tEvalMs=104.954 tHostReadMs=0.020 tCacheStateMs=0.189 stepMs=108.363
MTP-STEP round=39 depth=3 offered=2 accepted=2 committed=3 stepMs=108.3859
mtp-top2gap idx=106 token=264 gap=1.75
STEP-TRACE round=40 d=2 acc=2 tGraphBuildMs=2.953 tEvalMs=104.958 tHostReadMs=0.020 tCacheStateMs=0.162 stepMs=108.093
MTP-STEP round=40 depth=3 offered=2 accepted=2 committed=3 stepMs=108.1132
mtp-top2gap idx=109 token=11 gap=0
STEP-TRACE round=41 d=2 acc=2 tGraphBuildMs=2.836 tEvalMs=104.383 tHostReadMs=0.013 tCacheStateMs=0.171 stepMs=107.404
MTP-STEP round=41 depth=3 offered=2 accepted=2 committed=3 stepMs=107.4264
mtp-top2gap idx=110 token=466 gap=1.625
STEP-TRACE round=42 d=2 acc=0 tGraphBuildMs=2.922 tEvalMs=104.223 tHostReadMs=0.024 tCacheStateMs=1.755 stepMs=108.924
MTP-STEP round=42 depth=3 offered=2 accepted=0 committed=1 stepMs=108.9895
mtp-top2gap idx=112 token=1228 gap=0.25
STEP-TRACE round=43 d=2 acc=1 tGraphBuildMs=3.869 tEvalMs=108.604 tHostReadMs=0.025 tCacheStateMs=1.320 stepMs=113.819
MTP-STEP round=43 depth=3 offered=2 accepted=1 committed=2 stepMs=113.8551
mtp-top2gap idx=113 token=4003 gap=0.125
STEP-TRACE round=44 d=2 acc=0 tGraphBuildMs=3.316 tEvalMs=106.095 tHostReadMs=0.021 tCacheStateMs=1.374 stepMs=110.805
MTP-STEP round=44 depth=3 offered=2 accepted=0 committed=1 stepMs=110.8605
mtp-top2gap idx=115 token=1332 gap=0.875
STEP-TRACE round=45 d=2 acc=1 tGraphBuildMs=3.193 tEvalMs=105.118 tHostReadMs=0.023 tCacheStateMs=1.259 stepMs=109.592
MTP-STEP round=45 depth=3 offered=2 accepted=1 committed=2 stepMs=109.6258
mtp-top2gap idx=117 token=2144 gap=1.125
STEP-TRACE round=46 d=2 acc=1 tGraphBuildMs=3.219 tEvalMs=105.429 tHostReadMs=0.014 tCacheStateMs=1.206 stepMs=109.868
MTP-STEP round=46 depth=3 offered=2 accepted=1 committed=2 stepMs=109.9040
mtp-top2gap idx=118 token=369 gap=1
STEP-TRACE round=47 d=2 acc=0 tGraphBuildMs=3.204 tEvalMs=104.621 tHostReadMs=0.025 tCacheStateMs=1.321 stepMs=109.171
MTP-STEP round=47 depth=3 offered=2 accepted=0 committed=1 stepMs=109.2222
mtp-top2gap idx=121 token=198 gap=6.25
STEP-TRACE round=48 d=2 acc=2 tGraphBuildMs=3.257 tEvalMs=102.927 tHostReadMs=0.017 tCacheStateMs=0.204 stepMs=106.404
MTP-STEP round=48 depth=3 offered=2 accepted=2 committed=3 stepMs=106.4293
mtp-top2gap idx=124 token=2972 gap=10.5625
STEP-TRACE round=49 d=2 acc=2 tGraphBuildMs=3.043 tEvalMs=105.638 tHostReadMs=0.024 tCacheStateMs=0.206 stepMs=108.912
MTP-STEP round=49 depth=3 offered=2 accepted=2 committed=3 stepMs=108.9378
mtp-top2gap idx=127 token=16145 gap=10.5
STEP-TRACE round=50 d=2 acc=2 tGraphBuildMs=3.009 tEvalMs=104.469 tHostReadMs=0.014 tCacheStateMs=0.175 stepMs=107.667
MTP-STEP round=50 depth=3 offered=2 accepted=2 committed=3 stepMs=107.6886
mtp-top2gap idx=130 token=357 gap=2.375
STEP-TRACE round=51 d=2 acc=2 tGraphBuildMs=2.929 tEvalMs=104.745 tHostReadMs=0.016 tCacheStateMs=0.165 stepMs=107.854
MTP-STEP round=51 depth=3 offered=2 accepted=2 committed=3 stepMs=107.8785
MTP-STEP-SUMMARY rounds=51 proposed=102 accepted=79 acceptedPerStep=1.5490 avgStepMs=143.1943 decodeSeconds=7.3229 committed=128 qmvVerifyRouted=2:132,3:5187,4:96 qmvVerifyFallback=1:102,11:96,512:195,2048:768,16395:3 qmvVerifyMaterialized=0
