mtp-top2gap idx=3 token=3766 gap=1.5
STEP-TRACE round=1 d=2 acc=2 tGraphBuildMs=7522.489 tEvalMs=5385.829 tHostReadMs=0.057 tCacheStateMs=0.354 stepMs=12908.729
MTP-STEP round=1 depth=3 offered=2 accepted=2 committed=3 stepMs=12909.2220
mtp-top2gap idx=5 token=66320 gap=0.25
STEP-TRACE round=2 d=2 acc=1 tGraphBuildMs=3.160 tEvalMs=130.870 tHostReadMs=0.022 tCacheStateMs=1.849 stepMs=135.901
MTP-STEP round=2 depth=3 offered=2 accepted=1 committed=2 stepMs=135.9364
mtp-top2gap idx=8 token=369 gap=2.625
STEP-TRACE round=3 d=2 acc=2 tGraphBuildMs=3.514 tEvalMs=95.664 tHostReadMs=0.030 tCacheStateMs=0.197 stepMs=99.406
MTP-STEP round=3 depth=3 offered=2 accepted=2 committed=3 stepMs=99.4314
mtp-top2gap idx=11 token=314 gap=0.75
STEP-TRACE round=4 d=2 acc=2 tGraphBuildMs=3.071 tEvalMs=97.142 tHostReadMs=0.026 tCacheStateMs=0.188 stepMs=100.426
MTP-STEP round=4 depth=3 offered=2 accepted=2 committed=3 stepMs=100.4485
mtp-top2gap idx=14 token=64643 gap=1.75
STEP-TRACE round=5 d=2 acc=2 tGraphBuildMs=3.041 tEvalMs=97.478 tHostReadMs=0.018 tCacheStateMs=0.153 stepMs=100.689
MTP-STEP round=5 depth=3 offered=2 accepted=2 committed=3 stepMs=100.7120
mtp-top2gap idx=17 token=2759 gap=6.5
STEP-TRACE round=6 d=2 acc=2 tGraphBuildMs=2.986 tEvalMs=97.620 tHostReadMs=0.023 tCacheStateMs=0.151 stepMs=100.780
MTP-STEP round=6 depth=3 offered=2 accepted=2 committed=3 stepMs=100.8003
mtp-top2gap idx=20 token=6522 gap=0.625
STEP-TRACE round=7 d=2 acc=2 tGraphBuildMs=2.931 tEvalMs=98.359 tHostReadMs=0.022 tCacheStateMs=0.237 stepMs=101.550
MTP-STEP round=7 depth=3 offered=2 accepted=2 committed=3 stepMs=101.5789
mtp-top2gap idx=23 token=11352 gap=0.5
STEP-TRACE round=8 d=2 acc=2 tGraphBuildMs=3.250 tEvalMs=96.689 tHostReadMs=0.025 tCacheStateMs=0.179 stepMs=100.143
MTP-STEP round=8 depth=3 offered=2 accepted=2 committed=3 stepMs=100.1686
mtp-top2gap idx=26 token=279 gap=2.75
STEP-TRACE round=9 d=2 acc=2 tGraphBuildMs=3.137 tEvalMs=96.417 tHostReadMs=0.015 tCacheStateMs=0.174 stepMs=99.742
MTP-STEP round=9 depth=3 offered=2 accepted=2 committed=3 stepMs=99.7660
mtp-top2gap idx=29 token=321 gap=0.125
STEP-TRACE round=10 d=2 acc=2 tGraphBuildMs=3.035 tEvalMs=97.150 tHostReadMs=0.022 tCacheStateMs=0.174 stepMs=100.380
MTP-STEP round=10 depth=3 offered=2 accepted=2 committed=3 stepMs=100.4028
mtp-top2gap idx=30 token=17066 gap=0.875
STEP-TRACE round=11 d=2 acc=0 tGraphBuildMs=3.030 tEvalMs=97.827 tHostReadMs=0.022 tCacheStateMs=1.550 stepMs=102.429
MTP-STEP round=11 depth=3 offered=2 accepted=0 committed=1 stepMs=102.4654
mtp-top2gap idx=32 token=28459 gap=0
STEP-TRACE round=12 d=2 acc=1 tGraphBuildMs=3.140 tEvalMs=95.412 tHostReadMs=0.023 tCacheStateMs=1.227 stepMs=99.802
MTP-STEP round=12 depth=3 offered=2 accepted=1 committed=2 stepMs=99.8350
mtp-top2gap idx=35 token=13962 gap=4.875
STEP-TRACE round=13 d=2 acc=2 tGraphBuildMs=2.965 tEvalMs=96.563 tHostReadMs=0.023 tCacheStateMs=0.177 stepMs=99.728
MTP-STEP round=13 depth=3 offered=2 accepted=2 committed=3 stepMs=99.7517
mtp-top2gap idx=38 token=13 gap=12.3125
STEP-TRACE round=14 d=2 acc=2 tGraphBuildMs=2.889 tEvalMs=96.641 tHostReadMs=0.023 tCacheStateMs=0.172 stepMs=99.725
MTP-STEP round=14 depth=3 offered=2 accepted=2 committed=3 stepMs=99.7497
mtp-top2gap idx=41 token=27501 gap=10.75
STEP-TRACE round=15 d=2 acc=2 tGraphBuildMs=2.852 tEvalMs=97.300 tHostReadMs=0.026 tCacheStateMs=0.178 stepMs=100.356
MTP-STEP round=15 depth=3 offered=2 accepted=2 committed=3 stepMs=100.3787
mtp-top2gap idx=43 token=11300 gap=0.375
STEP-TRACE round=16 d=2 acc=1 tGraphBuildMs=2.934 tEvalMs=96.995 tHostReadMs=0.023 tCacheStateMs=1.192 stepMs=101.144
MTP-STEP round=16 depth=3 offered=2 accepted=1 committed=2 stepMs=101.1760
mtp-top2gap idx=46 token=6522 gap=2.375
STEP-TRACE round=17 d=2 acc=2 tGraphBuildMs=3.148 tEvalMs=96.726 tHostReadMs=0.011 tCacheStateMs=0.170 stepMs=100.056
MTP-STEP round=17 depth=3 offered=2 accepted=2 committed=3 stepMs=100.0781
mtp-top2gap idx=49 token=11870 gap=3.625
STEP-TRACE round=18 d=2 acc=2 tGraphBuildMs=3.091 tEvalMs=97.776 tHostReadMs=0.021 tCacheStateMs=0.170 stepMs=101.059
MTP-STEP round=18 depth=3 offered=2 accepted=2 committed=3 stepMs=101.0801
mtp-top2gap idx=51 token=28043 gap=1.625
STEP-TRACE round=19 d=2 acc=1 tGraphBuildMs=2.897 tEvalMs=96.951 tHostReadMs=0.022 tCacheStateMs=1.294 stepMs=101.164
MTP-STEP round=19 depth=3 offered=2 accepted=1 committed=2 stepMs=101.2119
mtp-top2gap idx=53 token=16243 gap=1.5
STEP-TRACE round=20 d=2 acc=1 tGraphBuildMs=2.958 tEvalMs=96.263 tHostReadMs=0.018 tCacheStateMs=1.276 stepMs=100.515
MTP-STEP round=20 depth=3 offered=2 accepted=1 committed=2 stepMs=100.5540
mtp-top2gap idx=54 token=1040 gap=0.875
STEP-TRACE round=21 d=2 acc=0 tGraphBuildMs=2.984 tEvalMs=96.907 tHostReadMs=0.021 tCacheStateMs=1.397 stepMs=101.310
MTP-STEP round=21 depth=3 offered=2 accepted=0 committed=1 stepMs=101.3513
mtp-top2gap idx=57 token=11 gap=3.25
STEP-TRACE round=22 d=2 acc=2 tGraphBuildMs=2.965 tEvalMs=96.063 tHostReadMs=0.024 tCacheStateMs=0.196 stepMs=99.248
MTP-STEP round=22 depth=3 offered=2 accepted=2 committed=3 stepMs=99.2761
mtp-top2gap idx=58 token=44424 gap=0.25
STEP-TRACE round=23 d=2 acc=0 tGraphBuildMs=3.159 tEvalMs=97.250 tHostReadMs=0.021 tCacheStateMs=1.339 stepMs=101.768
MTP-STEP round=23 depth=3 offered=2 accepted=0 committed=1 stepMs=101.8086
mtp-top2gap idx=59 token=4478 gap=0.375
STEP-TRACE round=24 d=2 acc=0 tGraphBuildMs=3.146 tEvalMs=96.052 tHostReadMs=0.014 tCacheStateMs=1.331 stepMs=100.543
MTP-STEP round=24 depth=3 offered=2 accepted=0 committed=1 stepMs=100.5843
mtp-top2gap idx=62 token=4003 gap=4.5
STEP-TRACE round=25 d=2 acc=2 tGraphBuildMs=3.252 tEvalMs=96.567 tHostReadMs=0.022 tCacheStateMs=0.208 stepMs=100.049
MTP-STEP round=25 depth=3 offered=2 accepted=2 committed=3 stepMs=100.0743
mtp-top2gap idx=65 token=1049 gap=1.125
STEP-TRACE round=26 d=2 acc=2 tGraphBuildMs=2.962 tEvalMs=96.920 tHostReadMs=0.019 tCacheStateMs=1.148 stepMs=101.050
MTP-STEP round=26 depth=3 offered=2 accepted=2 committed=3 stepMs=101.1192
mtp-top2gap idx=68 token=310 gap=2.625
STEP-TRACE round=27 d=2 acc=2 tGraphBuildMs=2.873 tEvalMs=97.157 tHostReadMs=0.016 tCacheStateMs=0.185 stepMs=100.231
MTP-STEP round=27 depth=3 offered=2 accepted=2 committed=3 stepMs=100.2532
mtp-top2gap idx=70 token=39328 gap=2
STEP-TRACE round=28 d=2 acc=1 tGraphBuildMs=2.908 tEvalMs=97.914 tHostReadMs=0.019 tCacheStateMs=1.231 stepMs=102.072
MTP-STEP round=28 depth=3 offered=2 accepted=1 committed=2 stepMs=102.1086
mtp-top2gap idx=71 token=440 gap=0
STEP-TRACE round=29 d=2 acc=0 tGraphBuildMs=3.170 tEvalMs=97.033 tHostReadMs=0.017 tCacheStateMs=1.341 stepMs=101.561
MTP-STEP round=29 depth=3 offered=2 accepted=0 committed=1 stepMs=101.6002
mtp-top2gap idx=73 token=1510 gap=4.125
STEP-TRACE round=30 d=2 acc=1 tGraphBuildMs=3.121 tEvalMs=95.900 tHostReadMs=0.020 tCacheStateMs=1.155 stepMs=100.197
MTP-STEP round=30 depth=3 offered=2 accepted=1 committed=2 stepMs=100.2358
mtp-top2gap idx=76 token=321 gap=9.25
STEP-TRACE round=31 d=2 acc=2 tGraphBuildMs=3.308 tEvalMs=97.386 tHostReadMs=0.021 tCacheStateMs=0.243 stepMs=100.958
MTP-STEP round=31 depth=3 offered=2 accepted=2 committed=3 stepMs=100.9882
mtp-top2gap idx=79 token=8908 gap=6.375
STEP-TRACE round=32 d=2 acc=2 tGraphBuildMs=3.233 tEvalMs=98.507 tHostReadMs=0.021 tCacheStateMs=0.201 stepMs=101.961
MTP-STEP round=32 depth=3 offered=2 accepted=2 committed=3 stepMs=101.9890
mtp-top2gap idx=82 token=539 gap=2.125
STEP-TRACE round=33 d=2 acc=2 tGraphBuildMs=3.168 tEvalMs=101.122 tHostReadMs=0.022 tCacheStateMs=0.226 stepMs=104.539
MTP-STEP round=33 depth=3 offered=2 accepted=2 committed=3 stepMs=104.5709
mtp-top2gap idx=85 token=13 gap=7.8125
STEP-TRACE round=34 d=2 acc=2 tGraphBuildMs=3.522 tEvalMs=97.391 tHostReadMs=0.021 tCacheStateMs=0.215 stepMs=101.149
MTP-STEP round=34 depth=3 offered=2 accepted=2 committed=3 stepMs=101.1786
mtp-top2gap idx=88 token=1536 gap=10.875
STEP-TRACE round=35 d=2 acc=2 tGraphBuildMs=3.060 tEvalMs=97.883 tHostReadMs=0.025 tCacheStateMs=0.206 stepMs=101.174
MTP-STEP round=35 depth=3 offered=2 accepted=2 committed=3 stepMs=101.2025
mtp-top2gap idx=91 token=198 gap=2
STEP-TRACE round=36 d=2 acc=2 tGraphBuildMs=3.104 tEvalMs=97.104 tHostReadMs=0.022 tCacheStateMs=0.193 stepMs=100.423
MTP-STEP round=36 depth=3 offered=2 accepted=2 committed=3 stepMs=100.4624
mtp-top2gap idx=94 token=2972 gap=10.375
STEP-TRACE round=37 d=2 acc=2 tGraphBuildMs=3.042 tEvalMs=98.097 tHostReadMs=0.019 tCacheStateMs=0.207 stepMs=101.365
MTP-STEP round=37 depth=3 offered=2 accepted=2 committed=3 stepMs=101.3912
mtp-top2gap idx=97 token=6903 gap=8.875
STEP-TRACE round=38 d=2 acc=2 tGraphBuildMs=2.949 tEvalMs=98.906 tHostReadMs=0.028 tCacheStateMs=0.208 stepMs=102.091
MTP-STEP round=38 depth=3 offered=2 accepted=2 committed=3 stepMs=102.1222
mtp-top2gap idx=99 token=63 gap=0
STEP-TRACE round=39 d=2 acc=1 tGraphBuildMs=3.040 tEvalMs=97.682 tHostReadMs=0.025 tCacheStateMs=1.306 stepMs=102.053
MTP-STEP round=39 depth=3 offered=2 accepted=1 committed=2 stepMs=102.0924
mtp-top2gap idx=102 token=2665 gap=12.0625
STEP-TRACE round=40 d=2 acc=2 tGraphBuildMs=3.184 tEvalMs=96.837 tHostReadMs=0.022 tCacheStateMs=0.201 stepMs=100.245
MTP-STEP round=40 depth=3 offered=2 accepted=2 committed=3 stepMs=100.2722
mtp-top2gap idx=105 token=8908 gap=8.8125
STEP-TRACE round=41 d=2 acc=2 tGraphBuildMs=2.945 tEvalMs=97.726 tHostReadMs=0.023 tCacheStateMs=0.213 stepMs=100.907
MTP-STEP round=41 depth=3 offered=2 accepted=2 committed=3 stepMs=100.9349
mtp-top2gap idx=106 token=63 gap=0.875
STEP-TRACE round=42 d=2 acc=0 tGraphBuildMs=2.996 tEvalMs=99.052 tHostReadMs=0.022 tCacheStateMs=1.408 stepMs=103.478
MTP-STEP round=42 depth=3 offered=2 accepted=0 committed=1 stepMs=103.5242
mtp-top2gap idx=108 token=64360 gap=2.375
STEP-TRACE round=43 d=2 acc=1 tGraphBuildMs=3.258 tEvalMs=96.348 tHostReadMs=0.021 tCacheStateMs=1.318 stepMs=100.944
MTP-STEP round=43 depth=3 offered=2 accepted=1 committed=2 stepMs=100.9826
mtp-top2gap idx=111 token=310 gap=0.375
STEP-TRACE round=44 d=2 acc=2 tGraphBuildMs=3.597 tEvalMs=99.254 tHostReadMs=0.020 tCacheStateMs=0.201 stepMs=103.072
MTP-STEP round=44 depth=3 offered=2 accepted=2 committed=3 stepMs=103.0987
mtp-top2gap idx=113 token=1558 gap=4.75
STEP-TRACE round=45 d=2 acc=1 tGraphBuildMs=3.077 tEvalMs=97.847 tHostReadMs=0.015 tCacheStateMs=1.290 stepMs=102.230
MTP-STEP round=45 depth=3 offered=2 accepted=1 committed=2 stepMs=102.2658
mtp-top2gap idx=116 token=21998 gap=0.125
STEP-TRACE round=46 d=2 acc=2 tGraphBuildMs=3.329 tEvalMs=96.832 tHostReadMs=0.019 tCacheStateMs=0.205 stepMs=100.384
MTP-STEP round=46 depth=3 offered=2 accepted=2 committed=3 stepMs=100.4113
mtp-top2gap idx=119 token=44424 gap=8.5
STEP-TRACE round=47 d=2 acc=2 tGraphBuildMs=2.963 tEvalMs=97.258 tHostReadMs=0.018 tCacheStateMs=0.197 stepMs=100.436
MTP-STEP round=47 depth=3 offered=2 accepted=2 committed=3 stepMs=100.4601
mtp-top2gap idx=120 token=11 gap=0.375
STEP-TRACE round=48 d=2 acc=0 tGraphBuildMs=3.037 tEvalMs=97.175 tHostReadMs=0.022 tCacheStateMs=1.329 stepMs=101.562
MTP-STEP round=48 depth=3 offered=2 accepted=0 committed=1 stepMs=101.6063
mtp-top2gap idx=121 token=5222 gap=0.375
STEP-TRACE round=49 d=2 acc=0 tGraphBuildMs=3.136 tEvalMs=96.609 tHostReadMs=0.016 tCacheStateMs=1.327 stepMs=101.088
MTP-STEP round=49 depth=3 offered=2 accepted=0 committed=1 stepMs=101.1261
mtp-top2gap idx=123 token=12720 gap=0
STEP-TRACE round=50 d=2 acc=1 tGraphBuildMs=3.111 tEvalMs=96.316 tHostReadMs=0.019 tCacheStateMs=1.252 stepMs=100.698
MTP-STEP round=50 depth=3 offered=2 accepted=1 committed=2 stepMs=100.7340
mtp-top2gap idx=125 token=4528 gap=0.125
STEP-TRACE round=51 d=2 acc=1 tGraphBuildMs=3.105 tEvalMs=96.872 tHostReadMs=0.021 tCacheStateMs=1.292 stepMs=101.289
MTP-STEP round=51 depth=3 offered=2 accepted=1 committed=2 stepMs=101.3230
mtp-top2gap idx=126 token=8019 gap=0
STEP-TRACE round=52 d=2 acc=0 tGraphBuildMs=3.182 tEvalMs=97.040 tHostReadMs=0.024 tCacheStateMs=1.418 stepMs=101.664
MTP-STEP round=52 depth=3 offered=2 accepted=0 committed=1 stepMs=101.7119
mtp-top2gap idx=129 token=198 gap=8.9375
STEP-TRACE round=53 d=2 acc=2 tGraphBuildMs=3.037 tEvalMs=97.204 tHostReadMs=0.017 tCacheStateMs=0.201 stepMs=100.458
MTP-STEP round=53 depth=3 offered=2 accepted=2 committed=3 stepMs=100.4826
MTP-STEP-SUMMARY rounds=53 proposed=106 accepted=76 acceptedPerStep=1.4340 avgStepMs=343.3602 decodeSeconds=18.2560 committed=128 qmvVerifyRouted=2:135,3:5373,4:96 qmvVerifyFallback=1:102,12:96,512:195,2048:1536,32780:3 qmvVerifyMaterialized=0
