mtp-top2gap idx=3 token=3766 gap=1.5
STEP-TRACE round=1 d=2 acc=2 tGraphBuildMs=8150.282 tEvalMs=5708.266 tHostReadMs=0.059 tCacheStateMs=0.332 stepMs=13858.938
MTP-STEP round=1 depth=3 offered=2 accepted=2 committed=3 stepMs=13858.9918
mtp-top2gap idx=5 token=66320 gap=0.25
STEP-TRACE round=2 d=2 acc=1 tGraphBuildMs=3.143 tEvalMs=146.819 tHostReadMs=0.022 tCacheStateMs=1.621 stepMs=151.606
MTP-STEP round=2 depth=3 offered=2 accepted=1 committed=2 stepMs=151.6512
mtp-top2gap idx=8 token=369 gap=2.625
STEP-TRACE round=3 d=2 acc=2 tGraphBuildMs=3.421 tEvalMs=98.716 tHostReadMs=0.023 tCacheStateMs=0.230 stepMs=102.390
MTP-STEP round=3 depth=3 offered=2 accepted=2 committed=3 stepMs=102.4202
mtp-top2gap idx=11 token=314 gap=0.75
STEP-TRACE round=4 d=2 acc=2 tGraphBuildMs=3.729 tEvalMs=97.575 tHostReadMs=0.022 tCacheStateMs=0.191 stepMs=101.518
MTP-STEP round=4 depth=3 offered=2 accepted=2 committed=3 stepMs=101.5443
mtp-top2gap idx=14 token=64643 gap=1.75
STEP-TRACE round=5 d=2 acc=2 tGraphBuildMs=3.013 tEvalMs=98.254 tHostReadMs=0.022 tCacheStateMs=0.216 stepMs=101.505
MTP-STEP round=5 depth=3 offered=2 accepted=2 committed=3 stepMs=101.5311
mtp-top2gap idx=17 token=2759 gap=6.5
STEP-TRACE round=6 d=2 acc=2 tGraphBuildMs=3.281 tEvalMs=97.028 tHostReadMs=0.025 tCacheStateMs=0.224 stepMs=100.558
MTP-STEP round=6 depth=3 offered=2 accepted=2 committed=3 stepMs=100.5855
mtp-top2gap idx=20 token=6522 gap=0.625
STEP-TRACE round=7 d=2 acc=2 tGraphBuildMs=3.054 tEvalMs=97.690 tHostReadMs=0.025 tCacheStateMs=0.203 stepMs=100.971
MTP-STEP round=7 depth=3 offered=2 accepted=2 committed=3 stepMs=100.9958
mtp-top2gap idx=23 token=11352 gap=0.5
STEP-TRACE round=8 d=2 acc=2 tGraphBuildMs=2.948 tEvalMs=98.172 tHostReadMs=0.024 tCacheStateMs=0.185 stepMs=101.329
MTP-STEP round=8 depth=3 offered=2 accepted=2 committed=3 stepMs=101.3523
mtp-top2gap idx=26 token=279 gap=2.75
STEP-TRACE round=9 d=2 acc=2 tGraphBuildMs=3.002 tEvalMs=97.816 tHostReadMs=0.021 tCacheStateMs=0.202 stepMs=101.042
MTP-STEP round=9 depth=3 offered=2 accepted=2 committed=3 stepMs=101.0653
mtp-top2gap idx=29 token=321 gap=0.125
STEP-TRACE round=10 d=2 acc=2 tGraphBuildMs=2.910 tEvalMs=99.002 tHostReadMs=0.038 tCacheStateMs=0.407 stepMs=102.358
MTP-STEP round=10 depth=3 offered=2 accepted=2 committed=3 stepMs=102.3975
mtp-top2gap idx=30 token=17066 gap=0.875
STEP-TRACE round=11 d=2 acc=0 tGraphBuildMs=2.935 tEvalMs=98.034 tHostReadMs=0.015 tCacheStateMs=1.556 stepMs=102.541
MTP-STEP round=11 depth=3 offered=2 accepted=0 committed=1 stepMs=102.5648
mtp-top2gap idx=32 token=28459 gap=0
STEP-TRACE round=12 d=2 acc=1 tGraphBuildMs=3.072 tEvalMs=96.809 tHostReadMs=0.022 tCacheStateMs=3.722 stepMs=103.625
MTP-STEP round=12 depth=3 offered=2 accepted=1 committed=2 stepMs=103.6587
mtp-top2gap idx=35 token=13962 gap=4.875
STEP-TRACE round=13 d=2 acc=2 tGraphBuildMs=3.244 tEvalMs=96.561 tHostReadMs=0.020 tCacheStateMs=0.215 stepMs=100.041
MTP-STEP round=13 depth=3 offered=2 accepted=2 committed=3 stepMs=100.0662
mtp-top2gap idx=38 token=13 gap=12.3125
STEP-TRACE round=14 d=2 acc=2 tGraphBuildMs=2.969 tEvalMs=100.549 tHostReadMs=0.018 tCacheStateMs=0.216 stepMs=103.752
MTP-STEP round=14 depth=3 offered=2 accepted=2 committed=3 stepMs=103.7765
mtp-top2gap idx=41 token=27501 gap=10.75
STEP-TRACE round=15 d=2 acc=2 tGraphBuildMs=2.912 tEvalMs=99.184 tHostReadMs=0.024 tCacheStateMs=0.216 stepMs=102.337
MTP-STEP round=15 depth=3 offered=2 accepted=2 committed=3 stepMs=102.3636
mtp-top2gap idx=43 token=11300 gap=0.375
STEP-TRACE round=16 d=2 acc=1 tGraphBuildMs=3.048 tEvalMs=99.473 tHostReadMs=0.017 tCacheStateMs=1.303 stepMs=103.840
MTP-STEP round=16 depth=3 offered=2 accepted=1 committed=2 stepMs=103.8742
mtp-top2gap idx=46 token=6522 gap=2.375
STEP-TRACE round=17 d=2 acc=2 tGraphBuildMs=2.956 tEvalMs=99.202 tHostReadMs=0.022 tCacheStateMs=0.195 stepMs=102.375
MTP-STEP round=17 depth=3 offered=2 accepted=2 committed=3 stepMs=102.3989
mtp-top2gap idx=49 token=11870 gap=3.625
STEP-TRACE round=18 d=2 acc=2 tGraphBuildMs=2.988 tEvalMs=99.775 tHostReadMs=0.020 tCacheStateMs=0.202 stepMs=102.986
MTP-STEP round=18 depth=3 offered=2 accepted=2 committed=3 stepMs=103.0170
mtp-top2gap idx=51 token=28043 gap=1.625
STEP-TRACE round=19 d=2 acc=1 tGraphBuildMs=2.977 tEvalMs=99.137 tHostReadMs=0.024 tCacheStateMs=1.287 stepMs=103.424
MTP-STEP round=19 depth=3 offered=2 accepted=1 committed=2 stepMs=103.4650
mtp-top2gap idx=53 token=16243 gap=1.5
STEP-TRACE round=20 d=2 acc=1 tGraphBuildMs=2.966 tEvalMs=99.709 tHostReadMs=0.018 tCacheStateMs=1.229 stepMs=103.922
MTP-STEP round=20 depth=3 offered=2 accepted=1 committed=2 stepMs=103.9555
mtp-top2gap idx=54 token=1040 gap=0.875
STEP-TRACE round=21 d=2 acc=0 tGraphBuildMs=3.066 tEvalMs=96.599 tHostReadMs=0.017 tCacheStateMs=1.445 stepMs=101.128
MTP-STEP round=21 depth=3 offered=2 accepted=0 committed=1 stepMs=101.1724
mtp-top2gap idx=57 token=11 gap=3.25
STEP-TRACE round=22 d=2 acc=2 tGraphBuildMs=2.968 tEvalMs=96.800 tHostReadMs=0.020 tCacheStateMs=0.210 stepMs=99.999
MTP-STEP round=22 depth=3 offered=2 accepted=2 committed=3 stepMs=100.0252
mtp-top2gap idx=58 token=44424 gap=0.25
STEP-TRACE round=23 d=2 acc=0 tGraphBuildMs=2.963 tEvalMs=97.656 tHostReadMs=0.023 tCacheStateMs=1.324 stepMs=101.967
MTP-STEP round=23 depth=3 offered=2 accepted=0 committed=1 stepMs=102.0059
mtp-top2gap idx=59 token=4478 gap=0.375
STEP-TRACE round=24 d=2 acc=0 tGraphBuildMs=3.141 tEvalMs=99.200 tHostReadMs=0.017 tCacheStateMs=1.391 stepMs=103.749
MTP-STEP round=24 depth=3 offered=2 accepted=0 committed=1 stepMs=103.7898
mtp-top2gap idx=62 token=4003 gap=4.5
STEP-TRACE round=25 d=2 acc=2 tGraphBuildMs=3.117 tEvalMs=96.225 tHostReadMs=0.021 tCacheStateMs=0.185 stepMs=99.549
MTP-STEP round=25 depth=3 offered=2 accepted=2 committed=3 stepMs=99.5685
mtp-top2gap idx=65 token=1049 gap=1.125
STEP-TRACE round=26 d=2 acc=2 tGraphBuildMs=3.041 tEvalMs=97.736 tHostReadMs=0.024 tCacheStateMs=0.200 stepMs=101.001
MTP-STEP round=26 depth=3 offered=2 accepted=2 committed=3 stepMs=101.0239
mtp-top2gap idx=68 token=310 gap=2.625
STEP-TRACE round=27 d=2 acc=2 tGraphBuildMs=2.925 tEvalMs=97.962 tHostReadMs=0.018 tCacheStateMs=0.203 stepMs=101.108
MTP-STEP round=27 depth=3 offered=2 accepted=2 committed=3 stepMs=101.1346
mtp-top2gap idx=70 token=39328 gap=2
STEP-TRACE round=28 d=2 acc=1 tGraphBuildMs=3.040 tEvalMs=97.839 tHostReadMs=0.023 tCacheStateMs=1.268 stepMs=102.170
MTP-STEP round=28 depth=3 offered=2 accepted=1 committed=2 stepMs=102.2025
mtp-top2gap idx=71 token=440 gap=0
STEP-TRACE round=29 d=2 acc=0 tGraphBuildMs=3.201 tEvalMs=97.013 tHostReadMs=0.020 tCacheStateMs=1.334 stepMs=101.568
MTP-STEP round=29 depth=3 offered=2 accepted=0 committed=1 stepMs=101.6123
mtp-top2gap idx=73 token=1510 gap=4.125
STEP-TRACE round=30 d=2 acc=1 tGraphBuildMs=3.137 tEvalMs=96.542 tHostReadMs=0.017 tCacheStateMs=1.243 stepMs=100.940
MTP-STEP round=30 depth=3 offered=2 accepted=1 committed=2 stepMs=100.9701
mtp-top2gap idx=76 token=321 gap=9.25
STEP-TRACE round=31 d=2 acc=2 tGraphBuildMs=3.024 tEvalMs=97.018 tHostReadMs=0.019 tCacheStateMs=0.190 stepMs=100.252
MTP-STEP round=31 depth=3 offered=2 accepted=2 committed=3 stepMs=100.2731
mtp-top2gap idx=79 token=8908 gap=6.375
STEP-TRACE round=32 d=2 acc=2 tGraphBuildMs=3.040 tEvalMs=99.280 tHostReadMs=0.017 tCacheStateMs=0.190 stepMs=102.527
MTP-STEP round=32 depth=3 offered=2 accepted=2 committed=3 stepMs=102.5507
mtp-top2gap idx=82 token=539 gap=2.125
STEP-TRACE round=33 d=2 acc=2 tGraphBuildMs=2.950 tEvalMs=99.219 tHostReadMs=0.021 tCacheStateMs=0.193 stepMs=102.383
MTP-STEP round=33 depth=3 offered=2 accepted=2 committed=3 stepMs=102.4044
mtp-top2gap idx=85 token=13 gap=7.8125
STEP-TRACE round=34 d=2 acc=2 tGraphBuildMs=2.960 tEvalMs=98.932 tHostReadMs=0.022 tCacheStateMs=0.203 stepMs=102.117
MTP-STEP round=34 depth=3 offered=2 accepted=2 committed=3 stepMs=102.1383
mtp-top2gap idx=88 token=1536 gap=10.875
STEP-TRACE round=35 d=2 acc=2 tGraphBuildMs=3.018 tEvalMs=97.835 tHostReadMs=0.020 tCacheStateMs=0.178 stepMs=101.051
MTP-STEP round=35 depth=3 offered=2 accepted=2 committed=3 stepMs=101.0717
mtp-top2gap idx=91 token=198 gap=2
STEP-TRACE round=36 d=2 acc=2 tGraphBuildMs=2.898 tEvalMs=97.375 tHostReadMs=0.015 tCacheStateMs=0.187 stepMs=100.475
MTP-STEP round=36 depth=3 offered=2 accepted=2 committed=3 stepMs=100.5043
mtp-top2gap idx=94 token=2972 gap=10.375
STEP-TRACE round=37 d=2 acc=2 tGraphBuildMs=2.897 tEvalMs=98.857 tHostReadMs=0.016 tCacheStateMs=0.190 stepMs=101.960
MTP-STEP round=37 depth=3 offered=2 accepted=2 committed=3 stepMs=101.9794
mtp-top2gap idx=97 token=6903 gap=8.875
STEP-TRACE round=38 d=2 acc=2 tGraphBuildMs=2.946 tEvalMs=99.194 tHostReadMs=0.022 tCacheStateMs=0.206 stepMs=102.368
MTP-STEP round=38 depth=3 offered=2 accepted=2 committed=3 stepMs=102.3930
mtp-top2gap idx=99 token=63 gap=0
STEP-TRACE round=39 d=2 acc=1 tGraphBuildMs=3.033 tEvalMs=96.938 tHostReadMs=0.018 tCacheStateMs=1.312 stepMs=101.300
MTP-STEP round=39 depth=3 offered=2 accepted=1 committed=2 stepMs=101.3452
mtp-top2gap idx=102 token=2665 gap=12.0625
STEP-TRACE round=40 d=2 acc=2 tGraphBuildMs=3.154 tEvalMs=97.579 tHostReadMs=0.016 tCacheStateMs=0.189 stepMs=100.939
MTP-STEP round=40 depth=3 offered=2 accepted=2 committed=3 stepMs=100.9619
mtp-top2gap idx=105 token=8908 gap=8.8125
STEP-TRACE round=41 d=2 acc=2 tGraphBuildMs=2.942 tEvalMs=97.545 tHostReadMs=0.022 tCacheStateMs=0.195 stepMs=100.704
MTP-STEP round=41 depth=3 offered=2 accepted=2 committed=3 stepMs=100.7263
mtp-top2gap idx=106 token=63 gap=0.875
STEP-TRACE round=42 d=2 acc=0 tGraphBuildMs=3.035 tEvalMs=99.463 tHostReadMs=0.018 tCacheStateMs=1.450 stepMs=103.966
MTP-STEP round=42 depth=3 offered=2 accepted=0 committed=1 stepMs=104.0085
mtp-top2gap idx=108 token=64360 gap=2.375
STEP-TRACE round=43 d=2 acc=1 tGraphBuildMs=3.192 tEvalMs=95.830 tHostReadMs=0.015 tCacheStateMs=1.232 stepMs=100.269
MTP-STEP round=43 depth=3 offered=2 accepted=1 committed=2 stepMs=100.3027
mtp-top2gap idx=111 token=310 gap=0.375
STEP-TRACE round=44 d=2 acc=2 tGraphBuildMs=3.217 tEvalMs=98.129 tHostReadMs=0.022 tCacheStateMs=0.215 stepMs=101.583
MTP-STEP round=44 depth=3 offered=2 accepted=2 committed=3 stepMs=101.6120
mtp-top2gap idx=113 token=1558 gap=4.75
STEP-TRACE round=45 d=2 acc=1 tGraphBuildMs=3.424 tEvalMs=98.913 tHostReadMs=0.030 tCacheStateMs=1.303 stepMs=103.670
MTP-STEP round=45 depth=3 offered=2 accepted=1 committed=2 stepMs=103.7113
mtp-top2gap idx=116 token=21998 gap=0.125
STEP-TRACE round=46 d=2 acc=2 tGraphBuildMs=3.287 tEvalMs=96.380 tHostReadMs=0.030 tCacheStateMs=0.199 stepMs=99.896
MTP-STEP round=46 depth=3 offered=2 accepted=2 committed=3 stepMs=99.9222
mtp-top2gap idx=119 token=44424 gap=8.5
STEP-TRACE round=47 d=2 acc=2 tGraphBuildMs=3.040 tEvalMs=97.687 tHostReadMs=0.016 tCacheStateMs=0.182 stepMs=100.925
MTP-STEP round=47 depth=3 offered=2 accepted=2 committed=3 stepMs=100.9489
mtp-top2gap idx=120 token=11 gap=0.375
STEP-TRACE round=48 d=2 acc=0 tGraphBuildMs=2.974 tEvalMs=97.009 tHostReadMs=0.014 tCacheStateMs=1.280 stepMs=101.278
MTP-STEP round=48 depth=3 offered=2 accepted=0 committed=1 stepMs=101.3234
mtp-top2gap idx=121 token=5222 gap=0.375
STEP-TRACE round=49 d=2 acc=0 tGraphBuildMs=3.065 tEvalMs=97.101 tHostReadMs=0.021 tCacheStateMs=1.296 stepMs=101.482
MTP-STEP round=49 depth=3 offered=2 accepted=0 committed=1 stepMs=101.5201
mtp-top2gap idx=123 token=12720 gap=0
STEP-TRACE round=50 d=2 acc=1 tGraphBuildMs=3.197 tEvalMs=97.529 tHostReadMs=0.024 tCacheStateMs=1.246 stepMs=101.996
MTP-STEP round=50 depth=3 offered=2 accepted=1 committed=2 stepMs=102.0300
mtp-top2gap idx=125 token=4528 gap=0.125
STEP-TRACE round=51 d=2 acc=1 tGraphBuildMs=3.139 tEvalMs=99.627 tHostReadMs=0.022 tCacheStateMs=1.194 stepMs=103.982
MTP-STEP round=51 depth=3 offered=2 accepted=1 committed=2 stepMs=104.0216
mtp-top2gap idx=126 token=8019 gap=0
STEP-TRACE round=52 d=2 acc=0 tGraphBuildMs=3.025 tEvalMs=100.605 tHostReadMs=0.020 tCacheStateMs=1.236 stepMs=104.886
MTP-STEP round=52 depth=3 offered=2 accepted=0 committed=1 stepMs=104.9329
mtp-top2gap idx=129 token=198 gap=8.9375
STEP-TRACE round=53 d=2 acc=2 tGraphBuildMs=2.953 tEvalMs=100.611 tHostReadMs=0.020 tCacheStateMs=0.166 stepMs=103.750
MTP-STEP round=53 depth=3 offered=2 accepted=2 committed=3 stepMs=103.7699
MTP-STEP-SUMMARY rounds=53 proposed=106 accepted=76 acceptedPerStep=1.4340 avgStepMs=362.4459 decodeSeconds=19.3169 committed=128 qmvVerifyRouted=2:135,3:5373,4:96 qmvVerifyFallback=1:102,12:96,512:195,2048:1536,32780:3 qmvVerifyMaterialized=0
