mtp-top2gap idx=3 token=3766 gap=1.5
STEP-TRACE round=1 d=2 acc=2 tGraphBuildMs=7959.627 tEvalMs=8976.928 tHostReadMs=0.053 tCacheStateMs=0.420 stepMs=16937.029
MTP-STEP round=1 depth=3 offered=2 accepted=2 committed=3 stepMs=16937.0863
mtp-top2gap idx=5 token=66320 gap=0.25
STEP-TRACE round=2 d=2 acc=1 tGraphBuildMs=3.156 tEvalMs=170.153 tHostReadMs=0.019 tCacheStateMs=1.632 stepMs=174.960
MTP-STEP round=2 depth=3 offered=2 accepted=1 committed=2 stepMs=175.0030
mtp-top2gap idx=8 token=369 gap=2.625
STEP-TRACE round=3 d=2 acc=2 tGraphBuildMs=3.270 tEvalMs=96.429 tHostReadMs=0.019 tCacheStateMs=0.187 stepMs=99.904
MTP-STEP round=3 depth=3 offered=2 accepted=2 committed=3 stepMs=99.9315
mtp-top2gap idx=11 token=314 gap=0.75
STEP-TRACE round=4 d=2 acc=2 tGraphBuildMs=3.709 tEvalMs=96.891 tHostReadMs=0.024 tCacheStateMs=0.181 stepMs=100.804
MTP-STEP round=4 depth=3 offered=2 accepted=2 committed=3 stepMs=100.8255
mtp-top2gap idx=14 token=64643 gap=1.75
STEP-TRACE round=5 d=2 acc=2 tGraphBuildMs=2.983 tEvalMs=98.213 tHostReadMs=0.025 tCacheStateMs=0.163 stepMs=101.383
MTP-STEP round=5 depth=3 offered=2 accepted=2 committed=3 stepMs=101.4055
mtp-top2gap idx=17 token=2759 gap=6.5
STEP-TRACE round=6 d=2 acc=2 tGraphBuildMs=2.899 tEvalMs=98.370 tHostReadMs=0.045 tCacheStateMs=0.381 stepMs=101.695
MTP-STEP round=6 depth=3 offered=2 accepted=2 committed=3 stepMs=101.7349
mtp-top2gap idx=20 token=6522 gap=0.625
STEP-TRACE round=7 d=2 acc=2 tGraphBuildMs=4.835 tEvalMs=96.196 tHostReadMs=0.022 tCacheStateMs=0.215 stepMs=101.268
MTP-STEP round=7 depth=3 offered=2 accepted=2 committed=3 stepMs=101.2979
mtp-top2gap idx=23 token=11352 gap=0.5
STEP-TRACE round=8 d=2 acc=2 tGraphBuildMs=3.106 tEvalMs=96.794 tHostReadMs=0.025 tCacheStateMs=0.198 stepMs=100.124
MTP-STEP round=8 depth=3 offered=2 accepted=2 committed=3 stepMs=100.1498
mtp-top2gap idx=26 token=279 gap=2.75
STEP-TRACE round=9 d=2 acc=2 tGraphBuildMs=2.968 tEvalMs=98.346 tHostReadMs=0.018 tCacheStateMs=0.162 stepMs=101.495
MTP-STEP round=9 depth=3 offered=2 accepted=2 committed=3 stepMs=101.5159
mtp-top2gap idx=29 token=321 gap=0.125
STEP-TRACE round=10 d=2 acc=2 tGraphBuildMs=2.957 tEvalMs=97.970 tHostReadMs=0.014 tCacheStateMs=0.161 stepMs=101.101
MTP-STEP round=10 depth=3 offered=2 accepted=2 committed=3 stepMs=101.1216
mtp-top2gap idx=30 token=17066 gap=0.875
STEP-TRACE round=11 d=2 acc=0 tGraphBuildMs=2.902 tEvalMs=98.224 tHostReadMs=0.019 tCacheStateMs=1.539 stepMs=102.684
MTP-STEP round=11 depth=3 offered=2 accepted=0 committed=1 stepMs=102.7369
mtp-top2gap idx=32 token=28459 gap=0
STEP-TRACE round=12 d=2 acc=1 tGraphBuildMs=3.108 tEvalMs=96.331 tHostReadMs=0.022 tCacheStateMs=1.294 stepMs=100.754
MTP-STEP round=12 depth=3 offered=2 accepted=1 committed=2 stepMs=100.7850
mtp-top2gap idx=35 token=13962 gap=4.875
STEP-TRACE round=13 d=2 acc=2 tGraphBuildMs=2.975 tEvalMs=97.099 tHostReadMs=0.019 tCacheStateMs=0.169 stepMs=100.261
MTP-STEP round=13 depth=3 offered=2 accepted=2 committed=3 stepMs=100.2827
mtp-top2gap idx=38 token=13 gap=12.3125
STEP-TRACE round=14 d=2 acc=2 tGraphBuildMs=2.941 tEvalMs=97.361 tHostReadMs=0.013 tCacheStateMs=0.172 stepMs=100.486
MTP-STEP round=14 depth=3 offered=2 accepted=2 committed=3 stepMs=100.5063
mtp-top2gap idx=41 token=27501 gap=10.75
STEP-TRACE round=15 d=2 acc=2 tGraphBuildMs=2.985 tEvalMs=97.183 tHostReadMs=0.020 tCacheStateMs=0.168 stepMs=100.356
MTP-STEP round=15 depth=3 offered=2 accepted=2 committed=3 stepMs=100.3761
mtp-top2gap idx=43 token=11300 gap=0.375
STEP-TRACE round=16 d=2 acc=1 tGraphBuildMs=2.881 tEvalMs=96.842 tHostReadMs=0.023 tCacheStateMs=1.275 stepMs=101.021
MTP-STEP round=16 depth=3 offered=2 accepted=1 committed=2 stepMs=101.0505
mtp-top2gap idx=46 token=6522 gap=2.375
STEP-TRACE round=17 d=2 acc=2 tGraphBuildMs=3.099 tEvalMs=96.740 tHostReadMs=0.018 tCacheStateMs=0.167 stepMs=100.025
MTP-STEP round=17 depth=3 offered=2 accepted=2 committed=3 stepMs=100.0450
mtp-top2gap idx=49 token=11870 gap=3.625
STEP-TRACE round=18 d=2 acc=2 tGraphBuildMs=2.905 tEvalMs=97.744 tHostReadMs=0.019 tCacheStateMs=0.187 stepMs=100.856
MTP-STEP round=18 depth=3 offered=2 accepted=2 committed=3 stepMs=100.8892
mtp-top2gap idx=51 token=28043 gap=1.625
STEP-TRACE round=19 d=2 acc=1 tGraphBuildMs=2.854 tEvalMs=96.892 tHostReadMs=0.020 tCacheStateMs=1.224 stepMs=100.990
MTP-STEP round=19 depth=3 offered=2 accepted=1 committed=2 stepMs=101.0215
mtp-top2gap idx=53 token=16243 gap=1.5
STEP-TRACE round=20 d=2 acc=1 tGraphBuildMs=2.905 tEvalMs=97.048 tHostReadMs=0.016 tCacheStateMs=1.298 stepMs=101.268
MTP-STEP round=20 depth=3 offered=2 accepted=1 committed=2 stepMs=101.3380
mtp-top2gap idx=54 token=1040 gap=0.875
STEP-TRACE round=21 d=2 acc=0 tGraphBuildMs=3.057 tEvalMs=96.596 tHostReadMs=0.018 tCacheStateMs=1.290 stepMs=100.961
MTP-STEP round=21 depth=3 offered=2 accepted=0 committed=1 stepMs=100.9969
mtp-top2gap idx=57 token=11 gap=3.25
STEP-TRACE round=22 d=2 acc=2 tGraphBuildMs=3.047 tEvalMs=96.013 tHostReadMs=0.020 tCacheStateMs=0.170 stepMs=99.249
MTP-STEP round=22 depth=3 offered=2 accepted=2 committed=3 stepMs=99.2687
mtp-top2gap idx=58 token=44424 gap=0.25
STEP-TRACE round=23 d=2 acc=0 tGraphBuildMs=2.869 tEvalMs=97.510 tHostReadMs=0.019 tCacheStateMs=1.259 stepMs=101.657
MTP-STEP round=23 depth=3 offered=2 accepted=0 committed=1 stepMs=101.6972
mtp-top2gap idx=59 token=4478 gap=0.375
STEP-TRACE round=24 d=2 acc=0 tGraphBuildMs=3.027 tEvalMs=96.188 tHostReadMs=0.016 tCacheStateMs=1.220 stepMs=100.451
MTP-STEP round=24 depth=3 offered=2 accepted=0 committed=1 stepMs=100.4861
mtp-top2gap idx=62 token=4003 gap=4.5
STEP-TRACE round=25 d=2 acc=2 tGraphBuildMs=3.031 tEvalMs=96.133 tHostReadMs=0.018 tCacheStateMs=0.171 stepMs=99.353
MTP-STEP round=25 depth=3 offered=2 accepted=2 committed=3 stepMs=99.3726
mtp-top2gap idx=65 token=1049 gap=1.125
STEP-TRACE round=26 d=2 acc=2 tGraphBuildMs=2.848 tEvalMs=96.849 tHostReadMs=0.019 tCacheStateMs=0.148 stepMs=99.864
MTP-STEP round=26 depth=3 offered=2 accepted=2 committed=3 stepMs=99.8842
mtp-top2gap idx=68 token=310 gap=2.625
STEP-TRACE round=27 d=2 acc=2 tGraphBuildMs=2.870 tEvalMs=97.650 tHostReadMs=0.019 tCacheStateMs=0.149 stepMs=100.688
MTP-STEP round=27 depth=3 offered=2 accepted=2 committed=3 stepMs=100.7087
mtp-top2gap idx=70 token=39328 gap=2
STEP-TRACE round=28 d=2 acc=1 tGraphBuildMs=2.814 tEvalMs=97.051 tHostReadMs=0.021 tCacheStateMs=1.201 stepMs=101.087
MTP-STEP round=28 depth=3 offered=2 accepted=1 committed=2 stepMs=101.1229
mtp-top2gap idx=71 token=440 gap=0
STEP-TRACE round=29 d=2 acc=0 tGraphBuildMs=2.948 tEvalMs=97.006 tHostReadMs=0.018 tCacheStateMs=1.306 stepMs=101.278
MTP-STEP round=29 depth=3 offered=2 accepted=0 committed=1 stepMs=101.3247
mtp-top2gap idx=73 token=1510 gap=4.125
STEP-TRACE round=30 d=2 acc=1 tGraphBuildMs=3.080 tEvalMs=96.152 tHostReadMs=0.022 tCacheStateMs=1.217 stepMs=100.472
MTP-STEP round=30 depth=3 offered=2 accepted=1 committed=2 stepMs=100.5024
mtp-top2gap idx=76 token=321 gap=9.25
STEP-TRACE round=31 d=2 acc=2 tGraphBuildMs=3.027 tEvalMs=96.786 tHostReadMs=0.018 tCacheStateMs=0.168 stepMs=100.000
MTP-STEP round=31 depth=3 offered=2 accepted=2 committed=3 stepMs=100.0198
mtp-top2gap idx=79 token=8908 gap=6.375
STEP-TRACE round=32 d=2 acc=2 tGraphBuildMs=2.837 tEvalMs=97.146 tHostReadMs=0.021 tCacheStateMs=0.148 stepMs=100.152
MTP-STEP round=32 depth=3 offered=2 accepted=2 committed=3 stepMs=100.1715
mtp-top2gap idx=82 token=539 gap=2.125
STEP-TRACE round=33 d=2 acc=2 tGraphBuildMs=2.745 tEvalMs=97.104 tHostReadMs=0.020 tCacheStateMs=0.185 stepMs=100.054
MTP-STEP round=33 depth=3 offered=2 accepted=2 committed=3 stepMs=100.0777
mtp-top2gap idx=85 token=13 gap=7.8125
STEP-TRACE round=34 d=2 acc=2 tGraphBuildMs=2.960 tEvalMs=97.033 tHostReadMs=0.021 tCacheStateMs=0.168 stepMs=100.182
MTP-STEP round=34 depth=3 offered=2 accepted=2 committed=3 stepMs=100.2016
mtp-top2gap idx=88 token=1536 gap=10.875
STEP-TRACE round=35 d=2 acc=2 tGraphBuildMs=2.838 tEvalMs=96.644 tHostReadMs=0.017 tCacheStateMs=0.150 stepMs=99.650
MTP-STEP round=35 depth=3 offered=2 accepted=2 committed=3 stepMs=99.6698
mtp-top2gap idx=91 token=198 gap=2
STEP-TRACE round=36 d=2 acc=2 tGraphBuildMs=2.849 tEvalMs=97.448 tHostReadMs=0.023 tCacheStateMs=0.196 stepMs=100.516
MTP-STEP round=36 depth=3 offered=2 accepted=2 committed=3 stepMs=100.5478
mtp-top2gap idx=94 token=2972 gap=10.375
STEP-TRACE round=37 d=2 acc=2 tGraphBuildMs=2.933 tEvalMs=96.831 tHostReadMs=0.023 tCacheStateMs=0.149 stepMs=99.936
MTP-STEP round=37 depth=3 offered=2 accepted=2 committed=3 stepMs=99.9561
mtp-top2gap idx=97 token=6903 gap=8.875
STEP-TRACE round=38 d=2 acc=2 tGraphBuildMs=2.760 tEvalMs=96.956 tHostReadMs=0.021 tCacheStateMs=0.173 stepMs=99.910
MTP-STEP round=38 depth=3 offered=2 accepted=2 committed=3 stepMs=99.9301
mtp-top2gap idx=99 token=63 gap=0
STEP-TRACE round=39 d=2 acc=1 tGraphBuildMs=2.883 tEvalMs=97.261 tHostReadMs=0.022 tCacheStateMs=1.171 stepMs=101.336
MTP-STEP round=39 depth=3 offered=2 accepted=1 committed=2 stepMs=101.3674
mtp-top2gap idx=102 token=2665 gap=12.0625
STEP-TRACE round=40 d=2 acc=2 tGraphBuildMs=3.009 tEvalMs=97.645 tHostReadMs=0.015 tCacheStateMs=0.210 stepMs=100.879
MTP-STEP round=40 depth=3 offered=2 accepted=2 committed=3 stepMs=100.9014
mtp-top2gap idx=105 token=8908 gap=8.8125
STEP-TRACE round=41 d=2 acc=2 tGraphBuildMs=3.002 tEvalMs=96.910 tHostReadMs=0.013 tCacheStateMs=0.149 stepMs=100.074
MTP-STEP round=41 depth=3 offered=2 accepted=2 committed=3 stepMs=100.0936
mtp-top2gap idx=106 token=63 gap=0.875
STEP-TRACE round=42 d=2 acc=0 tGraphBuildMs=2.775 tEvalMs=97.275 tHostReadMs=0.020 tCacheStateMs=1.317 stepMs=101.386
MTP-STEP round=42 depth=3 offered=2 accepted=0 committed=1 stepMs=101.4262
mtp-top2gap idx=108 token=64360 gap=2.375
STEP-TRACE round=43 d=2 acc=1 tGraphBuildMs=3.057 tEvalMs=96.336 tHostReadMs=0.019 tCacheStateMs=1.208 stepMs=100.621
MTP-STEP round=43 depth=3 offered=2 accepted=1 committed=2 stepMs=100.6502
mtp-top2gap idx=111 token=310 gap=0.375
STEP-TRACE round=44 d=2 acc=2 tGraphBuildMs=3.019 tEvalMs=96.746 tHostReadMs=0.017 tCacheStateMs=0.156 stepMs=99.938
MTP-STEP round=44 depth=3 offered=2 accepted=2 committed=3 stepMs=99.9572
mtp-top2gap idx=113 token=1558 gap=4.75
STEP-TRACE round=45 d=2 acc=1 tGraphBuildMs=2.858 tEvalMs=97.106 tHostReadMs=0.019 tCacheStateMs=1.170 stepMs=101.152
MTP-STEP round=45 depth=3 offered=2 accepted=1 committed=2 stepMs=101.1812
mtp-top2gap idx=116 token=21998 gap=0.125
STEP-TRACE round=46 d=2 acc=2 tGraphBuildMs=3.005 tEvalMs=96.633 tHostReadMs=0.016 tCacheStateMs=0.157 stepMs=99.812
MTP-STEP round=46 depth=3 offered=2 accepted=2 committed=3 stepMs=99.8378
mtp-top2gap idx=119 token=44424 gap=8.5
STEP-TRACE round=47 d=2 acc=2 tGraphBuildMs=2.955 tEvalMs=96.650 tHostReadMs=0.020 tCacheStateMs=0.170 stepMs=99.794
MTP-STEP round=47 depth=3 offered=2 accepted=2 committed=3 stepMs=99.8125
mtp-top2gap idx=120 token=11 gap=0.375
STEP-TRACE round=48 d=2 acc=0 tGraphBuildMs=2.854 tEvalMs=96.846 tHostReadMs=0.015 tCacheStateMs=1.292 stepMs=101.006
MTP-STEP round=48 depth=3 offered=2 accepted=0 committed=1 stepMs=101.0459
mtp-top2gap idx=121 token=5222 gap=0.375
STEP-TRACE round=49 d=2 acc=0 tGraphBuildMs=3.046 tEvalMs=97.952 tHostReadMs=0.019 tCacheStateMs=1.431 stepMs=102.448
MTP-STEP round=49 depth=3 offered=2 accepted=0 committed=1 stepMs=102.5002
mtp-top2gap idx=123 token=12720 gap=0
STEP-TRACE round=50 d=2 acc=1 tGraphBuildMs=3.626 tEvalMs=95.654 tHostReadMs=0.020 tCacheStateMs=1.222 stepMs=100.522
MTP-STEP round=50 depth=3 offered=2 accepted=1 committed=2 stepMs=100.5551
mtp-top2gap idx=125 token=4528 gap=0.125
STEP-TRACE round=51 d=2 acc=1 tGraphBuildMs=3.100 tEvalMs=96.804 tHostReadMs=0.024 tCacheStateMs=1.227 stepMs=101.156
MTP-STEP round=51 depth=3 offered=2 accepted=1 committed=2 stepMs=101.1877
mtp-top2gap idx=126 token=8019 gap=0
STEP-TRACE round=52 d=2 acc=0 tGraphBuildMs=3.056 tEvalMs=96.774 tHostReadMs=0.016 tCacheStateMs=1.323 stepMs=101.168
MTP-STEP round=52 depth=3 offered=2 accepted=0 committed=1 stepMs=101.2158
mtp-top2gap idx=129 token=198 gap=8.9375
STEP-TRACE round=53 d=2 acc=2 tGraphBuildMs=3.038 tEvalMs=96.518 tHostReadMs=0.014 tCacheStateMs=0.154 stepMs=99.724
MTP-STEP round=53 depth=3 offered=2 accepted=2 committed=3 stepMs=99.7449
MTP-STEP-SUMMARY rounds=53 proposed=106 accepted=76 acceptedPerStep=1.4340 avgStepMs=419.7456 decodeSeconds=22.2884 committed=128 qmvVerifyRouted=2:135,3:5373,4:96 qmvVerifyFallback=1:102,12:96,512:195,2048:1536,32780:3 qmvVerifyMaterialized=0
