mtp-top2gap idx=3 token=3766 gap=1.5
STEP-TRACE round=1 d=2 acc=2 tGraphBuildMs=7490.405 tEvalMs=8298.845 tHostReadMs=0.046 tCacheStateMs=0.332 stepMs=15789.628
MTP-STEP round=1 depth=3 offered=2 accepted=2 committed=3 stepMs=15789.6808
mtp-top2gap idx=5 token=66320 gap=0.25
STEP-TRACE round=2 d=2 acc=1 tGraphBuildMs=3.090 tEvalMs=176.883 tHostReadMs=0.026 tCacheStateMs=2.029 stepMs=182.029
MTP-STEP round=2 depth=3 offered=2 accepted=1 committed=2 stepMs=182.1233
mtp-top2gap idx=8 token=369 gap=2.625
STEP-TRACE round=3 d=2 acc=2 tGraphBuildMs=4.119 tEvalMs=96.992 tHostReadMs=0.021 tCacheStateMs=0.213 stepMs=101.346
MTP-STEP round=3 depth=3 offered=2 accepted=2 committed=3 stepMs=101.3787
mtp-top2gap idx=11 token=314 gap=0.75
STEP-TRACE round=4 d=2 acc=2 tGraphBuildMs=3.628 tEvalMs=96.191 tHostReadMs=0.017 tCacheStateMs=0.167 stepMs=100.004
MTP-STEP round=4 depth=3 offered=2 accepted=2 committed=3 stepMs=100.0280
mtp-top2gap idx=14 token=64643 gap=1.75
STEP-TRACE round=5 d=2 acc=2 tGraphBuildMs=3.035 tEvalMs=96.463 tHostReadMs=0.024 tCacheStateMs=0.190 stepMs=99.712
MTP-STEP round=5 depth=3 offered=2 accepted=2 committed=3 stepMs=99.7366
mtp-top2gap idx=17 token=2759 gap=6.5
STEP-TRACE round=6 d=2 acc=2 tGraphBuildMs=2.913 tEvalMs=96.922 tHostReadMs=0.022 tCacheStateMs=0.167 stepMs=100.024
MTP-STEP round=6 depth=3 offered=2 accepted=2 committed=3 stepMs=100.0457
mtp-top2gap idx=20 token=6522 gap=0.625
STEP-TRACE round=7 d=2 acc=2 tGraphBuildMs=2.864 tEvalMs=97.129 tHostReadMs=0.023 tCacheStateMs=0.175 stepMs=100.190
MTP-STEP round=7 depth=3 offered=2 accepted=2 committed=3 stepMs=100.2119
mtp-top2gap idx=23 token=11352 gap=0.5
STEP-TRACE round=8 d=2 acc=2 tGraphBuildMs=2.868 tEvalMs=97.029 tHostReadMs=0.020 tCacheStateMs=0.148 stepMs=100.064
MTP-STEP round=8 depth=3 offered=2 accepted=2 committed=3 stepMs=100.0845
mtp-top2gap idx=26 token=279 gap=2.75
STEP-TRACE round=9 d=2 acc=2 tGraphBuildMs=2.773 tEvalMs=97.220 tHostReadMs=0.021 tCacheStateMs=0.176 stepMs=100.190
MTP-STEP round=9 depth=3 offered=2 accepted=2 committed=3 stepMs=100.2107
mtp-top2gap idx=29 token=321 gap=0.125
STEP-TRACE round=10 d=2 acc=2 tGraphBuildMs=2.870 tEvalMs=97.023 tHostReadMs=0.020 tCacheStateMs=0.172 stepMs=100.085
MTP-STEP round=10 depth=3 offered=2 accepted=2 committed=3 stepMs=100.1064
mtp-top2gap idx=30 token=17066 gap=0.875
STEP-TRACE round=11 d=2 acc=0 tGraphBuildMs=2.811 tEvalMs=96.848 tHostReadMs=0.020 tCacheStateMs=1.511 stepMs=101.191
MTP-STEP round=11 depth=3 offered=2 accepted=0 committed=1 stepMs=101.2185
mtp-top2gap idx=32 token=28459 gap=0
STEP-TRACE round=12 d=2 acc=1 tGraphBuildMs=3.075 tEvalMs=96.100 tHostReadMs=0.021 tCacheStateMs=1.189 stepMs=100.385
MTP-STEP round=12 depth=3 offered=2 accepted=1 committed=2 stepMs=100.4182
mtp-top2gap idx=35 token=13962 gap=4.875
STEP-TRACE round=13 d=2 acc=2 tGraphBuildMs=2.983 tEvalMs=97.172 tHostReadMs=0.017 tCacheStateMs=0.210 stepMs=100.382
MTP-STEP round=13 depth=3 offered=2 accepted=2 committed=3 stepMs=100.4075
mtp-top2gap idx=38 token=13 gap=12.3125
STEP-TRACE round=14 d=2 acc=2 tGraphBuildMs=3.156 tEvalMs=96.737 tHostReadMs=0.024 tCacheStateMs=0.197 stepMs=100.115
MTP-STEP round=14 depth=3 offered=2 accepted=2 committed=3 stepMs=100.1384
mtp-top2gap idx=41 token=27501 gap=10.75
STEP-TRACE round=15 d=2 acc=2 tGraphBuildMs=2.867 tEvalMs=97.046 tHostReadMs=0.014 tCacheStateMs=0.166 stepMs=100.094
MTP-STEP round=15 depth=3 offered=2 accepted=2 committed=3 stepMs=100.1158
mtp-top2gap idx=43 token=11300 gap=0.375
STEP-TRACE round=16 d=2 acc=1 tGraphBuildMs=2.887 tEvalMs=97.161 tHostReadMs=0.012 tCacheStateMs=1.233 stepMs=101.293
MTP-STEP round=16 depth=3 offered=2 accepted=1 committed=2 stepMs=101.3234
mtp-top2gap idx=46 token=6522 gap=2.375
STEP-TRACE round=17 d=2 acc=2 tGraphBuildMs=3.055 tEvalMs=96.302 tHostReadMs=0.024 tCacheStateMs=0.210 stepMs=99.592
MTP-STEP round=17 depth=3 offered=2 accepted=2 committed=3 stepMs=99.6183
mtp-top2gap idx=49 token=11870 gap=3.625
STEP-TRACE round=18 d=2 acc=2 tGraphBuildMs=2.965 tEvalMs=96.866 tHostReadMs=0.023 tCacheStateMs=0.202 stepMs=100.055
MTP-STEP round=18 depth=3 offered=2 accepted=2 committed=3 stepMs=100.0809
mtp-top2gap idx=51 token=28043 gap=1.625
STEP-TRACE round=19 d=2 acc=1 tGraphBuildMs=2.983 tEvalMs=96.758 tHostReadMs=0.023 tCacheStateMs=1.252 stepMs=101.017
MTP-STEP round=19 depth=3 offered=2 accepted=1 committed=2 stepMs=101.0523
mtp-top2gap idx=53 token=16243 gap=1.5
STEP-TRACE round=20 d=2 acc=1 tGraphBuildMs=3.086 tEvalMs=96.579 tHostReadMs=0.024 tCacheStateMs=1.275 stepMs=100.964
MTP-STEP round=20 depth=3 offered=2 accepted=1 committed=2 stepMs=101.0022
mtp-top2gap idx=54 token=1040 gap=0.875
STEP-TRACE round=21 d=2 acc=0 tGraphBuildMs=3.027 tEvalMs=96.692 tHostReadMs=0.023 tCacheStateMs=1.315 stepMs=101.058
MTP-STEP round=21 depth=3 offered=2 accepted=0 committed=1 stepMs=101.0931
mtp-top2gap idx=57 token=11 gap=3.25
STEP-TRACE round=22 d=2 acc=2 tGraphBuildMs=3.044 tEvalMs=96.161 tHostReadMs=0.016 tCacheStateMs=0.180 stepMs=99.400
MTP-STEP round=22 depth=3 offered=2 accepted=2 committed=3 stepMs=99.4237
mtp-top2gap idx=58 token=44424 gap=0.25
STEP-TRACE round=23 d=2 acc=0 tGraphBuildMs=2.925 tEvalMs=96.755 tHostReadMs=0.020 tCacheStateMs=1.286 stepMs=100.985
MTP-STEP round=23 depth=3 offered=2 accepted=0 committed=1 stepMs=101.0213
mtp-top2gap idx=59 token=4478 gap=0.375
STEP-TRACE round=24 d=2 acc=0 tGraphBuildMs=3.042 tEvalMs=96.315 tHostReadMs=0.015 tCacheStateMs=1.321 stepMs=100.693
MTP-STEP round=24 depth=3 offered=2 accepted=0 committed=1 stepMs=100.7325
mtp-top2gap idx=62 token=4003 gap=4.5
STEP-TRACE round=25 d=2 acc=2 tGraphBuildMs=3.062 tEvalMs=96.352 tHostReadMs=0.019 tCacheStateMs=0.158 stepMs=99.592
MTP-STEP round=25 depth=3 offered=2 accepted=2 committed=3 stepMs=99.6106
mtp-top2gap idx=65 token=1049 gap=1.125
STEP-TRACE round=26 d=2 acc=2 tGraphBuildMs=2.872 tEvalMs=97.007 tHostReadMs=0.022 tCacheStateMs=0.159 stepMs=100.059
MTP-STEP round=26 depth=3 offered=2 accepted=2 committed=3 stepMs=100.0820
mtp-top2gap idx=68 token=310 gap=2.625
STEP-TRACE round=27 d=2 acc=2 tGraphBuildMs=2.819 tEvalMs=97.065 tHostReadMs=0.022 tCacheStateMs=0.174 stepMs=100.080
MTP-STEP round=27 depth=3 offered=2 accepted=2 committed=3 stepMs=100.1020
mtp-top2gap idx=70 token=39328 gap=2
STEP-TRACE round=28 d=2 acc=1 tGraphBuildMs=2.854 tEvalMs=96.994 tHostReadMs=0.023 tCacheStateMs=1.192 stepMs=101.063
MTP-STEP round=28 depth=3 offered=2 accepted=1 committed=2 stepMs=101.0982
mtp-top2gap idx=71 token=440 gap=0
STEP-TRACE round=29 d=2 acc=0 tGraphBuildMs=3.026 tEvalMs=96.913 tHostReadMs=0.015 tCacheStateMs=1.302 stepMs=101.257
MTP-STEP round=29 depth=3 offered=2 accepted=0 committed=1 stepMs=101.2940
mtp-top2gap idx=73 token=1510 gap=4.125
STEP-TRACE round=30 d=2 acc=1 tGraphBuildMs=3.099 tEvalMs=95.649 tHostReadMs=0.025 tCacheStateMs=1.227 stepMs=100.000
MTP-STEP round=30 depth=3 offered=2 accepted=1 committed=2 stepMs=100.0269
mtp-top2gap idx=76 token=321 gap=9.25
STEP-TRACE round=31 d=2 acc=2 tGraphBuildMs=2.967 tEvalMs=96.852 tHostReadMs=0.022 tCacheStateMs=0.174 stepMs=100.014
MTP-STEP round=31 depth=3 offered=2 accepted=2 committed=3 stepMs=100.0333
mtp-top2gap idx=79 token=8908 gap=6.375
STEP-TRACE round=32 d=2 acc=2 tGraphBuildMs=2.842 tEvalMs=96.515 tHostReadMs=0.022 tCacheStateMs=0.168 stepMs=99.548
MTP-STEP round=32 depth=3 offered=2 accepted=2 committed=3 stepMs=99.5687
mtp-top2gap idx=82 token=539 gap=2.125
STEP-TRACE round=33 d=2 acc=2 tGraphBuildMs=2.804 tEvalMs=97.110 tHostReadMs=0.014 tCacheStateMs=0.165 stepMs=100.093
MTP-STEP round=33 depth=3 offered=2 accepted=2 committed=3 stepMs=100.1140
mtp-top2gap idx=85 token=13 gap=7.8125
STEP-TRACE round=34 d=2 acc=2 tGraphBuildMs=2.847 tEvalMs=97.036 tHostReadMs=0.021 tCacheStateMs=0.167 stepMs=100.071
MTP-STEP round=34 depth=3 offered=2 accepted=2 committed=3 stepMs=100.0907
mtp-top2gap idx=88 token=1536 gap=10.875
STEP-TRACE round=35 d=2 acc=2 tGraphBuildMs=2.825 tEvalMs=96.982 tHostReadMs=0.015 tCacheStateMs=0.174 stepMs=99.996
MTP-STEP round=35 depth=3 offered=2 accepted=2 committed=3 stepMs=100.0155
mtp-top2gap idx=91 token=198 gap=2
STEP-TRACE round=36 d=2 acc=2 tGraphBuildMs=2.807 tEvalMs=97.120 tHostReadMs=0.020 tCacheStateMs=0.182 stepMs=100.128
MTP-STEP round=36 depth=3 offered=2 accepted=2 committed=3 stepMs=100.1569
mtp-top2gap idx=94 token=2972 gap=10.375
STEP-TRACE round=37 d=2 acc=2 tGraphBuildMs=2.829 tEvalMs=97.011 tHostReadMs=0.020 tCacheStateMs=0.163 stepMs=100.023
MTP-STEP round=37 depth=3 offered=2 accepted=2 committed=3 stepMs=100.0417
mtp-top2gap idx=97 token=6903 gap=8.875
STEP-TRACE round=38 d=2 acc=2 tGraphBuildMs=2.764 tEvalMs=97.279 tHostReadMs=0.021 tCacheStateMs=0.162 stepMs=100.226
MTP-STEP round=38 depth=3 offered=2 accepted=2 committed=3 stepMs=100.2454
mtp-top2gap idx=99 token=63 gap=0
STEP-TRACE round=39 d=2 acc=1 tGraphBuildMs=2.793 tEvalMs=96.876 tHostReadMs=0.019 tCacheStateMs=1.195 stepMs=100.883
MTP-STEP round=39 depth=3 offered=2 accepted=1 committed=2 stepMs=100.9128
mtp-top2gap idx=102 token=2665 gap=12.0625
STEP-TRACE round=40 d=2 acc=2 tGraphBuildMs=3.013 tEvalMs=96.906 tHostReadMs=0.014 tCacheStateMs=0.177 stepMs=100.110
MTP-STEP round=40 depth=3 offered=2 accepted=2 committed=3 stepMs=100.1295
mtp-top2gap idx=105 token=8908 gap=8.8125
STEP-TRACE round=41 d=2 acc=2 tGraphBuildMs=2.823 tEvalMs=97.038 tHostReadMs=0.018 tCacheStateMs=0.159 stepMs=100.037
MTP-STEP round=41 depth=3 offered=2 accepted=2 committed=3 stepMs=100.0571
mtp-top2gap idx=106 token=63 gap=0.875
STEP-TRACE round=42 d=2 acc=0 tGraphBuildMs=2.761 tEvalMs=97.323 tHostReadMs=0.018 tCacheStateMs=1.349 stepMs=101.450
MTP-STEP round=42 depth=3 offered=2 accepted=0 committed=1 stepMs=101.4910
mtp-top2gap idx=108 token=64360 gap=2.375
STEP-TRACE round=43 d=2 acc=1 tGraphBuildMs=3.108 tEvalMs=96.070 tHostReadMs=0.016 tCacheStateMs=1.160 stepMs=100.355
MTP-STEP round=43 depth=3 offered=2 accepted=1 committed=2 stepMs=100.3841
mtp-top2gap idx=111 token=310 gap=0.375
STEP-TRACE round=44 d=2 acc=2 tGraphBuildMs=2.983 tEvalMs=96.769 tHostReadMs=0.023 tCacheStateMs=0.140 stepMs=99.914
MTP-STEP round=44 depth=3 offered=2 accepted=2 committed=3 stepMs=99.9324
mtp-top2gap idx=113 token=1558 gap=4.75
STEP-TRACE round=45 d=2 acc=1 tGraphBuildMs=2.813 tEvalMs=96.925 tHostReadMs=0.020 tCacheStateMs=1.225 stepMs=100.982
MTP-STEP round=45 depth=3 offered=2 accepted=1 committed=2 stepMs=101.0110
mtp-top2gap idx=116 token=21998 gap=0.125
STEP-TRACE round=46 d=2 acc=2 tGraphBuildMs=3.080 tEvalMs=97.275 tHostReadMs=0.026 tCacheStateMs=0.177 stepMs=100.559
MTP-STEP round=46 depth=3 offered=2 accepted=2 committed=3 stepMs=100.5800
mtp-top2gap idx=119 token=44424 gap=8.5
STEP-TRACE round=47 d=2 acc=2 tGraphBuildMs=2.945 tEvalMs=97.092 tHostReadMs=0.024 tCacheStateMs=0.173 stepMs=100.232
MTP-STEP round=47 depth=3 offered=2 accepted=2 committed=3 stepMs=100.2610
mtp-top2gap idx=120 token=11 gap=0.375
STEP-TRACE round=48 d=2 acc=0 tGraphBuildMs=2.870 tEvalMs=96.910 tHostReadMs=0.022 tCacheStateMs=1.286 stepMs=101.088
MTP-STEP round=48 depth=3 offered=2 accepted=0 committed=1 stepMs=101.1279
mtp-top2gap idx=121 token=5222 gap=0.375
STEP-TRACE round=49 d=2 acc=0 tGraphBuildMs=2.986 tEvalMs=96.347 tHostReadMs=0.020 tCacheStateMs=1.281 stepMs=100.634
MTP-STEP round=49 depth=3 offered=2 accepted=0 committed=1 stepMs=100.6728
mtp-top2gap idx=123 token=12720 gap=0
STEP-TRACE round=50 d=2 acc=1 tGraphBuildMs=3.082 tEvalMs=96.266 tHostReadMs=0.022 tCacheStateMs=1.194 stepMs=100.564
MTP-STEP round=50 depth=3 offered=2 accepted=1 committed=2 stepMs=100.5921
mtp-top2gap idx=125 token=4528 gap=0.125
STEP-TRACE round=51 d=2 acc=1 tGraphBuildMs=2.987 tEvalMs=96.936 tHostReadMs=0.023 tCacheStateMs=1.168 stepMs=101.113
MTP-STEP round=51 depth=3 offered=2 accepted=1 committed=2 stepMs=101.1453
mtp-top2gap idx=126 token=8019 gap=0
STEP-TRACE round=52 d=2 acc=0 tGraphBuildMs=3.169 tEvalMs=96.850 tHostReadMs=0.022 tCacheStateMs=1.235 stepMs=101.276
MTP-STEP round=52 depth=3 offered=2 accepted=0 committed=1 stepMs=101.3211
mtp-top2gap idx=129 token=198 gap=8.9375
STEP-TRACE round=53 d=2 acc=2 tGraphBuildMs=2.976 tEvalMs=96.293 tHostReadMs=0.018 tCacheStateMs=0.181 stepMs=99.468
MTP-STEP round=53 depth=3 offered=2 accepted=2 committed=3 stepMs=99.4880
MTP-STEP-SUMMARY rounds=53 proposed=106 accepted=76 acceptedPerStep=1.4340 avgStepMs=397.9781 decodeSeconds=21.0973 committed=128 qmvVerifyRouted=2:135,3:5373,4:96 qmvVerifyFallback=1:102,12:96,512:195,2048:1536,32780:3 qmvVerifyMaterialized=0
