mtp-top2gap idx=3 token=3766 gap=1.5
STEP-TRACE round=1 d=2 acc=2 tGraphBuildMs=8272.428 tEvalMs=7924.376 tHostReadMs=0.658 tCacheStateMs=0.364 stepMs=16197.825
MTP-STEP round=1 depth=3 offered=2 accepted=2 committed=3 stepMs=16197.8824
mtp-top2gap idx=5 token=66320 gap=0.25
STEP-TRACE round=2 d=2 acc=1 tGraphBuildMs=3.159 tEvalMs=148.234 tHostReadMs=0.020 tCacheStateMs=2.596 stepMs=154.009
MTP-STEP round=2 depth=3 offered=2 accepted=1 committed=2 stepMs=154.0417
mtp-top2gap idx=8 token=369 gap=2.625
STEP-TRACE round=3 d=2 acc=2 tGraphBuildMs=3.263 tEvalMs=97.584 tHostReadMs=0.024 tCacheStateMs=0.243 stepMs=101.114
MTP-STEP round=3 depth=3 offered=2 accepted=2 committed=3 stepMs=101.1477
mtp-top2gap idx=11 token=314 gap=0.75
STEP-TRACE round=4 d=2 acc=2 tGraphBuildMs=3.765 tEvalMs=97.427 tHostReadMs=0.023 tCacheStateMs=0.226 stepMs=101.440
MTP-STEP round=4 depth=3 offered=2 accepted=2 committed=3 stepMs=101.4700
mtp-top2gap idx=14 token=64643 gap=1.75
STEP-TRACE round=5 d=2 acc=2 tGraphBuildMs=3.742 tEvalMs=97.937 tHostReadMs=0.016 tCacheStateMs=0.181 stepMs=101.876
MTP-STEP round=5 depth=3 offered=2 accepted=2 committed=3 stepMs=101.8989
mtp-top2gap idx=17 token=2759 gap=6.5
STEP-TRACE round=6 d=2 acc=2 tGraphBuildMs=2.935 tEvalMs=98.502 tHostReadMs=0.023 tCacheStateMs=0.188 stepMs=101.647
MTP-STEP round=6 depth=3 offered=2 accepted=2 committed=3 stepMs=101.6702
mtp-top2gap idx=20 token=6522 gap=0.625
STEP-TRACE round=7 d=2 acc=2 tGraphBuildMs=3.052 tEvalMs=98.066 tHostReadMs=0.027 tCacheStateMs=0.190 stepMs=101.335
MTP-STEP round=7 depth=3 offered=2 accepted=2 committed=3 stepMs=101.3580
mtp-top2gap idx=23 token=11352 gap=0.5
STEP-TRACE round=8 d=2 acc=2 tGraphBuildMs=2.966 tEvalMs=98.400 tHostReadMs=0.017 tCacheStateMs=0.192 stepMs=101.575
MTP-STEP round=8 depth=3 offered=2 accepted=2 committed=3 stepMs=101.5974
mtp-top2gap idx=26 token=279 gap=2.75
STEP-TRACE round=9 d=2 acc=2 tGraphBuildMs=3.296 tEvalMs=99.556 tHostReadMs=0.023 tCacheStateMs=0.215 stepMs=103.090
MTP-STEP round=9 depth=3 offered=2 accepted=2 committed=3 stepMs=103.1198
mtp-top2gap idx=29 token=321 gap=0.125
STEP-TRACE round=10 d=2 acc=2 tGraphBuildMs=3.384 tEvalMs=99.428 tHostReadMs=0.022 tCacheStateMs=0.237 stepMs=103.071
MTP-STEP round=10 depth=3 offered=2 accepted=2 committed=3 stepMs=103.1056
mtp-top2gap idx=30 token=17066 gap=0.875
STEP-TRACE round=11 d=2 acc=0 tGraphBuildMs=3.854 tEvalMs=97.791 tHostReadMs=0.022 tCacheStateMs=1.558 stepMs=103.226
MTP-STEP round=11 depth=3 offered=2 accepted=0 committed=1 stepMs=103.2532
mtp-top2gap idx=32 token=28459 gap=0
STEP-TRACE round=12 d=2 acc=1 tGraphBuildMs=3.208 tEvalMs=96.619 tHostReadMs=0.021 tCacheStateMs=1.397 stepMs=101.245
MTP-STEP round=12 depth=3 offered=2 accepted=1 committed=2 stepMs=101.2887
mtp-top2gap idx=35 token=13962 gap=4.875
STEP-TRACE round=13 d=2 acc=2 tGraphBuildMs=3.180 tEvalMs=97.131 tHostReadMs=0.022 tCacheStateMs=0.177 stepMs=100.509
MTP-STEP round=13 depth=3 offered=2 accepted=2 committed=3 stepMs=100.5313
mtp-top2gap idx=38 token=13 gap=12.3125
STEP-TRACE round=14 d=2 acc=2 tGraphBuildMs=2.904 tEvalMs=97.902 tHostReadMs=0.017 tCacheStateMs=0.182 stepMs=101.005
MTP-STEP round=14 depth=3 offered=2 accepted=2 committed=3 stepMs=101.0286
mtp-top2gap idx=41 token=27501 gap=10.75
STEP-TRACE round=15 d=2 acc=2 tGraphBuildMs=3.044 tEvalMs=97.418 tHostReadMs=0.024 tCacheStateMs=0.179 stepMs=100.665
MTP-STEP round=15 depth=3 offered=2 accepted=2 committed=3 stepMs=100.6896
mtp-top2gap idx=43 token=11300 gap=0.375
STEP-TRACE round=16 d=2 acc=1 tGraphBuildMs=2.877 tEvalMs=99.037 tHostReadMs=0.018 tCacheStateMs=1.289 stepMs=103.222
MTP-STEP round=16 depth=3 offered=2 accepted=1 committed=2 stepMs=103.2583
mtp-top2gap idx=46 token=6522 gap=2.375
STEP-TRACE round=17 d=2 acc=2 tGraphBuildMs=3.122 tEvalMs=99.335 tHostReadMs=0.019 tCacheStateMs=0.198 stepMs=102.673
MTP-STEP round=17 depth=3 offered=2 accepted=2 committed=3 stepMs=102.6968
mtp-top2gap idx=49 token=11870 gap=3.625
STEP-TRACE round=18 d=2 acc=2 tGraphBuildMs=2.986 tEvalMs=98.432 tHostReadMs=0.019 tCacheStateMs=0.214 stepMs=101.650
MTP-STEP round=18 depth=3 offered=2 accepted=2 committed=3 stepMs=101.6826
mtp-top2gap idx=51 token=28043 gap=1.625
STEP-TRACE round=19 d=2 acc=1 tGraphBuildMs=3.069 tEvalMs=98.170 tHostReadMs=0.019 tCacheStateMs=1.349 stepMs=102.608
MTP-STEP round=19 depth=3 offered=2 accepted=1 committed=2 stepMs=102.6493
mtp-top2gap idx=53 token=16243 gap=1.5
STEP-TRACE round=20 d=2 acc=1 tGraphBuildMs=3.167 tEvalMs=97.130 tHostReadMs=0.019 tCacheStateMs=1.341 stepMs=101.657
MTP-STEP round=20 depth=3 offered=2 accepted=1 committed=2 stepMs=101.6936
mtp-top2gap idx=54 token=1040 gap=0.875
STEP-TRACE round=21 d=2 acc=0 tGraphBuildMs=3.111 tEvalMs=97.266 tHostReadMs=0.017 tCacheStateMs=1.398 stepMs=101.792
MTP-STEP round=21 depth=3 offered=2 accepted=0 committed=1 stepMs=101.8290
mtp-top2gap idx=57 token=11 gap=3.25
STEP-TRACE round=22 d=2 acc=2 tGraphBuildMs=2.961 tEvalMs=96.706 tHostReadMs=0.016 tCacheStateMs=0.183 stepMs=99.865
MTP-STEP round=22 depth=3 offered=2 accepted=2 committed=3 stepMs=99.8878
mtp-top2gap idx=58 token=44424 gap=0.25
STEP-TRACE round=23 d=2 acc=0 tGraphBuildMs=2.924 tEvalMs=97.581 tHostReadMs=0.019 tCacheStateMs=1.312 stepMs=101.835
MTP-STEP round=23 depth=3 offered=2 accepted=0 committed=1 stepMs=101.8735
mtp-top2gap idx=59 token=4478 gap=0.375
STEP-TRACE round=24 d=2 acc=0 tGraphBuildMs=3.178 tEvalMs=96.367 tHostReadMs=0.016 tCacheStateMs=1.369 stepMs=100.929
MTP-STEP round=24 depth=3 offered=2 accepted=0 committed=1 stepMs=100.9669
mtp-top2gap idx=62 token=4003 gap=4.5
STEP-TRACE round=25 d=2 acc=2 tGraphBuildMs=3.017 tEvalMs=99.422 tHostReadMs=0.018 tCacheStateMs=0.224 stepMs=102.681
MTP-STEP round=25 depth=3 offered=2 accepted=2 committed=3 stepMs=102.7079
mtp-top2gap idx=65 token=1049 gap=1.125
STEP-TRACE round=26 d=2 acc=2 tGraphBuildMs=3.121 tEvalMs=97.904 tHostReadMs=0.026 tCacheStateMs=0.226 stepMs=101.278
MTP-STEP round=26 depth=3 offered=2 accepted=2 committed=3 stepMs=101.3061
mtp-top2gap idx=68 token=310 gap=2.625
STEP-TRACE round=27 d=2 acc=2 tGraphBuildMs=3.015 tEvalMs=97.976 tHostReadMs=0.019 tCacheStateMs=0.220 stepMs=101.231
MTP-STEP round=27 depth=3 offered=2 accepted=2 committed=3 stepMs=101.2578
mtp-top2gap idx=70 token=39328 gap=2
STEP-TRACE round=28 d=2 acc=1 tGraphBuildMs=3.011 tEvalMs=98.030 tHostReadMs=0.022 tCacheStateMs=1.411 stepMs=102.474
MTP-STEP round=28 depth=3 offered=2 accepted=1 committed=2 stepMs=102.5105
mtp-top2gap idx=71 token=440 gap=0
STEP-TRACE round=29 d=2 acc=0 tGraphBuildMs=3.265 tEvalMs=96.774 tHostReadMs=0.022 tCacheStateMs=1.410 stepMs=101.471
MTP-STEP round=29 depth=3 offered=2 accepted=0 committed=1 stepMs=101.5165
mtp-top2gap idx=73 token=1510 gap=4.125
STEP-TRACE round=30 d=2 acc=1 tGraphBuildMs=3.183 tEvalMs=96.631 tHostReadMs=0.024 tCacheStateMs=1.295 stepMs=101.134
MTP-STEP round=30 depth=3 offered=2 accepted=1 committed=2 stepMs=101.1704
mtp-top2gap idx=76 token=321 gap=9.25
STEP-TRACE round=31 d=2 acc=2 tGraphBuildMs=3.063 tEvalMs=97.130 tHostReadMs=0.019 tCacheStateMs=0.198 stepMs=100.409
MTP-STEP round=31 depth=3 offered=2 accepted=2 committed=3 stepMs=100.4369
mtp-top2gap idx=79 token=8908 gap=6.375
STEP-TRACE round=32 d=2 acc=2 tGraphBuildMs=2.980 tEvalMs=97.986 tHostReadMs=0.019 tCacheStateMs=0.213 stepMs=101.198
MTP-STEP round=32 depth=3 offered=2 accepted=2 committed=3 stepMs=101.2245
mtp-top2gap idx=82 token=539 gap=2.125
STEP-TRACE round=33 d=2 acc=2 tGraphBuildMs=3.254 tEvalMs=97.083 tHostReadMs=0.023 tCacheStateMs=0.223 stepMs=100.584
MTP-STEP round=33 depth=3 offered=2 accepted=2 committed=3 stepMs=100.6093
mtp-top2gap idx=85 token=13 gap=7.8125
STEP-TRACE round=34 d=2 acc=2 tGraphBuildMs=3.063 tEvalMs=97.943 tHostReadMs=0.019 tCacheStateMs=0.203 stepMs=101.228
MTP-STEP round=34 depth=3 offered=2 accepted=2 committed=3 stepMs=101.2531
mtp-top2gap idx=88 token=1536 gap=10.875
STEP-TRACE round=35 d=2 acc=2 tGraphBuildMs=3.066 tEvalMs=97.705 tHostReadMs=0.021 tCacheStateMs=0.206 stepMs=100.997
MTP-STEP round=35 depth=3 offered=2 accepted=2 committed=3 stepMs=101.0209
mtp-top2gap idx=91 token=198 gap=2
STEP-TRACE round=36 d=2 acc=2 tGraphBuildMs=3.044 tEvalMs=97.272 tHostReadMs=0.023 tCacheStateMs=0.198 stepMs=100.537
MTP-STEP round=36 depth=3 offered=2 accepted=2 committed=3 stepMs=100.5688
mtp-top2gap idx=94 token=2972 gap=10.375
STEP-TRACE round=37 d=2 acc=2 tGraphBuildMs=3.068 tEvalMs=97.339 tHostReadMs=0.022 tCacheStateMs=0.193 stepMs=100.623
MTP-STEP round=37 depth=3 offered=2 accepted=2 committed=3 stepMs=100.6461
mtp-top2gap idx=97 token=6903 gap=8.875
STEP-TRACE round=38 d=2 acc=2 tGraphBuildMs=3.023 tEvalMs=98.243 tHostReadMs=0.022 tCacheStateMs=0.220 stepMs=101.508
MTP-STEP round=38 depth=3 offered=2 accepted=2 committed=3 stepMs=101.5342
mtp-top2gap idx=99 token=63 gap=0
STEP-TRACE round=39 d=2 acc=1 tGraphBuildMs=2.967 tEvalMs=99.663 tHostReadMs=0.020 tCacheStateMs=1.327 stepMs=103.976
MTP-STEP round=39 depth=3 offered=2 accepted=1 committed=2 stepMs=104.0118
mtp-top2gap idx=102 token=2665 gap=12.0625
STEP-TRACE round=40 d=2 acc=2 tGraphBuildMs=3.438 tEvalMs=99.569 tHostReadMs=0.019 tCacheStateMs=0.206 stepMs=103.232
MTP-STEP round=40 depth=3 offered=2 accepted=2 committed=3 stepMs=103.2563
mtp-top2gap idx=105 token=8908 gap=8.8125
STEP-TRACE round=41 d=2 acc=2 tGraphBuildMs=3.041 tEvalMs=99.391 tHostReadMs=0.020 tCacheStateMs=0.220 stepMs=102.671
MTP-STEP round=41 depth=3 offered=2 accepted=2 committed=3 stepMs=102.6985
mtp-top2gap idx=106 token=63 gap=0.875
STEP-TRACE round=42 d=2 acc=0 tGraphBuildMs=2.995 tEvalMs=99.482 tHostReadMs=0.020 tCacheStateMs=1.388 stepMs=103.885
MTP-STEP round=42 depth=3 offered=2 accepted=0 committed=1 stepMs=103.9225
mtp-top2gap idx=108 token=64360 gap=2.375
STEP-TRACE round=43 d=2 acc=1 tGraphBuildMs=3.109 tEvalMs=97.177 tHostReadMs=0.019 tCacheStateMs=1.336 stepMs=101.641
MTP-STEP round=43 depth=3 offered=2 accepted=1 committed=2 stepMs=101.6914
mtp-top2gap idx=111 token=310 gap=0.375
STEP-TRACE round=44 d=2 acc=2 tGraphBuildMs=3.283 tEvalMs=96.772 tHostReadMs=0.030 tCacheStateMs=0.213 stepMs=100.298
MTP-STEP round=44 depth=3 offered=2 accepted=2 committed=3 stepMs=100.3203
mtp-top2gap idx=113 token=1558 gap=4.75
STEP-TRACE round=45 d=2 acc=1 tGraphBuildMs=3.233 tEvalMs=97.762 tHostReadMs=0.019 tCacheStateMs=1.369 stepMs=102.383
MTP-STEP round=45 depth=3 offered=2 accepted=1 committed=2 stepMs=102.4207
mtp-top2gap idx=116 token=21998 gap=0.125
STEP-TRACE round=46 d=2 acc=2 tGraphBuildMs=3.293 tEvalMs=96.813 tHostReadMs=0.023 tCacheStateMs=0.206 stepMs=100.335
MTP-STEP round=46 depth=3 offered=2 accepted=2 committed=3 stepMs=100.3591
mtp-top2gap idx=119 token=44424 gap=8.5
STEP-TRACE round=47 d=2 acc=2 tGraphBuildMs=3.136 tEvalMs=97.701 tHostReadMs=0.026 tCacheStateMs=0.209 stepMs=101.073
MTP-STEP round=47 depth=3 offered=2 accepted=2 committed=3 stepMs=101.0995
mtp-top2gap idx=120 token=11 gap=0.375
STEP-TRACE round=48 d=2 acc=0 tGraphBuildMs=2.995 tEvalMs=97.407 tHostReadMs=0.021 tCacheStateMs=1.393 stepMs=101.817
MTP-STEP round=48 depth=3 offered=2 accepted=0 committed=1 stepMs=101.8626
mtp-top2gap idx=121 token=5222 gap=0.375
STEP-TRACE round=49 d=2 acc=0 tGraphBuildMs=3.179 tEvalMs=98.479 tHostReadMs=0.025 tCacheStateMs=1.387 stepMs=103.071
MTP-STEP round=49 depth=3 offered=2 accepted=0 committed=1 stepMs=103.1161
mtp-top2gap idx=123 token=12720 gap=0
STEP-TRACE round=50 d=2 acc=1 tGraphBuildMs=3.567 tEvalMs=97.239 tHostReadMs=0.019 tCacheStateMs=1.369 stepMs=102.194
MTP-STEP round=50 depth=3 offered=2 accepted=1 committed=2 stepMs=102.2528
mtp-top2gap idx=125 token=4528 gap=0.125
STEP-TRACE round=51 d=2 acc=1 tGraphBuildMs=3.109 tEvalMs=97.030 tHostReadMs=0.021 tCacheStateMs=1.324 stepMs=101.484
MTP-STEP round=51 depth=3 offered=2 accepted=1 committed=2 stepMs=101.5258
mtp-top2gap idx=126 token=8019 gap=0
STEP-TRACE round=52 d=2 acc=0 tGraphBuildMs=3.086 tEvalMs=97.167 tHostReadMs=0.023 tCacheStateMs=1.464 stepMs=101.741
MTP-STEP round=52 depth=3 offered=2 accepted=0 committed=1 stepMs=101.7877
mtp-top2gap idx=129 token=198 gap=8.9375
STEP-TRACE round=53 d=2 acc=2 tGraphBuildMs=3.045 tEvalMs=97.532 tHostReadMs=0.033 tCacheStateMs=0.208 stepMs=100.819
MTP-STEP round=53 depth=3 offered=2 accepted=2 committed=3 stepMs=100.8461
MTP-STEP-SUMMARY rounds=53 proposed=106 accepted=76 acceptedPerStep=1.4340 avgStepMs=406.4067 decodeSeconds=21.6369 committed=128 qmvVerifyRouted=2:135,3:5373,4:96 qmvVerifyFallback=1:102,12:96,512:195,2048:1536,32780:3 qmvVerifyMaterialized=0
