mtp-top2gap idx=3 token=3766 gap=1.5
STEP-TRACE round=1 d=2 acc=2 tGraphBuildMs=9419.154 tEvalMs=6147.488 tHostReadMs=0.053 tCacheStateMs=3.223 stepMs=15569.918
MTP-STEP round=1 depth=3 offered=2 accepted=2 committed=3 stepMs=15569.9907
mtp-top2gap idx=5 token=66320 gap=0.375
STEP-TRACE round=2 d=2 acc=1 tGraphBuildMs=3.213 tEvalMs=189.483 tHostReadMs=0.028 tCacheStateMs=1.430 stepMs=194.154
MTP-STEP round=2 depth=3 offered=2 accepted=1 committed=2 stepMs=194.1954
mtp-top2gap idx=8 token=369 gap=2.5
STEP-TRACE round=3 d=2 acc=2 tGraphBuildMs=3.272 tEvalMs=96.642 tHostReadMs=0.026 tCacheStateMs=0.210 stepMs=100.149
MTP-STEP round=3 depth=3 offered=2 accepted=2 committed=3 stepMs=100.1820
mtp-top2gap idx=11 token=314 gap=0.875
STEP-TRACE round=4 d=2 acc=2 tGraphBuildMs=3.861 tEvalMs=95.919 tHostReadMs=0.015 tCacheStateMs=0.154 stepMs=99.949
MTP-STEP round=4 depth=3 offered=2 accepted=2 committed=3 stepMs=99.9720
mtp-top2gap idx=14 token=64643 gap=1.625
STEP-TRACE round=5 d=2 acc=2 tGraphBuildMs=2.995 tEvalMs=96.769 tHostReadMs=0.026 tCacheStateMs=0.191 stepMs=99.981
MTP-STEP round=5 depth=3 offered=2 accepted=2 committed=3 stepMs=100.0037
mtp-top2gap idx=17 token=2759 gap=6.5
STEP-TRACE round=6 d=2 acc=2 tGraphBuildMs=3.002 tEvalMs=96.833 tHostReadMs=0.014 tCacheStateMs=0.165 stepMs=100.014
MTP-STEP round=6 depth=3 offered=2 accepted=2 committed=3 stepMs=100.0351
mtp-top2gap idx=20 token=6522 gap=0.5
STEP-TRACE round=7 d=2 acc=2 tGraphBuildMs=3.022 tEvalMs=96.800 tHostReadMs=0.017 tCacheStateMs=0.177 stepMs=100.016
MTP-STEP round=7 depth=3 offered=2 accepted=2 committed=3 stepMs=100.0404
mtp-top2gap idx=23 token=11352 gap=0.375
STEP-TRACE round=8 d=2 acc=2 tGraphBuildMs=2.941 tEvalMs=96.804 tHostReadMs=0.022 tCacheStateMs=0.160 stepMs=99.926
MTP-STEP round=8 depth=3 offered=2 accepted=2 committed=3 stepMs=99.9447
mtp-top2gap idx=26 token=279 gap=2.875
STEP-TRACE round=9 d=2 acc=2 tGraphBuildMs=2.878 tEvalMs=96.812 tHostReadMs=0.019 tCacheStateMs=0.177 stepMs=99.887
MTP-STEP round=9 depth=3 offered=2 accepted=2 committed=3 stepMs=99.9070
mtp-top2gap idx=29 token=321 gap=0.125
STEP-TRACE round=10 d=2 acc=2 tGraphBuildMs=2.957 tEvalMs=96.711 tHostReadMs=0.022 tCacheStateMs=0.158 stepMs=99.848
MTP-STEP round=10 depth=3 offered=2 accepted=2 committed=3 stepMs=99.8660
mtp-top2gap idx=32 token=28459 gap=0
STEP-TRACE round=11 d=2 acc=2 tGraphBuildMs=2.892 tEvalMs=97.013 tHostReadMs=0.022 tCacheStateMs=0.174 stepMs=100.101
MTP-STEP round=11 depth=3 offered=2 accepted=2 committed=3 stepMs=100.1230
mtp-top2gap idx=35 token=13962 gap=4.75
STEP-TRACE round=12 d=2 acc=2 tGraphBuildMs=2.923 tEvalMs=97.002 tHostReadMs=0.014 tCacheStateMs=0.169 stepMs=100.108
MTP-STEP round=12 depth=3 offered=2 accepted=2 committed=3 stepMs=100.1272
mtp-top2gap idx=38 token=13 gap=12.375
STEP-TRACE round=13 d=2 acc=2 tGraphBuildMs=2.900 tEvalMs=96.917 tHostReadMs=0.021 tCacheStateMs=0.165 stepMs=100.004
MTP-STEP round=13 depth=3 offered=2 accepted=2 committed=3 stepMs=100.0243
mtp-top2gap idx=41 token=27501 gap=10.75
STEP-TRACE round=14 d=2 acc=2 tGraphBuildMs=3.014 tEvalMs=97.168 tHostReadMs=0.017 tCacheStateMs=0.199 stepMs=100.397
MTP-STEP round=14 depth=3 offered=2 accepted=2 committed=3 stepMs=100.4187
mtp-top2gap idx=43 token=11300 gap=0.375
STEP-TRACE round=15 d=2 acc=1 tGraphBuildMs=2.991 tEvalMs=96.662 tHostReadMs=0.020 tCacheStateMs=1.288 stepMs=100.962
MTP-STEP round=15 depth=3 offered=2 accepted=1 committed=2 stepMs=101.0043
mtp-top2gap idx=46 token=6522 gap=2.5
STEP-TRACE round=16 d=2 acc=2 tGraphBuildMs=3.256 tEvalMs=96.736 tHostReadMs=0.015 tCacheStateMs=0.162 stepMs=100.169
MTP-STEP round=16 depth=3 offered=2 accepted=2 committed=3 stepMs=100.1877
mtp-top2gap idx=49 token=11870 gap=3.5
STEP-TRACE round=17 d=2 acc=2 tGraphBuildMs=2.887 tEvalMs=96.844 tHostReadMs=0.015 tCacheStateMs=0.145 stepMs=99.891
MTP-STEP round=17 depth=3 offered=2 accepted=2 committed=3 stepMs=99.9111
mtp-top2gap idx=51 token=28043 gap=1.75
STEP-TRACE round=18 d=2 acc=1 tGraphBuildMs=2.824 tEvalMs=97.147 tHostReadMs=0.013 tCacheStateMs=1.265 stepMs=101.249
MTP-STEP round=18 depth=3 offered=2 accepted=1 committed=2 stepMs=101.2807
mtp-top2gap idx=53 token=16243 gap=1.25
STEP-TRACE round=19 d=2 acc=1 tGraphBuildMs=3.131 tEvalMs=96.569 tHostReadMs=0.015 tCacheStateMs=1.239 stepMs=100.954
MTP-STEP round=19 depth=3 offered=2 accepted=1 committed=2 stepMs=100.9864
mtp-top2gap idx=54 token=1040 gap=0.875
STEP-TRACE round=20 d=2 acc=0 tGraphBuildMs=3.138 tEvalMs=96.542 tHostReadMs=0.022 tCacheStateMs=1.507 stepMs=101.209
MTP-STEP round=20 depth=3 offered=2 accepted=0 committed=1 stepMs=101.2296
mtp-top2gap idx=57 token=11 gap=3.25
STEP-TRACE round=21 d=2 acc=2 tGraphBuildMs=3.153 tEvalMs=95.901 tHostReadMs=0.012 tCacheStateMs=0.146 stepMs=99.210
MTP-STEP round=21 depth=3 offered=2 accepted=2 committed=3 stepMs=99.2303
mtp-top2gap idx=58 token=44424 gap=0.375
STEP-TRACE round=22 d=2 acc=0 tGraphBuildMs=2.840 tEvalMs=96.780 tHostReadMs=0.020 tCacheStateMs=1.430 stepMs=101.069
MTP-STEP round=22 depth=3 offered=2 accepted=0 committed=1 stepMs=101.1135
mtp-top2gap idx=59 token=4478 gap=0.375
STEP-TRACE round=23 d=2 acc=0 tGraphBuildMs=3.203 tEvalMs=96.118 tHostReadMs=0.021 tCacheStateMs=1.285 stepMs=100.627
MTP-STEP round=23 depth=3 offered=2 accepted=0 committed=1 stepMs=100.6615
mtp-top2gap idx=62 token=4003 gap=4.5
STEP-TRACE round=24 d=2 acc=2 tGraphBuildMs=3.108 tEvalMs=96.389 tHostReadMs=0.021 tCacheStateMs=0.191 stepMs=99.709
MTP-STEP round=24 depth=3 offered=2 accepted=2 committed=3 stepMs=99.7285
mtp-top2gap idx=65 token=1049 gap=1
STEP-TRACE round=25 d=2 acc=2 tGraphBuildMs=2.953 tEvalMs=97.054 tHostReadMs=0.023 tCacheStateMs=0.152 stepMs=100.183
MTP-STEP round=25 depth=3 offered=2 accepted=2 committed=3 stepMs=100.2022
mtp-top2gap idx=68 token=310 gap=2.75
STEP-TRACE round=26 d=2 acc=2 tGraphBuildMs=2.890 tEvalMs=96.963 tHostReadMs=0.020 tCacheStateMs=0.136 stepMs=100.009
MTP-STEP round=26 depth=3 offered=2 accepted=2 committed=3 stepMs=100.0280
mtp-top2gap idx=70 token=39328 gap=2
STEP-TRACE round=27 d=2 acc=1 tGraphBuildMs=2.784 tEvalMs=96.990 tHostReadMs=0.019 tCacheStateMs=1.249 stepMs=101.042
MTP-STEP round=27 depth=3 offered=2 accepted=1 committed=2 stepMs=101.0719
mtp-top2gap idx=73 token=13779 gap=7.125
STEP-TRACE round=28 d=2 acc=2 tGraphBuildMs=3.085 tEvalMs=96.770 tHostReadMs=0.020 tCacheStateMs=0.166 stepMs=100.041
MTP-STEP round=28 depth=3 offered=2 accepted=2 committed=3 stepMs=100.0595
mtp-top2gap idx=75 token=3050 gap=0.375
STEP-TRACE round=29 d=2 acc=1 tGraphBuildMs=2.878 tEvalMs=97.123 tHostReadMs=0.020 tCacheStateMs=1.230 stepMs=101.250
MTP-STEP round=29 depth=3 offered=2 accepted=1 committed=2 stepMs=101.2798
mtp-top2gap idx=78 token=63 gap=7.3125
STEP-TRACE round=30 d=2 acc=2 tGraphBuildMs=3.077 tEvalMs=96.792 tHostReadMs=0.021 tCacheStateMs=0.148 stepMs=100.039
MTP-STEP round=30 depth=3 offered=2 accepted=2 committed=3 stepMs=100.0584
mtp-top2gap idx=81 token=36196 gap=8.375
STEP-TRACE round=31 d=2 acc=2 tGraphBuildMs=2.820 tEvalMs=97.792 tHostReadMs=0.024 tCacheStateMs=0.191 stepMs=100.826
MTP-STEP round=31 depth=3 offered=2 accepted=2 committed=3 stepMs=100.8501
mtp-top2gap idx=84 token=37066 gap=5.5
STEP-TRACE round=32 d=2 acc=2 tGraphBuildMs=2.984 tEvalMs=97.164 tHostReadMs=0.025 tCacheStateMs=0.174 stepMs=100.347
MTP-STEP round=32 depth=3 offered=2 accepted=2 committed=3 stepMs=100.3667
mtp-top2gap idx=87 token=332 gap=1.375
STEP-TRACE round=33 d=2 acc=2 tGraphBuildMs=2.978 tEvalMs=96.858 tHostReadMs=0.023 tCacheStateMs=0.170 stepMs=100.030
MTP-STEP round=33 depth=3 offered=2 accepted=2 committed=3 stepMs=100.0505
mtp-top2gap idx=90 token=64700 gap=10.375
STEP-TRACE round=34 d=2 acc=2 tGraphBuildMs=2.920 tEvalMs=97.177 tHostReadMs=0.017 tCacheStateMs=0.169 stepMs=100.282
MTP-STEP round=34 depth=3 offered=2 accepted=2 committed=3 stepMs=100.3027
mtp-top2gap idx=93 token=256 gap=9.6875
STEP-TRACE round=35 d=2 acc=2 tGraphBuildMs=2.925 tEvalMs=96.729 tHostReadMs=0.021 tCacheStateMs=0.169 stepMs=99.843
MTP-STEP round=35 depth=3 offered=2 accepted=2 committed=3 stepMs=99.8631
mtp-top2gap idx=96 token=2665 gap=2.75
STEP-TRACE round=36 d=2 acc=2 tGraphBuildMs=2.930 tEvalMs=97.044 tHostReadMs=0.022 tCacheStateMs=0.181 stepMs=100.177
MTP-STEP round=36 depth=3 offered=2 accepted=2 committed=3 stepMs=100.2057
mtp-top2gap idx=99 token=8908 gap=0.125
STEP-TRACE round=37 d=2 acc=2 tGraphBuildMs=2.996 tEvalMs=96.832 tHostReadMs=0.022 tCacheStateMs=0.208 stepMs=100.058
MTP-STEP round=37 depth=3 offered=2 accepted=2 committed=3 stepMs=100.0850
mtp-top2gap idx=101 token=594 gap=0.375
STEP-TRACE round=38 d=2 acc=1 tGraphBuildMs=3.110 tEvalMs=96.994 tHostReadMs=0.021 tCacheStateMs=1.334 stepMs=101.460
MTP-STEP round=38 depth=3 offered=2 accepted=1 committed=2 stepMs=101.5037
mtp-top2gap idx=104 token=6903 gap=12.1875
STEP-TRACE round=39 d=2 acc=2 tGraphBuildMs=3.253 tEvalMs=96.450 tHostReadMs=0.027 tCacheStateMs=0.194 stepMs=99.924
MTP-STEP round=39 depth=3 offered=2 accepted=2 committed=3 stepMs=99.9445
mtp-top2gap idx=106 token=63 gap=0.375
STEP-TRACE round=40 d=2 acc=1 tGraphBuildMs=2.988 tEvalMs=96.940 tHostReadMs=0.024 tCacheStateMs=1.345 stepMs=101.298
MTP-STEP round=40 depth=3 offered=2 accepted=1 committed=2 stepMs=101.3369
mtp-top2gap idx=108 token=64360 gap=2.125
STEP-TRACE round=41 d=2 acc=1 tGraphBuildMs=3.285 tEvalMs=97.280 tHostReadMs=0.017 tCacheStateMs=1.405 stepMs=101.987
MTP-STEP round=41 depth=3 offered=2 accepted=1 committed=2 stepMs=102.0282
mtp-top2gap idx=111 token=310 gap=0.375
STEP-TRACE round=42 d=2 acc=2 tGraphBuildMs=3.257 tEvalMs=96.955 tHostReadMs=0.018 tCacheStateMs=0.214 stepMs=100.445
MTP-STEP round=42 depth=3 offered=2 accepted=2 committed=3 stepMs=100.4748
mtp-top2gap idx=113 token=1558 gap=5
STEP-TRACE round=43 d=2 acc=1 tGraphBuildMs=3.054 tEvalMs=96.928 tHostReadMs=0.017 tCacheStateMs=1.335 stepMs=101.334
MTP-STEP round=43 depth=3 offered=2 accepted=1 committed=2 stepMs=101.3823
mtp-top2gap idx=116 token=279 gap=0.125
STEP-TRACE round=44 d=2 acc=2 tGraphBuildMs=3.247 tEvalMs=96.441 tHostReadMs=0.032 tCacheStateMs=0.206 stepMs=99.926
MTP-STEP round=44 depth=3 offered=2 accepted=2 committed=3 stepMs=99.9509
mtp-top2gap idx=119 token=264 gap=1.75
STEP-TRACE round=45 d=2 acc=2 tGraphBuildMs=3.080 tEvalMs=96.710 tHostReadMs=0.019 tCacheStateMs=0.200 stepMs=100.009
MTP-STEP round=45 depth=3 offered=2 accepted=2 committed=3 stepMs=100.0311
mtp-top2gap idx=122 token=13 gap=0.5
STEP-TRACE round=46 d=2 acc=2 tGraphBuildMs=3.009 tEvalMs=96.803 tHostReadMs=0.016 tCacheStateMs=0.193 stepMs=100.021
MTP-STEP round=46 depth=3 offered=2 accepted=2 committed=3 stepMs=100.0435
mtp-top2gap idx=125 token=256 gap=7.6875
STEP-TRACE round=47 d=2 acc=2 tGraphBuildMs=3.159 tEvalMs=96.482 tHostReadMs=0.015 tCacheStateMs=0.172 stepMs=99.828
MTP-STEP round=47 depth=3 offered=2 accepted=2 committed=3 stepMs=99.8486
mtp-top2gap idx=128 token=82040 gap=11.875
STEP-TRACE round=48 d=2 acc=2 tGraphBuildMs=2.929 tEvalMs=96.915 tHostReadMs=0.022 tCacheStateMs=0.212 stepMs=100.079
MTP-STEP round=48 depth=3 offered=2 accepted=2 committed=3 stepMs=100.1063
MTP-STEP-SUMMARY rounds=48 proposed=96 accepted=80 acceptedPerStep=1.6667 avgStepMs=424.6091 decodeSeconds=20.3846 committed=128 qmvVerifyRouted=2:129,3:4902,4:96 qmvVerifyFallback=1:99,12:96,512:195,2048:1536,32780:3 qmvVerifyMaterialized=0
