mtp-top2gap idx=3 token=3766 gap=1.5
STEP-TRACE round=1 d=2 acc=2 tGraphBuildMs=7785.156 tEvalMs=3936.485 tHostReadMs=2.384 tCacheStateMs=0.389 stepMs=11724.415
MTP-STEP round=1 depth=3 offered=2 accepted=2 committed=3 stepMs=11724.4691
mtp-top2gap idx=5 token=66320 gap=0.375
STEP-TRACE round=2 d=2 acc=1 tGraphBuildMs=3.127 tEvalMs=200.471 tHostReadMs=0.024 tCacheStateMs=1.714 stepMs=205.336
MTP-STEP round=2 depth=3 offered=2 accepted=1 committed=2 stepMs=205.3907
mtp-top2gap idx=8 token=369 gap=2.5
STEP-TRACE round=3 d=2 acc=2 tGraphBuildMs=3.609 tEvalMs=96.693 tHostReadMs=0.024 tCacheStateMs=0.240 stepMs=100.566
MTP-STEP round=3 depth=3 offered=2 accepted=2 committed=3 stepMs=100.5985
mtp-top2gap idx=11 token=314 gap=0.875
STEP-TRACE round=4 d=2 acc=2 tGraphBuildMs=3.693 tEvalMs=96.890 tHostReadMs=0.020 tCacheStateMs=0.230 stepMs=100.834
MTP-STEP round=4 depth=3 offered=2 accepted=2 committed=3 stepMs=100.8650
mtp-top2gap idx=14 token=64643 gap=1.625
STEP-TRACE round=5 d=2 acc=2 tGraphBuildMs=3.155 tEvalMs=97.314 tHostReadMs=0.022 tCacheStateMs=0.217 stepMs=100.708
MTP-STEP round=5 depth=3 offered=2 accepted=2 committed=3 stepMs=100.7333
mtp-top2gap idx=17 token=2759 gap=6.5
STEP-TRACE round=6 d=2 acc=2 tGraphBuildMs=3.134 tEvalMs=97.570 tHostReadMs=0.019 tCacheStateMs=0.344 stepMs=101.067
MTP-STEP round=6 depth=3 offered=2 accepted=2 committed=3 stepMs=101.0957
mtp-top2gap idx=20 token=6522 gap=0.5
STEP-TRACE round=7 d=2 acc=2 tGraphBuildMs=3.244 tEvalMs=97.102 tHostReadMs=0.020 tCacheStateMs=0.202 stepMs=100.567
MTP-STEP round=7 depth=3 offered=2 accepted=2 committed=3 stepMs=100.5940
mtp-top2gap idx=23 token=11352 gap=0.375
STEP-TRACE round=8 d=2 acc=2 tGraphBuildMs=3.192 tEvalMs=96.556 tHostReadMs=0.030 tCacheStateMs=0.201 stepMs=99.978
MTP-STEP round=8 depth=3 offered=2 accepted=2 committed=3 stepMs=100.0024
mtp-top2gap idx=26 token=279 gap=2.875
STEP-TRACE round=9 d=2 acc=2 tGraphBuildMs=3.081 tEvalMs=97.365 tHostReadMs=0.022 tCacheStateMs=0.201 stepMs=100.670
MTP-STEP round=9 depth=3 offered=2 accepted=2 committed=3 stepMs=100.6950
mtp-top2gap idx=29 token=321 gap=0.125
STEP-TRACE round=10 d=2 acc=2 tGraphBuildMs=3.032 tEvalMs=96.411 tHostReadMs=0.026 tCacheStateMs=0.159 stepMs=99.628
MTP-STEP round=10 depth=3 offered=2 accepted=2 committed=3 stepMs=99.6495
mtp-top2gap idx=32 token=28459 gap=0
STEP-TRACE round=11 d=2 acc=2 tGraphBuildMs=2.892 tEvalMs=96.969 tHostReadMs=0.021 tCacheStateMs=0.208 stepMs=100.090
MTP-STEP round=11 depth=3 offered=2 accepted=2 committed=3 stepMs=100.1213
mtp-top2gap idx=35 token=13962 gap=4.75
STEP-TRACE round=12 d=2 acc=2 tGraphBuildMs=3.039 tEvalMs=96.522 tHostReadMs=0.025 tCacheStateMs=0.171 stepMs=99.756
MTP-STEP round=12 depth=3 offered=2 accepted=2 committed=3 stepMs=99.7802
mtp-top2gap idx=38 token=13 gap=12.375
STEP-TRACE round=13 d=2 acc=2 tGraphBuildMs=2.872 tEvalMs=97.022 tHostReadMs=0.020 tCacheStateMs=0.154 stepMs=100.069
MTP-STEP round=13 depth=3 offered=2 accepted=2 committed=3 stepMs=100.0935
mtp-top2gap idx=41 token=27501 gap=10.75
STEP-TRACE round=14 d=2 acc=2 tGraphBuildMs=2.903 tEvalMs=97.280 tHostReadMs=0.024 tCacheStateMs=0.185 stepMs=100.391
MTP-STEP round=14 depth=3 offered=2 accepted=2 committed=3 stepMs=100.4172
mtp-top2gap idx=43 token=11300 gap=0.375
STEP-TRACE round=15 d=2 acc=1 tGraphBuildMs=2.915 tEvalMs=97.076 tHostReadMs=0.019 tCacheStateMs=1.236 stepMs=101.247
MTP-STEP round=15 depth=3 offered=2 accepted=1 committed=2 stepMs=101.2809
mtp-top2gap idx=46 token=6522 gap=2.5
STEP-TRACE round=16 d=2 acc=2 tGraphBuildMs=3.099 tEvalMs=96.816 tHostReadMs=0.025 tCacheStateMs=0.191 stepMs=100.131
MTP-STEP round=16 depth=3 offered=2 accepted=2 committed=3 stepMs=100.1590
mtp-top2gap idx=49 token=11870 gap=3.5
STEP-TRACE round=17 d=2 acc=2 tGraphBuildMs=2.915 tEvalMs=97.347 tHostReadMs=0.024 tCacheStateMs=0.178 stepMs=100.463
MTP-STEP round=17 depth=3 offered=2 accepted=2 committed=3 stepMs=100.4846
mtp-top2gap idx=51 token=28043 gap=1.75
STEP-TRACE round=18 d=2 acc=1 tGraphBuildMs=2.887 tEvalMs=96.852 tHostReadMs=0.021 tCacheStateMs=1.213 stepMs=100.972
MTP-STEP round=18 depth=3 offered=2 accepted=1 committed=2 stepMs=101.0018
mtp-top2gap idx=53 token=16243 gap=1.25
STEP-TRACE round=19 d=2 acc=1 tGraphBuildMs=3.056 tEvalMs=96.874 tHostReadMs=0.021 tCacheStateMs=1.182 stepMs=101.134
MTP-STEP round=19 depth=3 offered=2 accepted=1 committed=2 stepMs=101.1628
mtp-top2gap idx=54 token=1040 gap=0.875
STEP-TRACE round=20 d=2 acc=0 tGraphBuildMs=3.034 tEvalMs=96.801 tHostReadMs=0.016 tCacheStateMs=1.524 stepMs=101.376
MTP-STEP round=20 depth=3 offered=2 accepted=0 committed=1 stepMs=101.3975
mtp-top2gap idx=57 token=11 gap=3.25
STEP-TRACE round=21 d=2 acc=2 tGraphBuildMs=3.128 tEvalMs=95.924 tHostReadMs=0.023 tCacheStateMs=0.166 stepMs=99.241
MTP-STEP round=21 depth=3 offered=2 accepted=2 committed=3 stepMs=99.2605
mtp-top2gap idx=58 token=44424 gap=0.375
STEP-TRACE round=22 d=2 acc=0 tGraphBuildMs=2.927 tEvalMs=97.919 tHostReadMs=0.015 tCacheStateMs=1.360 stepMs=102.220
MTP-STEP round=22 depth=3 offered=2 accepted=0 committed=1 stepMs=102.2586
mtp-top2gap idx=59 token=4478 gap=0.375
STEP-TRACE round=23 d=2 acc=0 tGraphBuildMs=3.144 tEvalMs=97.578 tHostReadMs=0.023 tCacheStateMs=1.324 stepMs=102.069
MTP-STEP round=23 depth=3 offered=2 accepted=0 committed=1 stepMs=102.1027
mtp-top2gap idx=62 token=4003 gap=4.5
STEP-TRACE round=24 d=2 acc=2 tGraphBuildMs=3.156 tEvalMs=98.411 tHostReadMs=0.022 tCacheStateMs=0.182 stepMs=101.772
MTP-STEP round=24 depth=3 offered=2 accepted=2 committed=3 stepMs=101.7933
mtp-top2gap idx=65 token=1049 gap=1
STEP-TRACE round=25 d=2 acc=2 tGraphBuildMs=2.925 tEvalMs=100.449 tHostReadMs=0.023 tCacheStateMs=0.179 stepMs=103.576
MTP-STEP round=25 depth=3 offered=2 accepted=2 committed=3 stepMs=103.5984
mtp-top2gap idx=68 token=310 gap=2.75
STEP-TRACE round=26 d=2 acc=2 tGraphBuildMs=2.911 tEvalMs=101.266 tHostReadMs=0.021 tCacheStateMs=0.174 stepMs=104.372
MTP-STEP round=26 depth=3 offered=2 accepted=2 committed=3 stepMs=104.3945
mtp-top2gap idx=70 token=39328 gap=2
STEP-TRACE round=27 d=2 acc=1 tGraphBuildMs=2.894 tEvalMs=102.355 tHostReadMs=0.021 tCacheStateMs=1.166 stepMs=106.435
MTP-STEP round=27 depth=3 offered=2 accepted=1 committed=2 stepMs=106.4680
mtp-top2gap idx=73 token=13779 gap=7.125
STEP-TRACE round=28 d=2 acc=2 tGraphBuildMs=3.115 tEvalMs=102.636 tHostReadMs=0.023 tCacheStateMs=0.164 stepMs=105.938
MTP-STEP round=28 depth=3 offered=2 accepted=2 committed=3 stepMs=105.9578
mtp-top2gap idx=75 token=3050 gap=0.375
STEP-TRACE round=29 d=2 acc=1 tGraphBuildMs=2.850 tEvalMs=103.623 tHostReadMs=0.020 tCacheStateMs=1.198 stepMs=107.692
MTP-STEP round=29 depth=3 offered=2 accepted=1 committed=2 stepMs=107.7241
mtp-top2gap idx=78 token=63 gap=7.3125
STEP-TRACE round=30 d=2 acc=2 tGraphBuildMs=3.111 tEvalMs=104.007 tHostReadMs=0.018 tCacheStateMs=0.146 stepMs=107.281
MTP-STEP round=30 depth=3 offered=2 accepted=2 committed=3 stepMs=107.3068
mtp-top2gap idx=81 token=36196 gap=8.375
STEP-TRACE round=31 d=2 acc=2 tGraphBuildMs=2.817 tEvalMs=104.642 tHostReadMs=0.014 tCacheStateMs=0.171 stepMs=107.643
MTP-STEP round=31 depth=3 offered=2 accepted=2 committed=3 stepMs=107.6665
mtp-top2gap idx=84 token=37066 gap=5.5
STEP-TRACE round=32 d=2 acc=2 tGraphBuildMs=2.873 tEvalMs=105.969 tHostReadMs=0.018 tCacheStateMs=0.151 stepMs=109.012
MTP-STEP round=32 depth=3 offered=2 accepted=2 committed=3 stepMs=109.0318
mtp-top2gap idx=87 token=332 gap=1.375
STEP-TRACE round=33 d=2 acc=2 tGraphBuildMs=2.809 tEvalMs=107.723 tHostReadMs=0.020 tCacheStateMs=0.136 stepMs=110.689
MTP-STEP round=33 depth=3 offered=2 accepted=2 committed=3 stepMs=110.7084
mtp-top2gap idx=90 token=64700 gap=10.375
STEP-TRACE round=34 d=2 acc=2 tGraphBuildMs=2.785 tEvalMs=108.634 tHostReadMs=0.024 tCacheStateMs=0.186 stepMs=111.628
MTP-STEP round=34 depth=3 offered=2 accepted=2 committed=3 stepMs=111.6537
mtp-top2gap idx=93 token=256 gap=9.6875
STEP-TRACE round=35 d=2 acc=2 tGraphBuildMs=2.969 tEvalMs=110.971 tHostReadMs=0.019 tCacheStateMs=0.161 stepMs=114.119
MTP-STEP round=35 depth=3 offered=2 accepted=2 committed=3 stepMs=114.1425
mtp-top2gap idx=96 token=2665 gap=2.75
STEP-TRACE round=36 d=2 acc=2 tGraphBuildMs=2.821 tEvalMs=111.887 tHostReadMs=0.022 tCacheStateMs=0.187 stepMs=114.918
MTP-STEP round=36 depth=3 offered=2 accepted=2 committed=3 stepMs=114.9515
mtp-top2gap idx=99 token=8908 gap=0.125
STEP-TRACE round=37 d=2 acc=2 tGraphBuildMs=2.906 tEvalMs=113.311 tHostReadMs=0.020 tCacheStateMs=0.239 stepMs=116.476
MTP-STEP round=37 depth=3 offered=2 accepted=2 committed=3 stepMs=116.5154
mtp-top2gap idx=101 token=594 gap=0.375
STEP-TRACE round=38 d=2 acc=1 tGraphBuildMs=3.197 tEvalMs=114.476 tHostReadMs=0.024 tCacheStateMs=1.300 stepMs=118.997
MTP-STEP round=38 depth=3 offered=2 accepted=1 committed=2 stepMs=119.0284
mtp-top2gap idx=104 token=6903 gap=12.1875
STEP-TRACE round=39 d=2 acc=2 tGraphBuildMs=3.289 tEvalMs=115.722 tHostReadMs=0.015 tCacheStateMs=0.154 stepMs=119.180
MTP-STEP round=39 depth=3 offered=2 accepted=2 committed=3 stepMs=119.2015
mtp-top2gap idx=106 token=63 gap=0.375
STEP-TRACE round=40 d=2 acc=1 tGraphBuildMs=2.821 tEvalMs=117.666 tHostReadMs=0.015 tCacheStateMs=1.220 stepMs=121.721
MTP-STEP round=40 depth=3 offered=2 accepted=1 committed=2 stepMs=121.7503
mtp-top2gap idx=108 token=64360 gap=2.125
STEP-TRACE round=41 d=2 acc=1 tGraphBuildMs=3.058 tEvalMs=118.614 tHostReadMs=0.019 tCacheStateMs=1.165 stepMs=122.856
MTP-STEP round=41 depth=3 offered=2 accepted=1 committed=2 stepMs=122.8893
mtp-top2gap idx=111 token=310 gap=0.375
STEP-TRACE round=42 d=2 acc=2 tGraphBuildMs=3.094 tEvalMs=120.345 tHostReadMs=0.018 tCacheStateMs=0.156 stepMs=123.613
MTP-STEP round=42 depth=3 offered=2 accepted=2 committed=3 stepMs=123.6307
mtp-top2gap idx=113 token=1558 gap=5
STEP-TRACE round=43 d=2 acc=1 tGraphBuildMs=2.813 tEvalMs=121.257 tHostReadMs=0.022 tCacheStateMs=1.197 stepMs=125.290
MTP-STEP round=43 depth=3 offered=2 accepted=1 committed=2 stepMs=125.3187
mtp-top2gap idx=116 token=279 gap=0.125
STEP-TRACE round=44 d=2 acc=2 tGraphBuildMs=3.066 tEvalMs=121.486 tHostReadMs=0.021 tCacheStateMs=0.168 stepMs=124.742
MTP-STEP round=44 depth=3 offered=2 accepted=2 committed=3 stepMs=124.7605
mtp-top2gap idx=119 token=264 gap=1.75
STEP-TRACE round=45 d=2 acc=2 tGraphBuildMs=2.846 tEvalMs=122.225 tHostReadMs=0.016 tCacheStateMs=0.171 stepMs=125.259
MTP-STEP round=45 depth=3 offered=2 accepted=2 committed=3 stepMs=125.2781
mtp-top2gap idx=122 token=13 gap=0.5
STEP-TRACE round=46 d=2 acc=2 tGraphBuildMs=2.913 tEvalMs=122.952 tHostReadMs=0.014 tCacheStateMs=0.175 stepMs=126.054
MTP-STEP round=46 depth=3 offered=2 accepted=2 committed=3 stepMs=126.0732
mtp-top2gap idx=125 token=256 gap=7.6875
STEP-TRACE round=47 d=2 acc=2 tGraphBuildMs=2.943 tEvalMs=123.369 tHostReadMs=0.017 tCacheStateMs=0.170 stepMs=126.499
MTP-STEP round=47 depth=3 offered=2 accepted=2 committed=3 stepMs=126.5207
mtp-top2gap idx=128 token=82040 gap=11.875
STEP-TRACE round=48 d=2 acc=2 tGraphBuildMs=2.893 tEvalMs=123.223 tHostReadMs=0.022 tCacheStateMs=0.173 stepMs=126.311
MTP-STEP round=48 depth=3 offered=2 accepted=2 committed=3 stepMs=126.3306
MTP-STEP-SUMMARY rounds=48 proposed=96 accepted=80 acceptedPerStep=1.6667 avgStepMs=352.6314 decodeSeconds=16.9385 committed=128 qmvVerifyRouted=2:129,3:4902,4:96 qmvVerifyFallback=1:102,12:96,512:195,2048:1536,32780:3 qmvVerifyMaterialized=0
