mtp-top2gap idx=3 token=3766 gap=1.5
STEP-TRACE round=1 d=2 acc=2 tGraphBuildMs=9085.791 tEvalMs=3865.707 tHostReadMs=0.046 tCacheStateMs=0.464 stepMs=12952.008
MTP-STEP round=1 depth=3 offered=2 accepted=2 committed=3 stepMs=12952.1316
mtp-top2gap idx=5 token=66320 gap=0.375
STEP-TRACE round=2 d=2 acc=1 tGraphBuildMs=3.501 tEvalMs=195.565 tHostReadMs=0.028 tCacheStateMs=1.478 stepMs=200.572
MTP-STEP round=2 depth=3 offered=2 accepted=1 committed=2 stepMs=200.6160
mtp-top2gap idx=8 token=369 gap=2.5
STEP-TRACE round=3 d=2 acc=2 tGraphBuildMs=3.261 tEvalMs=96.773 tHostReadMs=0.026 tCacheStateMs=0.237 stepMs=100.297
MTP-STEP round=3 depth=3 offered=2 accepted=2 committed=3 stepMs=100.3298
mtp-top2gap idx=11 token=314 gap=0.875
STEP-TRACE round=4 d=2 acc=2 tGraphBuildMs=3.683 tEvalMs=96.033 tHostReadMs=0.025 tCacheStateMs=0.175 stepMs=99.915
MTP-STEP round=4 depth=3 offered=2 accepted=2 committed=3 stepMs=99.9389
mtp-top2gap idx=14 token=64643 gap=1.625
STEP-TRACE round=5 d=2 acc=2 tGraphBuildMs=2.904 tEvalMs=96.856 tHostReadMs=0.024 tCacheStateMs=0.189 stepMs=99.974
MTP-STEP round=5 depth=3 offered=2 accepted=2 committed=3 stepMs=99.9976
mtp-top2gap idx=17 token=2759 gap=6.5
STEP-TRACE round=6 d=2 acc=2 tGraphBuildMs=2.946 tEvalMs=96.564 tHostReadMs=0.023 tCacheStateMs=0.177 stepMs=99.709
MTP-STEP round=6 depth=3 offered=2 accepted=2 committed=3 stepMs=99.7308
mtp-top2gap idx=20 token=6522 gap=0.5
STEP-TRACE round=7 d=2 acc=2 tGraphBuildMs=2.881 tEvalMs=96.893 tHostReadMs=0.017 tCacheStateMs=0.170 stepMs=99.961
MTP-STEP round=7 depth=3 offered=2 accepted=2 committed=3 stepMs=99.9862
mtp-top2gap idx=23 token=11352 gap=0.375
STEP-TRACE round=8 d=2 acc=2 tGraphBuildMs=2.856 tEvalMs=96.954 tHostReadMs=0.021 tCacheStateMs=0.166 stepMs=99.997
MTP-STEP round=8 depth=3 offered=2 accepted=2 committed=3 stepMs=100.0169
mtp-top2gap idx=26 token=279 gap=2.875
STEP-TRACE round=9 d=2 acc=2 tGraphBuildMs=2.813 tEvalMs=97.122 tHostReadMs=0.018 tCacheStateMs=0.166 stepMs=100.119
MTP-STEP round=9 depth=3 offered=2 accepted=2 committed=3 stepMs=100.1380
mtp-top2gap idx=29 token=321 gap=0.125
STEP-TRACE round=10 d=2 acc=2 tGraphBuildMs=2.812 tEvalMs=97.242 tHostReadMs=0.022 tCacheStateMs=0.176 stepMs=100.251
MTP-STEP round=10 depth=3 offered=2 accepted=2 committed=3 stepMs=100.2706
mtp-top2gap idx=32 token=28459 gap=0
STEP-TRACE round=11 d=2 acc=2 tGraphBuildMs=2.863 tEvalMs=97.230 tHostReadMs=0.019 tCacheStateMs=0.168 stepMs=100.280
MTP-STEP round=11 depth=3 offered=2 accepted=2 committed=3 stepMs=100.3013
mtp-top2gap idx=35 token=13962 gap=4.75
STEP-TRACE round=12 d=2 acc=2 tGraphBuildMs=2.813 tEvalMs=97.417 tHostReadMs=0.025 tCacheStateMs=0.203 stepMs=100.457
MTP-STEP round=12 depth=3 offered=2 accepted=2 committed=3 stepMs=100.4812
mtp-top2gap idx=38 token=13 gap=12.375
STEP-TRACE round=13 d=2 acc=2 tGraphBuildMs=2.919 tEvalMs=97.027 tHostReadMs=0.028 tCacheStateMs=0.192 stepMs=100.167
MTP-STEP round=13 depth=3 offered=2 accepted=2 committed=3 stepMs=100.1933
mtp-top2gap idx=41 token=27501 gap=10.75
STEP-TRACE round=14 d=2 acc=2 tGraphBuildMs=2.962 tEvalMs=97.046 tHostReadMs=0.020 tCacheStateMs=0.198 stepMs=100.226
MTP-STEP round=14 depth=3 offered=2 accepted=2 committed=3 stepMs=100.2540
mtp-top2gap idx=43 token=11300 gap=0.375
STEP-TRACE round=15 d=2 acc=1 tGraphBuildMs=2.910 tEvalMs=96.915 tHostReadMs=0.028 tCacheStateMs=1.252 stepMs=101.104
MTP-STEP round=15 depth=3 offered=2 accepted=1 committed=2 stepMs=101.1437
mtp-top2gap idx=46 token=6522 gap=2.5
STEP-TRACE round=16 d=2 acc=2 tGraphBuildMs=3.101 tEvalMs=96.721 tHostReadMs=0.015 tCacheStateMs=0.171 stepMs=100.008
MTP-STEP round=16 depth=3 offered=2 accepted=2 committed=3 stepMs=100.0300
mtp-top2gap idx=49 token=11870 gap=3.5
STEP-TRACE round=17 d=2 acc=2 tGraphBuildMs=2.866 tEvalMs=97.257 tHostReadMs=0.022 tCacheStateMs=0.183 stepMs=100.328
MTP-STEP round=17 depth=3 offered=2 accepted=2 committed=3 stepMs=100.3511
mtp-top2gap idx=51 token=28043 gap=1.75
STEP-TRACE round=18 d=2 acc=1 tGraphBuildMs=2.809 tEvalMs=97.053 tHostReadMs=0.020 tCacheStateMs=1.246 stepMs=101.128
MTP-STEP round=18 depth=3 offered=2 accepted=1 committed=2 stepMs=101.1610
mtp-top2gap idx=53 token=16243 gap=1.25
STEP-TRACE round=19 d=2 acc=1 tGraphBuildMs=3.291 tEvalMs=96.555 tHostReadMs=0.027 tCacheStateMs=1.250 stepMs=101.124
MTP-STEP round=19 depth=3 offered=2 accepted=1 committed=2 stepMs=101.1595
mtp-top2gap idx=54 token=1040 gap=0.875
STEP-TRACE round=20 d=2 acc=0 tGraphBuildMs=3.154 tEvalMs=96.640 tHostReadMs=0.021 tCacheStateMs=1.472 stepMs=101.287
MTP-STEP round=20 depth=3 offered=2 accepted=0 committed=1 stepMs=101.3221
mtp-top2gap idx=57 token=11 gap=3.25
STEP-TRACE round=21 d=2 acc=2 tGraphBuildMs=3.159 tEvalMs=96.327 tHostReadMs=0.013 tCacheStateMs=0.167 stepMs=99.667
MTP-STEP round=21 depth=3 offered=2 accepted=2 committed=3 stepMs=99.6861
mtp-top2gap idx=58 token=44424 gap=0.375
STEP-TRACE round=22 d=2 acc=0 tGraphBuildMs=2.847 tEvalMs=97.180 tHostReadMs=0.026 tCacheStateMs=1.381 stepMs=101.434
MTP-STEP round=22 depth=3 offered=2 accepted=0 committed=1 stepMs=101.4744
mtp-top2gap idx=59 token=4478 gap=0.375
STEP-TRACE round=23 d=2 acc=0 tGraphBuildMs=3.076 tEvalMs=96.139 tHostReadMs=0.021 tCacheStateMs=1.320 stepMs=100.555
MTP-STEP round=23 depth=3 offered=2 accepted=0 committed=1 stepMs=100.5932
mtp-top2gap idx=62 token=4003 gap=4.5
STEP-TRACE round=24 d=2 acc=2 tGraphBuildMs=3.071 tEvalMs=96.050 tHostReadMs=0.023 tCacheStateMs=0.169 stepMs=99.313
MTP-STEP round=24 depth=3 offered=2 accepted=2 committed=3 stepMs=99.3351
mtp-top2gap idx=65 token=1049 gap=1
STEP-TRACE round=25 d=2 acc=2 tGraphBuildMs=2.813 tEvalMs=97.425 tHostReadMs=0.027 tCacheStateMs=0.164 stepMs=100.428
MTP-STEP round=25 depth=3 offered=2 accepted=2 committed=3 stepMs=100.4488
mtp-top2gap idx=68 token=310 gap=2.75
STEP-TRACE round=26 d=2 acc=2 tGraphBuildMs=2.820 tEvalMs=97.103 tHostReadMs=0.023 tCacheStateMs=0.146 stepMs=100.091
MTP-STEP round=26 depth=3 offered=2 accepted=2 committed=3 stepMs=100.1156
mtp-top2gap idx=70 token=39328 gap=2
STEP-TRACE round=27 d=2 acc=1 tGraphBuildMs=2.753 tEvalMs=97.023 tHostReadMs=0.017 tCacheStateMs=1.312 stepMs=101.104
MTP-STEP round=27 depth=3 offered=2 accepted=1 committed=2 stepMs=101.1515
mtp-top2gap idx=73 token=13779 gap=7.125
STEP-TRACE round=28 d=2 acc=2 tGraphBuildMs=3.325 tEvalMs=96.884 tHostReadMs=0.018 tCacheStateMs=0.189 stepMs=100.415
MTP-STEP round=28 depth=3 offered=2 accepted=2 committed=3 stepMs=100.4360
mtp-top2gap idx=75 token=3050 gap=0.375
STEP-TRACE round=29 d=2 acc=1 tGraphBuildMs=2.901 tEvalMs=96.990 tHostReadMs=0.014 tCacheStateMs=1.300 stepMs=101.205
MTP-STEP round=29 depth=3 offered=2 accepted=1 committed=2 stepMs=101.2356
mtp-top2gap idx=78 token=63 gap=7.3125
STEP-TRACE round=30 d=2 acc=2 tGraphBuildMs=3.112 tEvalMs=96.941 tHostReadMs=0.022 tCacheStateMs=0.172 stepMs=100.247
MTP-STEP round=30 depth=3 offered=2 accepted=2 committed=3 stepMs=100.2673
mtp-top2gap idx=81 token=36196 gap=8.375
STEP-TRACE round=31 d=2 acc=2 tGraphBuildMs=2.883 tEvalMs=97.117 tHostReadMs=0.017 tCacheStateMs=0.191 stepMs=100.208
MTP-STEP round=31 depth=3 offered=2 accepted=2 committed=3 stepMs=100.2292
mtp-top2gap idx=84 token=37066 gap=5.5
STEP-TRACE round=32 d=2 acc=2 tGraphBuildMs=2.990 tEvalMs=97.203 tHostReadMs=0.018 tCacheStateMs=0.185 stepMs=100.396
MTP-STEP round=32 depth=3 offered=2 accepted=2 committed=3 stepMs=100.4188
mtp-top2gap idx=87 token=332 gap=1.375
STEP-TRACE round=33 d=2 acc=2 tGraphBuildMs=2.921 tEvalMs=97.016 tHostReadMs=0.021 tCacheStateMs=0.182 stepMs=100.140
MTP-STEP round=33 depth=3 offered=2 accepted=2 committed=3 stepMs=100.1660
mtp-top2gap idx=90 token=64700 gap=10.375
STEP-TRACE round=34 d=2 acc=2 tGraphBuildMs=2.894 tEvalMs=96.765 tHostReadMs=0.024 tCacheStateMs=0.179 stepMs=99.862
MTP-STEP round=34 depth=3 offered=2 accepted=2 committed=3 stepMs=99.8820
mtp-top2gap idx=93 token=256 gap=9.6875
STEP-TRACE round=35 d=2 acc=2 tGraphBuildMs=2.883 tEvalMs=97.253 tHostReadMs=0.022 tCacheStateMs=0.144 stepMs=100.302
MTP-STEP round=35 depth=3 offered=2 accepted=2 committed=3 stepMs=100.3206
mtp-top2gap idx=96 token=2665 gap=2.75
STEP-TRACE round=36 d=2 acc=2 tGraphBuildMs=2.800 tEvalMs=99.199 tHostReadMs=0.021 tCacheStateMs=0.208 stepMs=102.228
MTP-STEP round=36 depth=3 offered=2 accepted=2 committed=3 stepMs=102.2627
mtp-top2gap idx=99 token=8908 gap=0.125
STEP-TRACE round=37 d=2 acc=2 tGraphBuildMs=3.153 tEvalMs=98.558 tHostReadMs=0.027 tCacheStateMs=0.195 stepMs=101.932
MTP-STEP round=37 depth=3 offered=2 accepted=2 committed=3 stepMs=101.9561
mtp-top2gap idx=101 token=594 gap=0.375
STEP-TRACE round=38 d=2 acc=1 tGraphBuildMs=2.962 tEvalMs=100.096 tHostReadMs=0.019 tCacheStateMs=1.299 stepMs=104.377
MTP-STEP round=38 depth=3 offered=2 accepted=1 committed=2 stepMs=104.4107
mtp-top2gap idx=104 token=6903 gap=12.1875
STEP-TRACE round=39 d=2 acc=2 tGraphBuildMs=3.222 tEvalMs=100.660 tHostReadMs=0.019 tCacheStateMs=0.210 stepMs=104.110
MTP-STEP round=39 depth=3 offered=2 accepted=2 committed=3 stepMs=104.1350
mtp-top2gap idx=106 token=63 gap=0.375
STEP-TRACE round=40 d=2 acc=1 tGraphBuildMs=3.008 tEvalMs=101.508 tHostReadMs=0.022 tCacheStateMs=1.327 stepMs=105.865
MTP-STEP round=40 depth=3 offered=2 accepted=1 committed=2 stepMs=105.9079
mtp-top2gap idx=108 token=64360 gap=2.125
STEP-TRACE round=41 d=2 acc=1 tGraphBuildMs=3.238 tEvalMs=101.667 tHostReadMs=0.019 tCacheStateMs=1.362 stepMs=106.287
MTP-STEP round=41 depth=3 offered=2 accepted=1 committed=2 stepMs=106.3183
mtp-top2gap idx=111 token=310 gap=0.375
STEP-TRACE round=42 d=2 acc=2 tGraphBuildMs=3.383 tEvalMs=102.454 tHostReadMs=0.023 tCacheStateMs=0.189 stepMs=106.048
MTP-STEP round=42 depth=3 offered=2 accepted=2 committed=3 stepMs=106.0718
mtp-top2gap idx=113 token=1558 gap=5
STEP-TRACE round=43 d=2 acc=1 tGraphBuildMs=2.978 tEvalMs=103.416 tHostReadMs=0.019 tCacheStateMs=1.346 stepMs=107.760
MTP-STEP round=43 depth=3 offered=2 accepted=1 committed=2 stepMs=107.8297
mtp-top2gap idx=116 token=279 gap=0.125
STEP-TRACE round=44 d=2 acc=2 tGraphBuildMs=3.264 tEvalMs=104.153 tHostReadMs=0.021 tCacheStateMs=0.206 stepMs=107.644
MTP-STEP round=44 depth=3 offered=2 accepted=2 committed=3 stepMs=107.6688
mtp-top2gap idx=119 token=264 gap=1.75
STEP-TRACE round=45 d=2 acc=2 tGraphBuildMs=3.005 tEvalMs=105.210 tHostReadMs=0.019 tCacheStateMs=0.213 stepMs=108.447
MTP-STEP round=45 depth=3 offered=2 accepted=2 committed=3 stepMs=108.4769
mtp-top2gap idx=122 token=13 gap=0.5
STEP-TRACE round=46 d=2 acc=2 tGraphBuildMs=3.033 tEvalMs=105.458 tHostReadMs=0.022 tCacheStateMs=0.221 stepMs=108.734
MTP-STEP round=46 depth=3 offered=2 accepted=2 committed=3 stepMs=108.7619
mtp-top2gap idx=125 token=256 gap=7.6875
STEP-TRACE round=47 d=2 acc=2 tGraphBuildMs=3.227 tEvalMs=108.155 tHostReadMs=0.018 tCacheStateMs=0.206 stepMs=111.606
MTP-STEP round=47 depth=3 offered=2 accepted=2 committed=3 stepMs=111.6322
mtp-top2gap idx=128 token=82040 gap=11.875
STEP-TRACE round=48 d=2 acc=2 tGraphBuildMs=3.039 tEvalMs=108.722 tHostReadMs=0.018 tCacheStateMs=0.220 stepMs=111.999
MTP-STEP round=48 depth=3 offered=2 accepted=2 committed=3 stepMs=112.0328
MTP-STEP-SUMMARY rounds=48 proposed=96 accepted=80 acceptedPerStep=1.6667 avgStepMs=371.9329 decodeSeconds=17.8558 committed=128 qmvVerifyRouted=2:129,3:4902,4:96 qmvVerifyFallback=1:102,12:96,512:195,2048:1536,32780:3 qmvVerifyMaterialized=0
