mtp-top2gap idx=3 token=3766 gap=1.5
STEP-TRACE round=1 d=2 acc=2 tGraphBuildMs=8577.480 tEvalMs=4003.871 tHostReadMs=0.358 tCacheStateMs=0.424 stepMs=12582.133
MTP-STEP round=1 depth=3 offered=2 accepted=2 committed=3 stepMs=12582.2614
mtp-top2gap idx=5 token=66320 gap=0.375
STEP-TRACE round=2 d=2 acc=1 tGraphBuildMs=3.172 tEvalMs=181.761 tHostReadMs=0.020 tCacheStateMs=1.628 stepMs=186.583
MTP-STEP round=2 depth=3 offered=2 accepted=1 committed=2 stepMs=186.6295
mtp-top2gap idx=8 token=369 gap=2.5
STEP-TRACE round=3 d=2 acc=2 tGraphBuildMs=3.420 tEvalMs=96.118 tHostReadMs=0.021 tCacheStateMs=0.225 stepMs=99.784
MTP-STEP round=3 depth=3 offered=2 accepted=2 committed=3 stepMs=99.8106
mtp-top2gap idx=11 token=314 gap=0.875
STEP-TRACE round=4 d=2 acc=2 tGraphBuildMs=3.290 tEvalMs=96.758 tHostReadMs=0.026 tCacheStateMs=0.215 stepMs=100.289
MTP-STEP round=4 depth=3 offered=2 accepted=2 committed=3 stepMs=100.3143
mtp-top2gap idx=14 token=64643 gap=1.625
STEP-TRACE round=5 d=2 acc=2 tGraphBuildMs=2.977 tEvalMs=97.694 tHostReadMs=0.016 tCacheStateMs=0.229 stepMs=100.916
MTP-STEP round=5 depth=3 offered=2 accepted=2 committed=3 stepMs=100.9385
mtp-top2gap idx=17 token=2759 gap=6.5
STEP-TRACE round=6 d=2 acc=2 tGraphBuildMs=3.152 tEvalMs=97.310 tHostReadMs=0.014 tCacheStateMs=0.196 stepMs=100.673
MTP-STEP round=6 depth=3 offered=2 accepted=2 committed=3 stepMs=100.6970
mtp-top2gap idx=20 token=6522 gap=0.5
STEP-TRACE round=7 d=2 acc=2 tGraphBuildMs=2.974 tEvalMs=96.873 tHostReadMs=0.018 tCacheStateMs=0.201 stepMs=100.066
MTP-STEP round=7 depth=3 offered=2 accepted=2 committed=3 stepMs=100.0863
mtp-top2gap idx=23 token=11352 gap=0.375
STEP-TRACE round=8 d=2 acc=2 tGraphBuildMs=2.944 tEvalMs=97.132 tHostReadMs=0.020 tCacheStateMs=0.235 stepMs=100.331
MTP-STEP round=8 depth=3 offered=2 accepted=2 committed=3 stepMs=100.3610
mtp-top2gap idx=26 token=279 gap=2.875
STEP-TRACE round=9 d=2 acc=2 tGraphBuildMs=3.024 tEvalMs=96.813 tHostReadMs=0.019 tCacheStateMs=0.229 stepMs=100.085
MTP-STEP round=9 depth=3 offered=2 accepted=2 committed=3 stepMs=100.1130
mtp-top2gap idx=29 token=321 gap=0.125
STEP-TRACE round=10 d=2 acc=2 tGraphBuildMs=3.085 tEvalMs=96.953 tHostReadMs=0.022 tCacheStateMs=0.263 stepMs=100.324
MTP-STEP round=10 depth=3 offered=2 accepted=2 committed=3 stepMs=100.3602
mtp-top2gap idx=32 token=28459 gap=0
STEP-TRACE round=11 d=2 acc=2 tGraphBuildMs=3.130 tEvalMs=96.271 tHostReadMs=0.018 tCacheStateMs=0.229 stepMs=99.648
MTP-STEP round=11 depth=3 offered=2 accepted=2 committed=3 stepMs=99.6740
mtp-top2gap idx=35 token=13962 gap=4.75
STEP-TRACE round=12 d=2 acc=2 tGraphBuildMs=2.981 tEvalMs=96.833 tHostReadMs=0.018 tCacheStateMs=0.200 stepMs=100.033
MTP-STEP round=12 depth=3 offered=2 accepted=2 committed=3 stepMs=100.0588
mtp-top2gap idx=38 token=13 gap=12.375
STEP-TRACE round=13 d=2 acc=2 tGraphBuildMs=3.090 tEvalMs=96.798 tHostReadMs=0.026 tCacheStateMs=0.215 stepMs=100.129
MTP-STEP round=13 depth=3 offered=2 accepted=2 committed=3 stepMs=100.1568
mtp-top2gap idx=41 token=27501 gap=10.75
STEP-TRACE round=14 d=2 acc=2 tGraphBuildMs=2.909 tEvalMs=97.380 tHostReadMs=0.017 tCacheStateMs=0.208 stepMs=100.514
MTP-STEP round=14 depth=3 offered=2 accepted=2 committed=3 stepMs=100.5410
mtp-top2gap idx=43 token=11300 gap=0.375
STEP-TRACE round=15 d=2 acc=1 tGraphBuildMs=2.910 tEvalMs=97.240 tHostReadMs=0.021 tCacheStateMs=1.321 stepMs=101.493
MTP-STEP round=15 depth=3 offered=2 accepted=1 committed=2 stepMs=101.5352
mtp-top2gap idx=46 token=6522 gap=2.5
STEP-TRACE round=16 d=2 acc=2 tGraphBuildMs=3.111 tEvalMs=96.621 tHostReadMs=0.023 tCacheStateMs=0.194 stepMs=99.949
MTP-STEP round=16 depth=3 offered=2 accepted=2 committed=3 stepMs=99.9734
mtp-top2gap idx=49 token=11870 gap=3.5
STEP-TRACE round=17 d=2 acc=2 tGraphBuildMs=2.938 tEvalMs=97.095 tHostReadMs=0.026 tCacheStateMs=0.201 stepMs=100.260
MTP-STEP round=17 depth=3 offered=2 accepted=2 committed=3 stepMs=100.2827
mtp-top2gap idx=51 token=28043 gap=1.75
STEP-TRACE round=18 d=2 acc=1 tGraphBuildMs=2.902 tEvalMs=97.024 tHostReadMs=0.023 tCacheStateMs=1.218 stepMs=101.167
MTP-STEP round=18 depth=3 offered=2 accepted=1 committed=2 stepMs=101.1966
mtp-top2gap idx=53 token=16243 gap=1.25
STEP-TRACE round=19 d=2 acc=1 tGraphBuildMs=3.153 tEvalMs=97.883 tHostReadMs=0.021 tCacheStateMs=1.451 stepMs=102.509
MTP-STEP round=19 depth=3 offered=2 accepted=1 committed=2 stepMs=102.5632
mtp-top2gap idx=54 token=1040 gap=0.875
STEP-TRACE round=20 d=2 acc=0 tGraphBuildMs=3.297 tEvalMs=97.207 tHostReadMs=0.021 tCacheStateMs=1.755 stepMs=102.280
MTP-STEP round=20 depth=3 offered=2 accepted=0 committed=1 stepMs=102.3244
mtp-top2gap idx=57 token=11 gap=3.25
STEP-TRACE round=21 d=2 acc=2 tGraphBuildMs=3.595 tEvalMs=97.407 tHostReadMs=0.024 tCacheStateMs=0.226 stepMs=101.250
MTP-STEP round=21 depth=3 offered=2 accepted=2 committed=3 stepMs=101.2805
mtp-top2gap idx=58 token=44424 gap=0.375
STEP-TRACE round=22 d=2 acc=0 tGraphBuildMs=3.178 tEvalMs=100.110 tHostReadMs=0.035 tCacheStateMs=1.438 stepMs=104.760
MTP-STEP round=22 depth=3 offered=2 accepted=0 committed=1 stepMs=104.8091
mtp-top2gap idx=59 token=4478 gap=0.375
STEP-TRACE round=23 d=2 acc=0 tGraphBuildMs=3.518 tEvalMs=96.433 tHostReadMs=0.018 tCacheStateMs=1.389 stepMs=101.358
MTP-STEP round=23 depth=3 offered=2 accepted=0 committed=1 stepMs=101.3973
mtp-top2gap idx=62 token=4003 gap=4.5
STEP-TRACE round=24 d=2 acc=2 tGraphBuildMs=3.243 tEvalMs=96.327 tHostReadMs=0.026 tCacheStateMs=0.194 stepMs=99.790
MTP-STEP round=24 depth=3 offered=2 accepted=2 committed=3 stepMs=99.8135
mtp-top2gap idx=65 token=1049 gap=1
STEP-TRACE round=25 d=2 acc=2 tGraphBuildMs=2.984 tEvalMs=97.485 tHostReadMs=0.025 tCacheStateMs=0.217 stepMs=100.711
MTP-STEP round=25 depth=3 offered=2 accepted=2 committed=3 stepMs=100.7390
mtp-top2gap idx=68 token=310 gap=2.75
STEP-TRACE round=26 d=2 acc=2 tGraphBuildMs=2.978 tEvalMs=97.919 tHostReadMs=0.019 tCacheStateMs=0.216 stepMs=101.131
MTP-STEP round=26 depth=3 offered=2 accepted=2 committed=3 stepMs=101.1595
mtp-top2gap idx=70 token=39328 gap=2
STEP-TRACE round=27 d=2 acc=1 tGraphBuildMs=3.085 tEvalMs=97.783 tHostReadMs=0.021 tCacheStateMs=1.367 stepMs=102.257
MTP-STEP round=27 depth=3 offered=2 accepted=1 committed=2 stepMs=102.3014
mtp-top2gap idx=73 token=13779 gap=7.125
STEP-TRACE round=28 d=2 acc=2 tGraphBuildMs=3.227 tEvalMs=96.790 tHostReadMs=0.027 tCacheStateMs=0.210 stepMs=100.254
MTP-STEP round=28 depth=3 offered=2 accepted=2 committed=3 stepMs=100.2811
mtp-top2gap idx=75 token=3050 gap=0.375
STEP-TRACE round=29 d=2 acc=1 tGraphBuildMs=2.948 tEvalMs=97.189 tHostReadMs=0.023 tCacheStateMs=1.400 stepMs=101.559
MTP-STEP round=29 depth=3 offered=2 accepted=1 committed=2 stepMs=101.5998
mtp-top2gap idx=78 token=63 gap=7.3125
STEP-TRACE round=30 d=2 acc=2 tGraphBuildMs=3.230 tEvalMs=96.956 tHostReadMs=0.022 tCacheStateMs=0.197 stepMs=100.405
MTP-STEP round=30 depth=3 offered=2 accepted=2 committed=3 stepMs=100.4301
mtp-top2gap idx=81 token=36196 gap=8.375
STEP-TRACE round=31 d=2 acc=2 tGraphBuildMs=2.894 tEvalMs=97.147 tHostReadMs=0.031 tCacheStateMs=0.208 stepMs=100.279
MTP-STEP round=31 depth=3 offered=2 accepted=2 committed=3 stepMs=100.3058
mtp-top2gap idx=84 token=37066 gap=5.5
STEP-TRACE round=32 d=2 acc=2 tGraphBuildMs=2.992 tEvalMs=99.746 tHostReadMs=0.020 tCacheStateMs=0.194 stepMs=102.951
MTP-STEP round=32 depth=3 offered=2 accepted=2 committed=3 stepMs=102.9772
mtp-top2gap idx=87 token=332 gap=1.375
STEP-TRACE round=33 d=2 acc=2 tGraphBuildMs=2.937 tEvalMs=97.567 tHostReadMs=0.018 tCacheStateMs=0.224 stepMs=100.746
MTP-STEP round=33 depth=3 offered=2 accepted=2 committed=3 stepMs=100.7771
mtp-top2gap idx=90 token=64700 gap=10.375
STEP-TRACE round=34 d=2 acc=2 tGraphBuildMs=3.004 tEvalMs=98.253 tHostReadMs=0.017 tCacheStateMs=0.205 stepMs=101.479
MTP-STEP round=34 depth=3 offered=2 accepted=2 committed=3 stepMs=101.5031
mtp-top2gap idx=93 token=256 gap=9.6875
STEP-TRACE round=35 d=2 acc=2 tGraphBuildMs=2.925 tEvalMs=98.798 tHostReadMs=0.029 tCacheStateMs=0.207 stepMs=101.959
MTP-STEP round=35 depth=3 offered=2 accepted=2 committed=3 stepMs=101.9831
mtp-top2gap idx=96 token=2665 gap=2.75
STEP-TRACE round=36 d=2 acc=2 tGraphBuildMs=2.960 tEvalMs=99.719 tHostReadMs=0.019 tCacheStateMs=0.209 stepMs=102.908
MTP-STEP round=36 depth=3 offered=2 accepted=2 committed=3 stepMs=102.9400
mtp-top2gap idx=99 token=8908 gap=0.125
STEP-TRACE round=37 d=2 acc=2 tGraphBuildMs=2.954 tEvalMs=100.315 tHostReadMs=0.018 tCacheStateMs=0.207 stepMs=103.494
MTP-STEP round=37 depth=3 offered=2 accepted=2 committed=3 stepMs=103.5189
mtp-top2gap idx=101 token=594 gap=0.375
STEP-TRACE round=38 d=2 acc=1 tGraphBuildMs=2.886 tEvalMs=100.924 tHostReadMs=0.019 tCacheStateMs=1.261 stepMs=105.090
MTP-STEP round=38 depth=3 offered=2 accepted=1 committed=2 stepMs=105.1278
mtp-top2gap idx=104 token=6903 gap=12.1875
STEP-TRACE round=39 d=2 acc=2 tGraphBuildMs=3.220 tEvalMs=101.621 tHostReadMs=0.028 tCacheStateMs=0.218 stepMs=105.088
MTP-STEP round=39 depth=3 offered=2 accepted=2 committed=3 stepMs=105.1110
mtp-top2gap idx=106 token=63 gap=0.375
STEP-TRACE round=40 d=2 acc=1 tGraphBuildMs=2.992 tEvalMs=102.430 tHostReadMs=0.014 tCacheStateMs=1.251 stepMs=106.687
MTP-STEP round=40 depth=3 offered=2 accepted=1 committed=2 stepMs=106.7215
mtp-top2gap idx=108 token=64360 gap=2.125
STEP-TRACE round=41 d=2 acc=1 tGraphBuildMs=3.152 tEvalMs=102.838 tHostReadMs=0.023 tCacheStateMs=1.250 stepMs=107.263
MTP-STEP round=41 depth=3 offered=2 accepted=1 committed=2 stepMs=107.2994
mtp-top2gap idx=111 token=310 gap=0.375
STEP-TRACE round=42 d=2 acc=2 tGraphBuildMs=3.165 tEvalMs=103.591 tHostReadMs=0.017 tCacheStateMs=0.193 stepMs=106.967
MTP-STEP round=42 depth=3 offered=2 accepted=2 committed=3 stepMs=106.9886
mtp-top2gap idx=113 token=1558 gap=5
STEP-TRACE round=43 d=2 acc=1 tGraphBuildMs=2.965 tEvalMs=105.245 tHostReadMs=0.022 tCacheStateMs=1.246 stepMs=109.478
MTP-STEP round=43 depth=3 offered=2 accepted=1 committed=2 stepMs=109.5128
mtp-top2gap idx=116 token=279 gap=0.125
STEP-TRACE round=44 d=2 acc=2 tGraphBuildMs=3.175 tEvalMs=105.884 tHostReadMs=0.022 tCacheStateMs=0.187 stepMs=109.267
MTP-STEP round=44 depth=3 offered=2 accepted=2 committed=3 stepMs=109.2908
mtp-top2gap idx=119 token=264 gap=1.75
STEP-TRACE round=45 d=2 acc=2 tGraphBuildMs=2.881 tEvalMs=107.979 tHostReadMs=0.019 tCacheStateMs=0.180 stepMs=111.059
MTP-STEP round=45 depth=3 offered=2 accepted=2 committed=3 stepMs=111.0810
mtp-top2gap idx=122 token=13 gap=0.5
STEP-TRACE round=46 d=2 acc=2 tGraphBuildMs=2.923 tEvalMs=109.695 tHostReadMs=0.016 tCacheStateMs=0.166 stepMs=112.801
MTP-STEP round=46 depth=3 offered=2 accepted=2 committed=3 stepMs=112.8203
mtp-top2gap idx=125 token=256 gap=7.6875
STEP-TRACE round=47 d=2 acc=2 tGraphBuildMs=2.815 tEvalMs=111.002 tHostReadMs=0.017 tCacheStateMs=0.175 stepMs=114.009
MTP-STEP round=47 depth=3 offered=2 accepted=2 committed=3 stepMs=114.0296
mtp-top2gap idx=128 token=82040 gap=11.875
STEP-TRACE round=48 d=2 acc=2 tGraphBuildMs=2.843 tEvalMs=113.096 tHostReadMs=0.013 tCacheStateMs=0.178 stepMs=116.130
MTP-STEP round=48 depth=3 offered=2 accepted=2 committed=3 stepMs=116.1479
MTP-STEP-SUMMARY rounds=48 proposed=96 accepted=80 acceptedPerStep=1.6667 avgStepMs=364.8297 decodeSeconds=17.5198 committed=128 qmvVerifyRouted=2:129,3:4902,4:96 qmvVerifyFallback=1:102,12:96,512:195,2048:1536,32780:3 qmvVerifyMaterialized=0
