mtp-top2gap idx=3 token=3766 gap=1.5
STEP-TRACE round=1 d=2 acc=2 tGraphBuildMs=8324.780 tEvalMs=4174.020 tHostReadMs=0.052 tCacheStateMs=0.370 stepMs=12499.222
MTP-STEP round=1 depth=3 offered=2 accepted=2 committed=3 stepMs=12499.2976
mtp-top2gap idx=5 token=66320 gap=0.375
STEP-TRACE round=2 d=2 acc=1 tGraphBuildMs=3.556 tEvalMs=203.370 tHostReadMs=0.029 tCacheStateMs=1.610 stepMs=208.565
MTP-STEP round=2 depth=3 offered=2 accepted=1 committed=2 stepMs=208.6080
mtp-top2gap idx=8 token=369 gap=2.5
STEP-TRACE round=3 d=2 acc=2 tGraphBuildMs=3.357 tEvalMs=96.628 tHostReadMs=0.024 tCacheStateMs=0.194 stepMs=100.202
MTP-STEP round=3 depth=3 offered=2 accepted=2 committed=3 stepMs=100.2296
mtp-top2gap idx=11 token=314 gap=0.875
STEP-TRACE round=4 d=2 acc=2 tGraphBuildMs=3.906 tEvalMs=96.041 tHostReadMs=0.020 tCacheStateMs=0.159 stepMs=100.126
MTP-STEP round=4 depth=3 offered=2 accepted=2 committed=3 stepMs=100.1470
mtp-top2gap idx=14 token=64643 gap=1.625
STEP-TRACE round=5 d=2 acc=2 tGraphBuildMs=2.900 tEvalMs=97.066 tHostReadMs=0.024 tCacheStateMs=0.190 stepMs=100.180
MTP-STEP round=5 depth=3 offered=2 accepted=2 committed=3 stepMs=100.2021
mtp-top2gap idx=17 token=2759 gap=6.5
STEP-TRACE round=6 d=2 acc=2 tGraphBuildMs=2.920 tEvalMs=97.023 tHostReadMs=0.018 tCacheStateMs=0.148 stepMs=100.109
MTP-STEP round=6 depth=3 offered=2 accepted=2 committed=3 stepMs=100.1300
mtp-top2gap idx=20 token=6522 gap=0.5
STEP-TRACE round=7 d=2 acc=2 tGraphBuildMs=2.891 tEvalMs=97.207 tHostReadMs=0.023 tCacheStateMs=0.180 stepMs=100.301
MTP-STEP round=7 depth=3 offered=2 accepted=2 committed=3 stepMs=100.3262
mtp-top2gap idx=23 token=11352 gap=0.375
STEP-TRACE round=8 d=2 acc=2 tGraphBuildMs=2.929 tEvalMs=96.928 tHostReadMs=0.022 tCacheStateMs=0.146 stepMs=100.025
MTP-STEP round=8 depth=3 offered=2 accepted=2 committed=3 stepMs=100.0450
mtp-top2gap idx=26 token=279 gap=2.875
STEP-TRACE round=9 d=2 acc=2 tGraphBuildMs=2.808 tEvalMs=97.010 tHostReadMs=0.022 tCacheStateMs=0.194 stepMs=100.035
MTP-STEP round=9 depth=3 offered=2 accepted=2 committed=3 stepMs=100.0567
mtp-top2gap idx=29 token=321 gap=0.125
STEP-TRACE round=10 d=2 acc=2 tGraphBuildMs=2.975 tEvalMs=96.819 tHostReadMs=0.019 tCacheStateMs=0.162 stepMs=99.975
MTP-STEP round=10 depth=3 offered=2 accepted=2 committed=3 stepMs=99.9955
mtp-top2gap idx=32 token=28459 gap=0
STEP-TRACE round=11 d=2 acc=2 tGraphBuildMs=2.848 tEvalMs=97.195 tHostReadMs=0.022 tCacheStateMs=0.162 stepMs=100.227
MTP-STEP round=11 depth=3 offered=2 accepted=2 committed=3 stepMs=100.2483
mtp-top2gap idx=35 token=13962 gap=4.75
STEP-TRACE round=12 d=2 acc=2 tGraphBuildMs=2.907 tEvalMs=97.033 tHostReadMs=0.023 tCacheStateMs=0.156 stepMs=100.118
MTP-STEP round=12 depth=3 offered=2 accepted=2 committed=3 stepMs=100.1376
mtp-top2gap idx=38 token=13 gap=12.375
STEP-TRACE round=13 d=2 acc=2 tGraphBuildMs=2.832 tEvalMs=97.024 tHostReadMs=0.019 tCacheStateMs=0.144 stepMs=100.019
MTP-STEP round=13 depth=3 offered=2 accepted=2 committed=3 stepMs=100.0433
mtp-top2gap idx=41 token=27501 gap=10.75
STEP-TRACE round=14 d=2 acc=2 tGraphBuildMs=2.860 tEvalMs=97.048 tHostReadMs=0.021 tCacheStateMs=0.181 stepMs=100.109
MTP-STEP round=14 depth=3 offered=2 accepted=2 committed=3 stepMs=100.1341
mtp-top2gap idx=43 token=11300 gap=0.375
STEP-TRACE round=15 d=2 acc=1 tGraphBuildMs=2.872 tEvalMs=97.025 tHostReadMs=0.023 tCacheStateMs=1.262 stepMs=101.182
MTP-STEP round=15 depth=3 offered=2 accepted=1 committed=2 stepMs=101.2163
mtp-top2gap idx=46 token=6522 gap=2.5
STEP-TRACE round=16 d=2 acc=2 tGraphBuildMs=3.042 tEvalMs=97.207 tHostReadMs=0.022 tCacheStateMs=0.182 stepMs=100.452
MTP-STEP round=16 depth=3 offered=2 accepted=2 committed=3 stepMs=100.4718
mtp-top2gap idx=49 token=11870 gap=3.5
STEP-TRACE round=17 d=2 acc=2 tGraphBuildMs=2.875 tEvalMs=97.072 tHostReadMs=0.017 tCacheStateMs=0.165 stepMs=100.130
MTP-STEP round=17 depth=3 offered=2 accepted=2 committed=3 stepMs=100.1510
mtp-top2gap idx=51 token=28043 gap=1.75
STEP-TRACE round=18 d=2 acc=1 tGraphBuildMs=2.859 tEvalMs=96.963 tHostReadMs=0.023 tCacheStateMs=1.271 stepMs=101.117
MTP-STEP round=18 depth=3 offered=2 accepted=1 committed=2 stepMs=101.1480
mtp-top2gap idx=53 token=16243 gap=1.25
STEP-TRACE round=19 d=2 acc=1 tGraphBuildMs=3.085 tEvalMs=96.990 tHostReadMs=0.024 tCacheStateMs=1.323 stepMs=101.422
MTP-STEP round=19 depth=3 offered=2 accepted=1 committed=2 stepMs=101.4591
mtp-top2gap idx=54 token=1040 gap=0.875
STEP-TRACE round=20 d=2 acc=0 tGraphBuildMs=3.120 tEvalMs=97.539 tHostReadMs=0.022 tCacheStateMs=1.784 stepMs=102.465
MTP-STEP round=20 depth=3 offered=2 accepted=0 committed=1 stepMs=102.5023
mtp-top2gap idx=57 token=11 gap=3.25
STEP-TRACE round=21 d=2 acc=2 tGraphBuildMs=3.686 tEvalMs=96.717 tHostReadMs=0.022 tCacheStateMs=0.221 stepMs=100.646
MTP-STEP round=21 depth=3 offered=2 accepted=2 committed=3 stepMs=100.6705
mtp-top2gap idx=58 token=44424 gap=0.375
STEP-TRACE round=22 d=2 acc=0 tGraphBuildMs=3.019 tEvalMs=97.445 tHostReadMs=0.020 tCacheStateMs=1.554 stepMs=102.038
MTP-STEP round=22 depth=3 offered=2 accepted=0 committed=1 stepMs=102.0849
mtp-top2gap idx=59 token=4478 gap=0.375
STEP-TRACE round=23 d=2 acc=0 tGraphBuildMs=3.365 tEvalMs=95.886 tHostReadMs=0.018 tCacheStateMs=1.423 stepMs=100.692
MTP-STEP round=23 depth=3 offered=2 accepted=0 committed=1 stepMs=100.7288
mtp-top2gap idx=62 token=4003 gap=4.5
STEP-TRACE round=24 d=2 acc=2 tGraphBuildMs=3.146 tEvalMs=95.575 tHostReadMs=0.025 tCacheStateMs=0.194 stepMs=98.939
MTP-STEP round=24 depth=3 offered=2 accepted=2 committed=3 stepMs=98.9608
mtp-top2gap idx=65 token=1049 gap=1
STEP-TRACE round=25 d=2 acc=2 tGraphBuildMs=2.923 tEvalMs=97.322 tHostReadMs=0.014 tCacheStateMs=0.196 stepMs=100.454
MTP-STEP round=25 depth=3 offered=2 accepted=2 committed=3 stepMs=100.4746
mtp-top2gap idx=68 token=310 gap=2.75
STEP-TRACE round=26 d=2 acc=2 tGraphBuildMs=3.006 tEvalMs=96.762 tHostReadMs=0.021 tCacheStateMs=0.175 stepMs=99.963
MTP-STEP round=26 depth=3 offered=2 accepted=2 committed=3 stepMs=99.9844
mtp-top2gap idx=70 token=39328 gap=2
STEP-TRACE round=27 d=2 acc=1 tGraphBuildMs=3.111 tEvalMs=96.918 tHostReadMs=0.021 tCacheStateMs=1.327 stepMs=101.377
MTP-STEP round=27 depth=3 offered=2 accepted=1 committed=2 stepMs=101.4194
mtp-top2gap idx=73 token=13779 gap=7.125
STEP-TRACE round=28 d=2 acc=2 tGraphBuildMs=3.157 tEvalMs=96.807 tHostReadMs=0.018 tCacheStateMs=0.188 stepMs=100.171
MTP-STEP round=28 depth=3 offered=2 accepted=2 committed=3 stepMs=100.1925
mtp-top2gap idx=75 token=3050 gap=0.375
STEP-TRACE round=29 d=2 acc=1 tGraphBuildMs=2.960 tEvalMs=97.226 tHostReadMs=0.019 tCacheStateMs=1.413 stepMs=101.619
MTP-STEP round=29 depth=3 offered=2 accepted=1 committed=2 stepMs=101.6655
mtp-top2gap idx=78 token=63 gap=7.3125
STEP-TRACE round=30 d=2 acc=2 tGraphBuildMs=3.219 tEvalMs=96.784 tHostReadMs=0.014 tCacheStateMs=0.184 stepMs=100.200
MTP-STEP round=30 depth=3 offered=2 accepted=2 committed=3 stepMs=100.2227
mtp-top2gap idx=81 token=36196 gap=8.375
STEP-TRACE round=31 d=2 acc=2 tGraphBuildMs=2.932 tEvalMs=98.098 tHostReadMs=0.017 tCacheStateMs=0.209 stepMs=101.256
MTP-STEP round=31 depth=3 offered=2 accepted=2 committed=3 stepMs=101.2784
mtp-top2gap idx=84 token=37066 gap=5.5
STEP-TRACE round=32 d=2 acc=2 tGraphBuildMs=3.017 tEvalMs=97.267 tHostReadMs=0.018 tCacheStateMs=0.206 stepMs=100.509
MTP-STEP round=32 depth=3 offered=2 accepted=2 committed=3 stepMs=100.5362
mtp-top2gap idx=87 token=332 gap=1.375
STEP-TRACE round=33 d=2 acc=2 tGraphBuildMs=2.986 tEvalMs=97.298 tHostReadMs=0.017 tCacheStateMs=0.216 stepMs=100.517
MTP-STEP round=33 depth=3 offered=2 accepted=2 committed=3 stepMs=100.5402
mtp-top2gap idx=90 token=64700 gap=10.375
STEP-TRACE round=34 d=2 acc=2 tGraphBuildMs=3.126 tEvalMs=96.861 tHostReadMs=0.020 tCacheStateMs=0.184 stepMs=100.191
MTP-STEP round=34 depth=3 offered=2 accepted=2 committed=3 stepMs=100.2139
mtp-top2gap idx=93 token=256 gap=9.6875
STEP-TRACE round=35 d=2 acc=2 tGraphBuildMs=2.931 tEvalMs=97.407 tHostReadMs=0.019 tCacheStateMs=0.204 stepMs=100.560
MTP-STEP round=35 depth=3 offered=2 accepted=2 committed=3 stepMs=100.5829
mtp-top2gap idx=96 token=2665 gap=2.75
STEP-TRACE round=36 d=2 acc=2 tGraphBuildMs=3.029 tEvalMs=96.931 tHostReadMs=0.020 tCacheStateMs=0.215 stepMs=100.195
MTP-STEP round=36 depth=3 offered=2 accepted=2 committed=3 stepMs=100.2301
mtp-top2gap idx=99 token=8908 gap=0.125
STEP-TRACE round=37 d=2 acc=2 tGraphBuildMs=3.072 tEvalMs=96.919 tHostReadMs=0.017 tCacheStateMs=0.192 stepMs=100.201
MTP-STEP round=37 depth=3 offered=2 accepted=2 committed=3 stepMs=100.2243
mtp-top2gap idx=101 token=594 gap=0.375
STEP-TRACE round=38 d=2 acc=1 tGraphBuildMs=3.181 tEvalMs=96.871 tHostReadMs=0.025 tCacheStateMs=1.368 stepMs=101.445
MTP-STEP round=38 depth=3 offered=2 accepted=1 committed=2 stepMs=101.4964
mtp-top2gap idx=104 token=6903 gap=12.1875
STEP-TRACE round=39 d=2 acc=2 tGraphBuildMs=3.177 tEvalMs=97.949 tHostReadMs=0.021 tCacheStateMs=0.229 stepMs=101.376
MTP-STEP round=39 depth=3 offered=2 accepted=2 committed=3 stepMs=101.4016
mtp-top2gap idx=106 token=63 gap=0.375
STEP-TRACE round=40 d=2 acc=1 tGraphBuildMs=3.116 tEvalMs=97.052 tHostReadMs=0.020 tCacheStateMs=1.338 stepMs=101.525
MTP-STEP round=40 depth=3 offered=2 accepted=1 committed=2 stepMs=101.5815
mtp-top2gap idx=108 token=64360 gap=2.125
STEP-TRACE round=41 d=2 acc=1 tGraphBuildMs=3.187 tEvalMs=96.713 tHostReadMs=0.018 tCacheStateMs=1.380 stepMs=101.299
MTP-STEP round=41 depth=3 offered=2 accepted=1 committed=2 stepMs=101.3401
mtp-top2gap idx=111 token=310 gap=0.375
STEP-TRACE round=42 d=2 acc=2 tGraphBuildMs=3.168 tEvalMs=96.894 tHostReadMs=0.018 tCacheStateMs=0.211 stepMs=100.291
MTP-STEP round=42 depth=3 offered=2 accepted=2 committed=3 stepMs=100.3156
mtp-top2gap idx=113 token=1558 gap=5
STEP-TRACE round=43 d=2 acc=1 tGraphBuildMs=2.985 tEvalMs=96.890 tHostReadMs=0.018 tCacheStateMs=1.307 stepMs=101.200
MTP-STEP round=43 depth=3 offered=2 accepted=1 committed=2 stepMs=101.2428
mtp-top2gap idx=116 token=279 gap=0.125
STEP-TRACE round=44 d=2 acc=2 tGraphBuildMs=3.149 tEvalMs=96.841 tHostReadMs=0.027 tCacheStateMs=0.222 stepMs=100.240
MTP-STEP round=44 depth=3 offered=2 accepted=2 committed=3 stepMs=100.2648
mtp-top2gap idx=119 token=264 gap=1.75
STEP-TRACE round=45 d=2 acc=2 tGraphBuildMs=2.975 tEvalMs=97.182 tHostReadMs=0.024 tCacheStateMs=0.213 stepMs=100.395
MTP-STEP round=45 depth=3 offered=2 accepted=2 committed=3 stepMs=100.4201
mtp-top2gap idx=122 token=13 gap=0.5
STEP-TRACE round=46 d=2 acc=2 tGraphBuildMs=2.984 tEvalMs=97.038 tHostReadMs=0.024 tCacheStateMs=0.218 stepMs=100.263
MTP-STEP round=46 depth=3 offered=2 accepted=2 committed=3 stepMs=100.2873
mtp-top2gap idx=125 token=256 gap=7.6875
STEP-TRACE round=47 d=2 acc=2 tGraphBuildMs=2.999 tEvalMs=97.110 tHostReadMs=0.022 tCacheStateMs=0.193 stepMs=100.325
MTP-STEP round=47 depth=3 offered=2 accepted=2 committed=3 stepMs=100.3455
mtp-top2gap idx=128 token=82040 gap=11.875
STEP-TRACE round=48 d=2 acc=2 tGraphBuildMs=2.944 tEvalMs=97.166 tHostReadMs=0.022 tCacheStateMs=0.203 stepMs=100.334
MTP-STEP round=48 depth=3 offered=2 accepted=2 committed=3 stepMs=100.3565
MTP-STEP-SUMMARY rounds=48 proposed=96 accepted=80 acceptedPerStep=1.6667 avgStepMs=361.1586 decodeSeconds=17.3387 committed=128 qmvVerifyRouted=2:129,3:4902,4:96 qmvVerifyFallback=1:102,12:96,512:195,2048:1536,32780:3 qmvVerifyMaterialized=0
