mtp-top2gap idx=3 token=3766 gap=1.5
STEP-TRACE round=1 d=2 acc=2 tGraphBuildMs=9296.451 tEvalMs=4105.026 tHostReadMs=0.046 tCacheStateMs=0.339 stepMs=13401.863
MTP-STEP round=1 depth=3 offered=2 accepted=2 committed=3 stepMs=13402.4093
mtp-top2gap idx=5 token=66320 gap=0.375
STEP-TRACE round=2 d=2 acc=1 tGraphBuildMs=3.275 tEvalMs=154.371 tHostReadMs=0.018 tCacheStateMs=1.614 stepMs=159.278
MTP-STEP round=2 depth=3 offered=2 accepted=1 committed=2 stepMs=159.3257
mtp-top2gap idx=8 token=369 gap=2.5
STEP-TRACE round=3 d=2 acc=2 tGraphBuildMs=3.396 tEvalMs=96.912 tHostReadMs=0.021 tCacheStateMs=0.178 stepMs=100.507
MTP-STEP round=3 depth=3 offered=2 accepted=2 committed=3 stepMs=100.5344
mtp-top2gap idx=11 token=314 gap=0.875
STEP-TRACE round=4 d=2 acc=2 tGraphBuildMs=3.338 tEvalMs=97.180 tHostReadMs=0.014 tCacheStateMs=0.149 stepMs=100.681
MTP-STEP round=4 depth=3 offered=2 accepted=2 committed=3 stepMs=100.7044
mtp-top2gap idx=14 token=64643 gap=1.625
STEP-TRACE round=5 d=2 acc=2 tGraphBuildMs=2.956 tEvalMs=97.375 tHostReadMs=0.021 tCacheStateMs=0.179 stepMs=100.530
MTP-STEP round=5 depth=3 offered=2 accepted=2 committed=3 stepMs=100.5522
mtp-top2gap idx=17 token=2759 gap=6.5
STEP-TRACE round=6 d=2 acc=2 tGraphBuildMs=2.870 tEvalMs=97.454 tHostReadMs=0.018 tCacheStateMs=0.148 stepMs=100.490
MTP-STEP round=6 depth=3 offered=2 accepted=2 committed=3 stepMs=100.5113
mtp-top2gap idx=20 token=6522 gap=0.5
STEP-TRACE round=7 d=2 acc=2 tGraphBuildMs=2.829 tEvalMs=97.770 tHostReadMs=0.017 tCacheStateMs=0.157 stepMs=100.774
MTP-STEP round=7 depth=3 offered=2 accepted=2 committed=3 stepMs=100.7962
mtp-top2gap idx=23 token=11352 gap=0.375
STEP-TRACE round=8 d=2 acc=2 tGraphBuildMs=2.959 tEvalMs=96.987 tHostReadMs=0.018 tCacheStateMs=0.139 stepMs=100.103
MTP-STEP round=8 depth=3 offered=2 accepted=2 committed=3 stepMs=100.1270
mtp-top2gap idx=26 token=279 gap=2.875
STEP-TRACE round=9 d=2 acc=2 tGraphBuildMs=2.900 tEvalMs=97.717 tHostReadMs=0.021 tCacheStateMs=0.194 stepMs=100.831
MTP-STEP round=9 depth=3 offered=2 accepted=2 committed=3 stepMs=100.8593
mtp-top2gap idx=29 token=321 gap=0.125
STEP-TRACE round=10 d=2 acc=2 tGraphBuildMs=2.851 tEvalMs=97.029 tHostReadMs=0.021 tCacheStateMs=0.145 stepMs=100.046
MTP-STEP round=10 depth=3 offered=2 accepted=2 committed=3 stepMs=100.0669
mtp-top2gap idx=32 token=28459 gap=0
STEP-TRACE round=11 d=2 acc=2 tGraphBuildMs=2.751 tEvalMs=97.332 tHostReadMs=0.015 tCacheStateMs=0.180 stepMs=100.278
MTP-STEP round=11 depth=3 offered=2 accepted=2 committed=3 stepMs=100.3090
mtp-top2gap idx=35 token=13962 gap=4.75
STEP-TRACE round=12 d=2 acc=2 tGraphBuildMs=2.909 tEvalMs=97.721 tHostReadMs=0.018 tCacheStateMs=0.154 stepMs=100.801
MTP-STEP round=12 depth=3 offered=2 accepted=2 committed=3 stepMs=100.8225
mtp-top2gap idx=38 token=13 gap=12.375
STEP-TRACE round=13 d=2 acc=2 tGraphBuildMs=2.761 tEvalMs=97.226 tHostReadMs=0.021 tCacheStateMs=0.191 stepMs=100.200
MTP-STEP round=13 depth=3 offered=2 accepted=2 committed=3 stepMs=100.2244
mtp-top2gap idx=41 token=27501 gap=10.75
STEP-TRACE round=14 d=2 acc=2 tGraphBuildMs=2.860 tEvalMs=97.168 tHostReadMs=0.023 tCacheStateMs=0.173 stepMs=100.224
MTP-STEP round=14 depth=3 offered=2 accepted=2 committed=3 stepMs=100.2485
mtp-top2gap idx=43 token=11300 gap=0.375
STEP-TRACE round=15 d=2 acc=1 tGraphBuildMs=2.793 tEvalMs=96.939 tHostReadMs=0.022 tCacheStateMs=1.249 stepMs=101.002
MTP-STEP round=15 depth=3 offered=2 accepted=1 committed=2 stepMs=101.0340
mtp-top2gap idx=46 token=6522 gap=2.5
STEP-TRACE round=16 d=2 acc=2 tGraphBuildMs=3.039 tEvalMs=97.054 tHostReadMs=0.023 tCacheStateMs=0.166 stepMs=100.281
MTP-STEP round=16 depth=3 offered=2 accepted=2 committed=3 stepMs=100.3072
mtp-top2gap idx=49 token=11870 gap=3.5
STEP-TRACE round=17 d=2 acc=2 tGraphBuildMs=2.764 tEvalMs=96.963 tHostReadMs=0.017 tCacheStateMs=0.145 stepMs=99.889
MTP-STEP round=17 depth=3 offered=2 accepted=2 committed=3 stepMs=99.9112
mtp-top2gap idx=51 token=28043 gap=1.75
STEP-TRACE round=18 d=2 acc=1 tGraphBuildMs=2.862 tEvalMs=96.895 tHostReadMs=0.017 tCacheStateMs=1.216 stepMs=100.990
MTP-STEP round=18 depth=3 offered=2 accepted=1 committed=2 stepMs=101.0270
mtp-top2gap idx=53 token=16243 gap=1.25
STEP-TRACE round=19 d=2 acc=1 tGraphBuildMs=2.975 tEvalMs=96.665 tHostReadMs=0.022 tCacheStateMs=1.206 stepMs=100.868
MTP-STEP round=19 depth=3 offered=2 accepted=1 committed=2 stepMs=100.8972
mtp-top2gap idx=54 token=1040 gap=0.875
STEP-TRACE round=20 d=2 acc=0 tGraphBuildMs=2.987 tEvalMs=97.035 tHostReadMs=0.016 tCacheStateMs=1.416 stepMs=101.455
MTP-STEP round=20 depth=3 offered=2 accepted=0 committed=1 stepMs=101.4903
mtp-top2gap idx=57 token=11 gap=3.25
STEP-TRACE round=21 d=2 acc=2 tGraphBuildMs=2.988 tEvalMs=96.007 tHostReadMs=0.022 tCacheStateMs=0.178 stepMs=99.195
MTP-STEP round=21 depth=3 offered=2 accepted=2 committed=3 stepMs=99.2152
mtp-top2gap idx=58 token=44424 gap=0.375
STEP-TRACE round=22 d=2 acc=0 tGraphBuildMs=2.838 tEvalMs=97.011 tHostReadMs=0.022 tCacheStateMs=1.315 stepMs=101.185
MTP-STEP round=22 depth=3 offered=2 accepted=0 committed=1 stepMs=101.2260
mtp-top2gap idx=59 token=4478 gap=0.375
STEP-TRACE round=23 d=2 acc=0 tGraphBuildMs=3.039 tEvalMs=96.278 tHostReadMs=0.021 tCacheStateMs=1.387 stepMs=100.725
MTP-STEP round=23 depth=3 offered=2 accepted=0 committed=1 stepMs=100.7690
mtp-top2gap idx=62 token=4003 gap=4.5
STEP-TRACE round=24 d=2 acc=2 tGraphBuildMs=3.115 tEvalMs=95.875 tHostReadMs=0.020 tCacheStateMs=0.169 stepMs=99.179
MTP-STEP round=24 depth=3 offered=2 accepted=2 committed=3 stepMs=99.2011
mtp-top2gap idx=65 token=1049 gap=1
STEP-TRACE round=25 d=2 acc=2 tGraphBuildMs=2.798 tEvalMs=96.929 tHostReadMs=0.014 tCacheStateMs=0.146 stepMs=99.887
MTP-STEP round=25 depth=3 offered=2 accepted=2 committed=3 stepMs=99.9073
mtp-top2gap idx=68 token=310 gap=2.75
STEP-TRACE round=26 d=2 acc=2 tGraphBuildMs=2.729 tEvalMs=97.003 tHostReadMs=0.016 tCacheStateMs=0.180 stepMs=99.929
MTP-STEP round=26 depth=3 offered=2 accepted=2 committed=3 stepMs=99.9574
mtp-top2gap idx=70 token=39328 gap=2
STEP-TRACE round=27 d=2 acc=1 tGraphBuildMs=2.852 tEvalMs=96.969 tHostReadMs=0.019 tCacheStateMs=1.203 stepMs=101.043
MTP-STEP round=27 depth=3 offered=2 accepted=1 committed=2 stepMs=101.0764
mtp-top2gap idx=73 token=13779 gap=7.125
STEP-TRACE round=28 d=2 acc=2 tGraphBuildMs=2.808 tEvalMs=97.232 tHostReadMs=0.019 tCacheStateMs=0.164 stepMs=100.223
MTP-STEP round=28 depth=3 offered=2 accepted=2 committed=3 stepMs=100.2438
mtp-top2gap idx=75 token=3050 gap=0.375
STEP-TRACE round=29 d=2 acc=1 tGraphBuildMs=2.794 tEvalMs=97.091 tHostReadMs=0.020 tCacheStateMs=1.190 stepMs=101.096
MTP-STEP round=29 depth=3 offered=2 accepted=1 committed=2 stepMs=101.1302
mtp-top2gap idx=78 token=63 gap=7.3125
STEP-TRACE round=30 d=2 acc=2 tGraphBuildMs=2.973 tEvalMs=97.572 tHostReadMs=0.024 tCacheStateMs=0.160 stepMs=100.728
MTP-STEP round=30 depth=3 offered=2 accepted=2 committed=3 stepMs=100.7498
mtp-top2gap idx=81 token=36196 gap=8.375
STEP-TRACE round=31 d=2 acc=2 tGraphBuildMs=2.862 tEvalMs=97.066 tHostReadMs=0.023 tCacheStateMs=0.182 stepMs=100.133
MTP-STEP round=31 depth=3 offered=2 accepted=2 committed=3 stepMs=100.1555
mtp-top2gap idx=84 token=37066 gap=5.5
STEP-TRACE round=32 d=2 acc=2 tGraphBuildMs=2.816 tEvalMs=96.965 tHostReadMs=0.017 tCacheStateMs=0.164 stepMs=99.962
MTP-STEP round=32 depth=3 offered=2 accepted=2 committed=3 stepMs=99.9865
mtp-top2gap idx=87 token=332 gap=1.375
STEP-TRACE round=33 d=2 acc=2 tGraphBuildMs=2.904 tEvalMs=97.296 tHostReadMs=0.020 tCacheStateMs=0.154 stepMs=100.375
MTP-STEP round=33 depth=3 offered=2 accepted=2 committed=3 stepMs=100.3955
mtp-top2gap idx=90 token=64700 gap=10.375
STEP-TRACE round=34 d=2 acc=2 tGraphBuildMs=2.774 tEvalMs=97.024 tHostReadMs=0.019 tCacheStateMs=0.139 stepMs=99.956
MTP-STEP round=34 depth=3 offered=2 accepted=2 committed=3 stepMs=99.9768
mtp-top2gap idx=93 token=256 gap=9.6875
STEP-TRACE round=35 d=2 acc=2 tGraphBuildMs=2.716 tEvalMs=97.147 tHostReadMs=0.020 tCacheStateMs=0.179 stepMs=100.061
MTP-STEP round=35 depth=3 offered=2 accepted=2 committed=3 stepMs=100.0848
mtp-top2gap idx=96 token=2665 gap=2.75
STEP-TRACE round=36 d=2 acc=2 tGraphBuildMs=2.886 tEvalMs=96.865 tHostReadMs=0.020 tCacheStateMs=0.160 stepMs=99.930
MTP-STEP round=36 depth=3 offered=2 accepted=2 committed=3 stepMs=99.9594
mtp-top2gap idx=99 token=8908 gap=0.125
STEP-TRACE round=37 d=2 acc=2 tGraphBuildMs=2.777 tEvalMs=97.234 tHostReadMs=0.013 tCacheStateMs=0.155 stepMs=100.179
MTP-STEP round=37 depth=3 offered=2 accepted=2 committed=3 stepMs=100.1990
mtp-top2gap idx=101 token=594 gap=0.375
STEP-TRACE round=38 d=2 acc=1 tGraphBuildMs=2.777 tEvalMs=97.420 tHostReadMs=0.017 tCacheStateMs=1.167 stepMs=101.382
MTP-STEP round=38 depth=3 offered=2 accepted=1 committed=2 stepMs=101.4117
mtp-top2gap idx=104 token=6903 gap=12.1875
STEP-TRACE round=39 d=2 acc=2 tGraphBuildMs=3.055 tEvalMs=97.889 tHostReadMs=0.017 tCacheStateMs=0.191 stepMs=101.153
MTP-STEP round=39 depth=3 offered=2 accepted=2 committed=3 stepMs=101.1821
mtp-top2gap idx=106 token=63 gap=0.375
STEP-TRACE round=40 d=2 acc=1 tGraphBuildMs=2.971 tEvalMs=99.242 tHostReadMs=0.021 tCacheStateMs=1.198 stepMs=103.432
MTP-STEP round=40 depth=3 offered=2 accepted=1 committed=2 stepMs=103.4647
mtp-top2gap idx=108 token=64360 gap=2.125
STEP-TRACE round=41 d=2 acc=1 tGraphBuildMs=2.999 tEvalMs=100.173 tHostReadMs=0.018 tCacheStateMs=1.243 stepMs=104.433
MTP-STEP round=41 depth=3 offered=2 accepted=1 committed=2 stepMs=104.4700
mtp-top2gap idx=111 token=310 gap=0.375
STEP-TRACE round=42 d=2 acc=2 tGraphBuildMs=3.167 tEvalMs=100.915 tHostReadMs=0.019 tCacheStateMs=0.164 stepMs=104.265
MTP-STEP round=42 depth=3 offered=2 accepted=2 committed=3 stepMs=104.2867
mtp-top2gap idx=113 token=1558 gap=5
STEP-TRACE round=43 d=2 acc=1 tGraphBuildMs=2.790 tEvalMs=101.623 tHostReadMs=0.022 tCacheStateMs=1.197 stepMs=105.633
MTP-STEP round=43 depth=3 offered=2 accepted=1 committed=2 stepMs=105.6720
mtp-top2gap idx=116 token=279 gap=0.125
STEP-TRACE round=44 d=2 acc=2 tGraphBuildMs=3.075 tEvalMs=102.194 tHostReadMs=0.017 tCacheStateMs=0.146 stepMs=105.432
MTP-STEP round=44 depth=3 offered=2 accepted=2 committed=3 stepMs=105.4518
mtp-top2gap idx=119 token=264 gap=1.75
STEP-TRACE round=45 d=2 acc=2 tGraphBuildMs=2.734 tEvalMs=103.066 tHostReadMs=0.014 tCacheStateMs=0.141 stepMs=105.956
MTP-STEP round=45 depth=3 offered=2 accepted=2 committed=3 stepMs=105.9804
mtp-top2gap idx=122 token=13 gap=0.5
STEP-TRACE round=46 d=2 acc=2 tGraphBuildMs=2.756 tEvalMs=103.812 tHostReadMs=0.014 tCacheStateMs=0.146 stepMs=106.728
MTP-STEP round=46 depth=3 offered=2 accepted=2 committed=3 stepMs=106.7528
mtp-top2gap idx=125 token=256 gap=7.6875
STEP-TRACE round=47 d=2 acc=2 tGraphBuildMs=2.863 tEvalMs=104.189 tHostReadMs=0.024 tCacheStateMs=0.173 stepMs=107.250
MTP-STEP round=47 depth=3 offered=2 accepted=2 committed=3 stepMs=107.2710
mtp-top2gap idx=128 token=82040 gap=11.875
STEP-TRACE round=48 d=2 acc=2 tGraphBuildMs=2.799 tEvalMs=105.317 tHostReadMs=0.017 tCacheStateMs=0.167 stepMs=108.301
MTP-STEP round=48 depth=3 offered=2 accepted=2 committed=3 stepMs=108.3235
MTP-STEP-SUMMARY rounds=48 proposed=96 accepted=80 acceptedPerStep=1.6667 avgStepMs=379.8054 decodeSeconds=18.2420 committed=128 qmvVerifyRouted=2:129,3:4902,4:96 qmvVerifyFallback=1:102,12:96,512:195,2048:1536,32780:3 qmvVerifyMaterialized=0
