mtp-top2gap idx=3 token=3766 gap=1.25
STEP-TRACE round=1 d=2 acc=2 tGraphBuildMs=539.089 tEvalMs=371.359 tHostReadMs=0.039 tCacheStateMs=0.324 stepMs=910.810
MTP-STEP round=1 depth=3 offered=2 accepted=2 committed=3 stepMs=910.8670
mtp-top2gap idx=5 token=66320 gap=0.25
STEP-TRACE round=2 d=2 acc=1 tGraphBuildMs=3.341 tEvalMs=89.000 tHostReadMs=0.031 tCacheStateMs=1.669 stepMs=94.040
MTP-STEP round=2 depth=3 offered=2 accepted=1 committed=2 stepMs=94.0911
mtp-top2gap idx=8 token=369 gap=3.75
STEP-TRACE round=3 d=2 acc=2 tGraphBuildMs=3.824 tEvalMs=87.973 tHostReadMs=0.030 tCacheStateMs=0.208 stepMs=92.035
MTP-STEP round=3 depth=3 offered=2 accepted=2 committed=3 stepMs=92.0622
mtp-top2gap idx=11 token=321 gap=1.25
STEP-TRACE round=4 d=2 acc=2 tGraphBuildMs=3.505 tEvalMs=87.611 tHostReadMs=0.018 tCacheStateMs=0.187 stepMs=91.322
MTP-STEP round=4 depth=3 offered=2 accepted=2 committed=3 stepMs=91.3442
mtp-top2gap idx=14 token=279 gap=5.625
STEP-TRACE round=5 d=2 acc=2 tGraphBuildMs=3.115 tEvalMs=87.598 tHostReadMs=0.025 tCacheStateMs=0.173 stepMs=90.911
MTP-STEP round=5 depth=3 offered=2 accepted=2 committed=3 stepMs=90.9352
mtp-top2gap idx=16 token=9153 gap=0.75
STEP-TRACE round=6 d=2 acc=1 tGraphBuildMs=3.031 tEvalMs=87.524 tHostReadMs=0.027 tCacheStateMs=1.260 stepMs=91.841
MTP-STEP round=6 depth=3 offered=2 accepted=1 committed=2 stepMs=91.8757
mtp-top2gap idx=19 token=63 gap=2.25
STEP-TRACE round=7 d=2 acc=2 tGraphBuildMs=3.265 tEvalMs=86.484 tHostReadMs=0.025 tCacheStateMs=0.177 stepMs=89.950
MTP-STEP round=7 depth=3 offered=2 accepted=2 committed=3 stepMs=89.9744
mtp-top2gap idx=21 token=709 gap=1.75
STEP-TRACE round=8 d=2 acc=1 tGraphBuildMs=3.296 tEvalMs=86.979 tHostReadMs=0.024 tCacheStateMs=1.283 stepMs=91.582
MTP-STEP round=8 depth=3 offered=2 accepted=1 committed=2 stepMs=91.6169
mtp-top2gap idx=24 token=760 gap=0
STEP-TRACE round=9 d=2 acc=2 tGraphBuildMs=3.236 tEvalMs=87.737 tHostReadMs=0.023 tCacheStateMs=0.187 stepMs=91.183
MTP-STEP round=9 depth=3 offered=2 accepted=2 committed=3 stepMs=91.2042
mtp-top2gap idx=27 token=12905 gap=0.25
STEP-TRACE round=10 d=2 acc=2 tGraphBuildMs=2.994 tEvalMs=86.960 tHostReadMs=0.023 tCacheStateMs=0.167 stepMs=90.144
MTP-STEP round=10 depth=3 offered=2 accepted=2 committed=3 stepMs=90.1655
mtp-top2gap idx=30 token=369 gap=1.5
STEP-TRACE round=11 d=2 acc=2 tGraphBuildMs=3.020 tEvalMs=87.502 tHostReadMs=0.018 tCacheStateMs=0.156 stepMs=90.696
MTP-STEP round=11 depth=3 offered=2 accepted=2 committed=3 stepMs=90.7189
mtp-top2gap idx=33 token=4613 gap=0.25
STEP-TRACE round=12 d=2 acc=2 tGraphBuildMs=3.033 tEvalMs=88.088 tHostReadMs=0.021 tCacheStateMs=0.181 stepMs=91.322
MTP-STEP round=12 depth=3 offered=2 accepted=2 committed=3 stepMs=91.3428
mtp-top2gap idx=36 token=3467 gap=0.25
STEP-TRACE round=13 d=2 acc=2 tGraphBuildMs=3.030 tEvalMs=87.702 tHostReadMs=0.026 tCacheStateMs=0.179 stepMs=90.938
MTP-STEP round=13 depth=3 offered=2 accepted=2 committed=3 stepMs=90.9595
mtp-top2gap idx=39 token=2424 gap=1
STEP-TRACE round=14 d=2 acc=2 tGraphBuildMs=3.052 tEvalMs=87.364 tHostReadMs=0.017 tCacheStateMs=0.190 stepMs=90.623
MTP-STEP round=14 depth=3 offered=2 accepted=2 committed=3 stepMs=90.6507
mtp-top2gap idx=40 token=11 gap=2.125
STEP-TRACE round=15 d=2 acc=0 tGraphBuildMs=3.177 tEvalMs=89.090 tHostReadMs=0.018 tCacheStateMs=1.545 stepMs=93.830
MTP-STEP round=15 depth=3 offered=2 accepted=0 committed=1 stepMs=93.8762
mtp-top2gap idx=42 token=2785 gap=1
STEP-TRACE round=16 d=2 acc=1 tGraphBuildMs=3.422 tEvalMs=89.404 tHostReadMs=0.032 tCacheStateMs=1.360 stepMs=94.218
MTP-STEP round=16 depth=3 offered=2 accepted=1 committed=2 stepMs=94.2525
mtp-top2gap idx=44 token=7948 gap=0.75
STEP-TRACE round=17 d=2 acc=1 tGraphBuildMs=3.291 tEvalMs=91.947 tHostReadMs=0.026 tCacheStateMs=1.300 stepMs=96.564
MTP-STEP round=17 depth=3 offered=2 accepted=1 committed=2 stepMs=96.6028
mtp-top2gap idx=47 token=364 gap=0.875
STEP-TRACE round=18 d=2 acc=2 tGraphBuildMs=3.218 tEvalMs=90.605 tHostReadMs=0.030 tCacheStateMs=0.215 stepMs=94.068
MTP-STEP round=18 depth=3 offered=2 accepted=2 committed=3 stepMs=94.0920
mtp-top2gap idx=49 token=1558 gap=0.5
STEP-TRACE round=19 d=2 acc=1 tGraphBuildMs=3.210 tEvalMs=92.338 tHostReadMs=0.014 tCacheStateMs=1.268 stepMs=96.829
MTP-STEP round=19 depth=3 offered=2 accepted=1 committed=2 stepMs=96.8685
mtp-top2gap idx=52 token=561 gap=1.375
STEP-TRACE round=20 d=2 acc=2 tGraphBuildMs=3.205 tEvalMs=93.139 tHostReadMs=0.028 tCacheStateMs=0.240 stepMs=96.612
MTP-STEP round=20 depth=3 offered=2 accepted=2 committed=3 stepMs=96.6358
mtp-top2gap idx=54 token=314 gap=0.875
STEP-TRACE round=21 d=2 acc=1 tGraphBuildMs=3.146 tEvalMs=92.567 tHostReadMs=0.025 tCacheStateMs=1.240 stepMs=96.978
MTP-STEP round=21 depth=3 offered=2 accepted=1 committed=2 stepMs=97.0167
mtp-top2gap idx=56 token=3644 gap=1.5
STEP-TRACE round=22 d=2 acc=1 tGraphBuildMs=3.462 tEvalMs=95.127 tHostReadMs=0.026 tCacheStateMs=1.315 stepMs=99.930
MTP-STEP round=22 depth=3 offered=2 accepted=1 committed=2 stepMs=99.9651
mtp-top2gap idx=59 token=25 gap=1.25
STEP-TRACE round=23 d=2 acc=2 tGraphBuildMs=3.348 tEvalMs=95.263 tHostReadMs=0.026 tCacheStateMs=0.168 stepMs=98.805
MTP-STEP round=23 depth=3 offered=2 accepted=2 committed=3 stepMs=98.8264
mtp-top2gap idx=62 token=13 gap=11.25
STEP-TRACE round=24 d=2 acc=2 tGraphBuildMs=2.945 tEvalMs=95.323 tHostReadMs=0.023 tCacheStateMs=0.195 stepMs=98.486
MTP-STEP round=24 depth=3 offered=2 accepted=2 committed=3 stepMs=98.5117
mtp-top2gap idx=65 token=279 gap=7.625
STEP-TRACE round=25 d=2 acc=2 tGraphBuildMs=3.133 tEvalMs=95.695 tHostReadMs=0.014 tCacheStateMs=0.160 stepMs=99.002
MTP-STEP round=25 depth=3 offered=2 accepted=2 committed=3 stepMs=99.0225
mtp-top2gap idx=68 token=1510 gap=3.375
STEP-TRACE round=26 d=2 acc=2 tGraphBuildMs=2.903 tEvalMs=95.571 tHostReadMs=0.018 tCacheStateMs=0.189 stepMs=98.681
MTP-STEP round=26 depth=3 offered=2 accepted=2 committed=3 stepMs=98.7127
mtp-top2gap idx=71 token=10885 gap=7.625
STEP-TRACE round=27 d=2 acc=2 tGraphBuildMs=3.153 tEvalMs=95.674 tHostReadMs=0.026 tCacheStateMs=0.193 stepMs=99.045
MTP-STEP round=27 depth=3 offered=2 accepted=2 committed=3 stepMs=99.0717
mtp-top2gap idx=74 token=17 gap=7.875
STEP-TRACE round=28 d=2 acc=2 tGraphBuildMs=2.945 tEvalMs=96.538 tHostReadMs=0.019 tCacheStateMs=0.214 stepMs=99.717
MTP-STEP round=28 depth=3 offered=2 accepted=2 committed=3 stepMs=99.7447
mtp-top2gap idx=77 token=24209 gap=1
STEP-TRACE round=29 d=2 acc=2 tGraphBuildMs=3.202 tEvalMs=97.150 tHostReadMs=0.019 tCacheStateMs=0.211 stepMs=100.582
MTP-STEP round=29 depth=3 offered=2 accepted=2 committed=3 stepMs=100.6065
mtp-top2gap idx=78 token=12689 gap=0.125
STEP-TRACE round=30 d=2 acc=0 tGraphBuildMs=3.279 tEvalMs=96.707 tHostReadMs=0.018 tCacheStateMs=1.478 stepMs=101.483
MTP-STEP round=30 depth=3 offered=2 accepted=0 committed=1 stepMs=101.5234
mtp-top2gap idx=81 token=5072 gap=4.5
STEP-TRACE round=31 d=2 acc=2 tGraphBuildMs=3.383 tEvalMs=96.517 tHostReadMs=0.025 tCacheStateMs=0.222 stepMs=100.147
MTP-STEP round=31 depth=3 offered=2 accepted=2 committed=3 stepMs=100.1784
mtp-top2gap idx=84 token=1754 gap=6.625
STEP-TRACE round=32 d=2 acc=2 tGraphBuildMs=3.196 tEvalMs=97.290 tHostReadMs=0.019 tCacheStateMs=0.207 stepMs=100.712
MTP-STEP round=32 depth=3 offered=2 accepted=2 committed=3 stepMs=100.7349
mtp-top2gap idx=85 token=2297 gap=2.125
STEP-TRACE round=33 d=2 acc=0 tGraphBuildMs=3.182 tEvalMs=98.045 tHostReadMs=0.027 tCacheStateMs=1.431 stepMs=102.685
MTP-STEP round=33 depth=3 offered=2 accepted=0 committed=1 stepMs=102.7329
mtp-top2gap idx=86 token=1510 gap=0.75
STEP-TRACE round=34 d=2 acc=0 tGraphBuildMs=3.291 tEvalMs=97.493 tHostReadMs=0.013 tCacheStateMs=1.378 stepMs=102.176
MTP-STEP round=34 depth=3 offered=2 accepted=0 committed=1 stepMs=102.2140
mtp-top2gap idx=89 token=303 gap=1.875
STEP-TRACE round=35 d=2 acc=2 tGraphBuildMs=3.320 tEvalMs=97.331 tHostReadMs=0.020 tCacheStateMs=0.195 stepMs=100.865
MTP-STEP round=35 depth=3 offered=2 accepted=2 committed=3 stepMs=100.8863
mtp-top2gap idx=92 token=82 gap=11.25
STEP-TRACE round=36 d=2 acc=2 tGraphBuildMs=3.047 tEvalMs=98.144 tHostReadMs=0.025 tCacheStateMs=0.184 stepMs=101.401
MTP-STEP round=36 depth=3 offered=2 accepted=2 committed=3 stepMs=101.4273
mtp-top2gap idx=95 token=5790 gap=1.125
STEP-TRACE round=37 d=2 acc=2 tGraphBuildMs=3.014 tEvalMs=98.588 tHostReadMs=0.020 tCacheStateMs=0.184 stepMs=101.805
MTP-STEP round=37 depth=3 offered=2 accepted=2 committed=3 stepMs=101.8298
mtp-top2gap idx=97 token=61369 gap=2.625
STEP-TRACE round=38 d=2 acc=1 tGraphBuildMs=3.037 tEvalMs=98.612 tHostReadMs=0.023 tCacheStateMs=1.338 stepMs=103.010
MTP-STEP round=38 depth=3 offered=2 accepted=1 committed=2 stepMs=103.0489
mtp-top2gap idx=100 token=321 gap=2.125
STEP-TRACE round=39 d=2 acc=2 tGraphBuildMs=3.626 tEvalMs=97.492 tHostReadMs=0.023 tCacheStateMs=0.209 stepMs=101.350
MTP-STEP round=39 depth=3 offered=2 accepted=2 committed=3 stepMs=101.3756
mtp-top2gap idx=103 token=7948 gap=0.375
STEP-TRACE round=40 d=2 acc=2 tGraphBuildMs=3.087 tEvalMs=97.641 tHostReadMs=0.018 tCacheStateMs=0.201 stepMs=100.946
MTP-STEP round=40 depth=3 offered=2 accepted=2 committed=3 stepMs=100.9763
mtp-top2gap idx=106 token=18 gap=6.375
STEP-TRACE round=41 d=2 acc=2 tGraphBuildMs=3.509 tEvalMs=96.979 tHostReadMs=0.018 tCacheStateMs=0.212 stepMs=100.717
MTP-STEP round=41 depth=3 offered=2 accepted=2 committed=3 stepMs=100.7421
mtp-top2gap idx=109 token=4844 gap=0.5
STEP-TRACE round=42 d=2 acc=2 tGraphBuildMs=3.196 tEvalMs=98.083 tHostReadMs=0.025 tCacheStateMs=0.203 stepMs=101.507
MTP-STEP round=42 depth=3 offered=2 accepted=2 committed=3 stepMs=101.5327
mtp-top2gap idx=111 token=10046 gap=0.625
STEP-TRACE round=43 d=2 acc=1 tGraphBuildMs=3.109 tEvalMs=97.579 tHostReadMs=0.026 tCacheStateMs=1.379 stepMs=102.093
MTP-STEP round=43 depth=3 offered=2 accepted=1 committed=2 stepMs=102.1292
mtp-top2gap idx=113 token=279 gap=4.75
STEP-TRACE round=44 d=2 acc=1 tGraphBuildMs=3.345 tEvalMs=97.446 tHostReadMs=0.021 tCacheStateMs=1.415 stepMs=102.226
MTP-STEP round=44 depth=3 offered=2 accepted=1 committed=2 stepMs=102.2646
mtp-top2gap idx=114 token=4880 gap=1.375
STEP-TRACE round=45 d=2 acc=0 tGraphBuildMs=3.578 tEvalMs=97.010 tHostReadMs=0.019 tCacheStateMs=1.570 stepMs=102.177
MTP-STEP round=45 depth=3 offered=2 accepted=0 committed=1 stepMs=102.2216
mtp-top2gap idx=115 token=24382 gap=1
STEP-TRACE round=46 d=2 acc=0 tGraphBuildMs=3.504 tEvalMs=96.797 tHostReadMs=0.019 tCacheStateMs=1.442 stepMs=101.761
MTP-STEP round=46 depth=3 offered=2 accepted=0 committed=1 stepMs=101.8061
mtp-top2gap idx=116 token=59929 gap=0.375
STEP-TRACE round=47 d=2 acc=0 tGraphBuildMs=3.366 tEvalMs=96.824 tHostReadMs=0.023 tCacheStateMs=1.452 stepMs=101.665
MTP-STEP round=47 depth=3 offered=2 accepted=0 committed=1 stepMs=101.7106
mtp-top2gap idx=119 token=513 gap=1
STEP-TRACE round=48 d=2 acc=2 tGraphBuildMs=3.304 tEvalMs=96.869 tHostReadMs=0.022 tCacheStateMs=0.179 stepMs=100.374
MTP-STEP round=48 depth=3 offered=2 accepted=2 committed=3 stepMs=100.3964
mtp-top2gap idx=120 token=524 gap=0
STEP-TRACE round=49 d=2 acc=0 tGraphBuildMs=2.910 tEvalMs=98.061 tHostReadMs=0.025 tCacheStateMs=1.395 stepMs=102.391
MTP-STEP round=49 depth=3 offered=2 accepted=0 committed=1 stepMs=102.4413
mtp-top2gap idx=123 token=279 gap=4.875
STEP-TRACE round=50 d=2 acc=2 tGraphBuildMs=3.328 tEvalMs=96.470 tHostReadMs=0.020 tCacheStateMs=0.204 stepMs=100.022
MTP-STEP round=50 depth=3 offered=2 accepted=2 committed=3 stepMs=100.0475
mtp-top2gap idx=126 token=5939 gap=0.75
STEP-TRACE round=51 d=2 acc=2 tGraphBuildMs=3.010 tEvalMs=97.439 tHostReadMs=0.018 tCacheStateMs=0.212 stepMs=100.680
MTP-STEP round=51 depth=3 offered=2 accepted=2 committed=3 stepMs=100.7062
mtp-top2gap idx=129 token=1510 gap=0.75
STEP-TRACE round=52 d=2 acc=2 tGraphBuildMs=3.040 tEvalMs=97.580 tHostReadMs=0.023 tCacheStateMs=0.189 stepMs=100.832
MTP-STEP round=52 depth=3 offered=2 accepted=2 committed=3 stepMs=100.8551
MTP-STEP-SUMMARY rounds=52 proposed=104 accepted=77 acceptedPerStep=1.4808 avgStepMs=113.3730 decodeSeconds=5.9133 committed=128 qmvVerifyRouted=2:132,3:5280,4:96 qmvVerifyFallback=1:102,11:96,512:195,2048:384,8203:3 qmvVerifyMaterialized=0
