mtp-top2gap idx=3 token=3766 gap=1.25
STEP-TRACE round=1 d=2 acc=2 tGraphBuildMs=552.543 tEvalMs=376.362 tHostReadMs=0.035 tCacheStateMs=0.302 stepMs=929.242
MTP-STEP round=1 depth=3 offered=2 accepted=2 committed=3 stepMs=929.2924
mtp-top2gap idx=5 token=66320 gap=0.25
STEP-TRACE round=2 d=2 acc=1 tGraphBuildMs=3.558 tEvalMs=90.012 tHostReadMs=0.020 tCacheStateMs=2.035 stepMs=95.625
MTP-STEP round=2 depth=3 offered=2 accepted=1 committed=2 stepMs=95.6682
mtp-top2gap idx=8 token=369 gap=3.75
STEP-TRACE round=3 d=2 acc=2 tGraphBuildMs=4.175 tEvalMs=88.408 tHostReadMs=0.022 tCacheStateMs=0.205 stepMs=92.809
MTP-STEP round=3 depth=3 offered=2 accepted=2 committed=3 stepMs=92.8382
mtp-top2gap idx=11 token=321 gap=1.25
STEP-TRACE round=4 d=2 acc=2 tGraphBuildMs=3.813 tEvalMs=88.215 tHostReadMs=0.022 tCacheStateMs=0.176 stepMs=92.225
MTP-STEP round=4 depth=3 offered=2 accepted=2 committed=3 stepMs=92.2509
mtp-top2gap idx=14 token=279 gap=5.625
STEP-TRACE round=5 d=2 acc=2 tGraphBuildMs=3.076 tEvalMs=89.955 tHostReadMs=0.018 tCacheStateMs=0.223 stepMs=93.272
MTP-STEP round=5 depth=3 offered=2 accepted=2 committed=3 stepMs=93.3002
mtp-top2gap idx=16 token=9153 gap=0.75
STEP-TRACE round=6 d=2 acc=1 tGraphBuildMs=3.290 tEvalMs=89.862 tHostReadMs=0.020 tCacheStateMs=1.319 stepMs=94.492
MTP-STEP round=6 depth=3 offered=2 accepted=1 committed=2 stepMs=94.5264
mtp-top2gap idx=19 token=63 gap=2.25
STEP-TRACE round=7 d=2 acc=2 tGraphBuildMs=3.287 tEvalMs=89.996 tHostReadMs=0.021 tCacheStateMs=0.187 stepMs=93.491
MTP-STEP round=7 depth=3 offered=2 accepted=2 committed=3 stepMs=93.5113
mtp-top2gap idx=21 token=709 gap=1.75
STEP-TRACE round=8 d=2 acc=1 tGraphBuildMs=3.013 tEvalMs=89.191 tHostReadMs=0.023 tCacheStateMs=1.312 stepMs=93.539
MTP-STEP round=8 depth=3 offered=2 accepted=1 committed=2 stepMs=93.5833
mtp-top2gap idx=24 token=760 gap=0
STEP-TRACE round=9 d=2 acc=2 tGraphBuildMs=3.314 tEvalMs=89.319 tHostReadMs=0.018 tCacheStateMs=0.190 stepMs=92.841
MTP-STEP round=9 depth=3 offered=2 accepted=2 committed=3 stepMs=92.8682
mtp-top2gap idx=27 token=12905 gap=0.25
STEP-TRACE round=10 d=2 acc=2 tGraphBuildMs=3.058 tEvalMs=89.747 tHostReadMs=0.014 tCacheStateMs=0.176 stepMs=92.994
MTP-STEP round=10 depth=3 offered=2 accepted=2 committed=3 stepMs=93.0171
mtp-top2gap idx=30 token=369 gap=1.5
STEP-TRACE round=11 d=2 acc=2 tGraphBuildMs=2.996 tEvalMs=89.745 tHostReadMs=0.023 tCacheStateMs=0.182 stepMs=92.946
MTP-STEP round=11 depth=3 offered=2 accepted=2 committed=3 stepMs=92.9688
mtp-top2gap idx=33 token=4613 gap=0.25
STEP-TRACE round=12 d=2 acc=2 tGraphBuildMs=2.988 tEvalMs=89.591 tHostReadMs=0.014 tCacheStateMs=0.164 stepMs=92.757
MTP-STEP round=12 depth=3 offered=2 accepted=2 committed=3 stepMs=92.7795
mtp-top2gap idx=36 token=3467 gap=0.25
STEP-TRACE round=13 d=2 acc=2 tGraphBuildMs=2.958 tEvalMs=89.809 tHostReadMs=0.020 tCacheStateMs=0.190 stepMs=92.977
MTP-STEP round=13 depth=3 offered=2 accepted=2 committed=3 stepMs=92.9999
mtp-top2gap idx=39 token=2424 gap=1
STEP-TRACE round=14 d=2 acc=2 tGraphBuildMs=3.051 tEvalMs=90.079 tHostReadMs=0.015 tCacheStateMs=0.199 stepMs=93.345
MTP-STEP round=14 depth=3 offered=2 accepted=2 committed=3 stepMs=93.3680
mtp-top2gap idx=40 token=11 gap=2.125
STEP-TRACE round=15 d=2 acc=0 tGraphBuildMs=3.049 tEvalMs=91.118 tHostReadMs=0.020 tCacheStateMs=1.423 stepMs=95.610
MTP-STEP round=15 depth=3 offered=2 accepted=0 committed=1 stepMs=95.6515
mtp-top2gap idx=42 token=2785 gap=1
STEP-TRACE round=16 d=2 acc=1 tGraphBuildMs=3.183 tEvalMs=91.643 tHostReadMs=0.012 tCacheStateMs=1.297 stepMs=96.135
MTP-STEP round=16 depth=3 offered=2 accepted=1 committed=2 stepMs=96.1759
mtp-top2gap idx=44 token=7948 gap=0.75
STEP-TRACE round=17 d=2 acc=1 tGraphBuildMs=3.297 tEvalMs=92.493 tHostReadMs=0.016 tCacheStateMs=1.274 stepMs=97.081
MTP-STEP round=17 depth=3 offered=2 accepted=1 committed=2 stepMs=97.1162
mtp-top2gap idx=47 token=364 gap=0.875
STEP-TRACE round=18 d=2 acc=2 tGraphBuildMs=3.359 tEvalMs=92.771 tHostReadMs=0.020 tCacheStateMs=0.191 stepMs=96.340
MTP-STEP round=18 depth=3 offered=2 accepted=2 committed=3 stepMs=96.3668
mtp-top2gap idx=49 token=1558 gap=0.5
STEP-TRACE round=19 d=2 acc=1 tGraphBuildMs=3.064 tEvalMs=93.132 tHostReadMs=0.019 tCacheStateMs=1.364 stepMs=97.578
MTP-STEP round=19 depth=3 offered=2 accepted=1 committed=2 stepMs=97.6250
mtp-top2gap idx=52 token=561 gap=1.375
STEP-TRACE round=20 d=2 acc=2 tGraphBuildMs=3.316 tEvalMs=94.321 tHostReadMs=0.014 tCacheStateMs=0.175 stepMs=97.825
MTP-STEP round=20 depth=3 offered=2 accepted=2 committed=3 stepMs=97.8455
mtp-top2gap idx=54 token=314 gap=0.875
STEP-TRACE round=21 d=2 acc=1 tGraphBuildMs=2.989 tEvalMs=94.061 tHostReadMs=0.017 tCacheStateMs=1.254 stepMs=98.321
MTP-STEP round=21 depth=3 offered=2 accepted=1 committed=2 stepMs=98.3509
mtp-top2gap idx=56 token=3644 gap=1.5
STEP-TRACE round=22 d=2 acc=1 tGraphBuildMs=3.242 tEvalMs=96.092 tHostReadMs=0.013 tCacheStateMs=1.329 stepMs=100.676
MTP-STEP round=22 depth=3 offered=2 accepted=1 committed=2 stepMs=100.7147
mtp-top2gap idx=59 token=25 gap=1.25
STEP-TRACE round=23 d=2 acc=2 tGraphBuildMs=3.425 tEvalMs=95.102 tHostReadMs=0.019 tCacheStateMs=0.200 stepMs=98.746
MTP-STEP round=23 depth=3 offered=2 accepted=2 committed=3 stepMs=98.7737
mtp-top2gap idx=62 token=13 gap=11.25
STEP-TRACE round=24 d=2 acc=2 tGraphBuildMs=3.041 tEvalMs=95.798 tHostReadMs=0.023 tCacheStateMs=0.210 stepMs=99.072
MTP-STEP round=24 depth=3 offered=2 accepted=2 committed=3 stepMs=99.0965
mtp-top2gap idx=65 token=279 gap=7.625
STEP-TRACE round=25 d=2 acc=2 tGraphBuildMs=3.108 tEvalMs=96.599 tHostReadMs=0.019 tCacheStateMs=0.200 stepMs=99.926
MTP-STEP round=25 depth=3 offered=2 accepted=2 committed=3 stepMs=99.9505
mtp-top2gap idx=68 token=1510 gap=3.375
STEP-TRACE round=26 d=2 acc=2 tGraphBuildMs=3.021 tEvalMs=97.272 tHostReadMs=0.016 tCacheStateMs=0.195 stepMs=100.505
MTP-STEP round=26 depth=3 offered=2 accepted=2 committed=3 stepMs=100.5273
mtp-top2gap idx=71 token=10885 gap=7.625
STEP-TRACE round=27 d=2 acc=2 tGraphBuildMs=3.024 tEvalMs=96.944 tHostReadMs=0.014 tCacheStateMs=0.186 stepMs=100.168
MTP-STEP round=27 depth=3 offered=2 accepted=2 committed=3 stepMs=100.1910
mtp-top2gap idx=74 token=17 gap=7.875
STEP-TRACE round=28 d=2 acc=2 tGraphBuildMs=2.996 tEvalMs=97.938 tHostReadMs=0.017 tCacheStateMs=0.184 stepMs=101.135
MTP-STEP round=28 depth=3 offered=2 accepted=2 committed=3 stepMs=101.1577
mtp-top2gap idx=77 token=24209 gap=1
STEP-TRACE round=29 d=2 acc=2 tGraphBuildMs=2.971 tEvalMs=97.617 tHostReadMs=0.016 tCacheStateMs=0.178 stepMs=100.782
MTP-STEP round=29 depth=3 offered=2 accepted=2 committed=3 stepMs=100.8050
mtp-top2gap idx=78 token=12689 gap=0.125
STEP-TRACE round=30 d=2 acc=0 tGraphBuildMs=3.228 tEvalMs=97.953 tHostReadMs=0.027 tCacheStateMs=1.470 stepMs=102.678
MTP-STEP round=30 depth=3 offered=2 accepted=0 committed=1 stepMs=102.7227
mtp-top2gap idx=81 token=5072 gap=4.5
STEP-TRACE round=31 d=2 acc=2 tGraphBuildMs=3.333 tEvalMs=98.342 tHostReadMs=0.012 tCacheStateMs=0.148 stepMs=101.836
MTP-STEP round=31 depth=3 offered=2 accepted=2 committed=3 stepMs=101.8570
mtp-top2gap idx=84 token=1754 gap=6.625
STEP-TRACE round=32 d=2 acc=2 tGraphBuildMs=2.891 tEvalMs=99.204 tHostReadMs=0.014 tCacheStateMs=0.174 stepMs=102.283
MTP-STEP round=32 depth=3 offered=2 accepted=2 committed=3 stepMs=102.3037
mtp-top2gap idx=85 token=2297 gap=2.125
STEP-TRACE round=33 d=2 acc=0 tGraphBuildMs=2.910 tEvalMs=99.341 tHostReadMs=0.016 tCacheStateMs=1.380 stepMs=103.647
MTP-STEP round=33 depth=3 offered=2 accepted=0 committed=1 stepMs=103.6893
mtp-top2gap idx=86 token=1510 gap=0.75
STEP-TRACE round=34 d=2 acc=0 tGraphBuildMs=3.164 tEvalMs=98.006 tHostReadMs=0.017 tCacheStateMs=1.373 stepMs=102.560
MTP-STEP round=34 depth=3 offered=2 accepted=0 committed=1 stepMs=102.5988
mtp-top2gap idx=89 token=303 gap=1.875
STEP-TRACE round=35 d=2 acc=2 tGraphBuildMs=3.217 tEvalMs=98.395 tHostReadMs=0.015 tCacheStateMs=0.181 stepMs=101.808
MTP-STEP round=35 depth=3 offered=2 accepted=2 committed=3 stepMs=101.8304
mtp-top2gap idx=92 token=82 gap=11.25
STEP-TRACE round=36 d=2 acc=2 tGraphBuildMs=2.981 tEvalMs=99.274 tHostReadMs=0.015 tCacheStateMs=0.182 stepMs=102.451
MTP-STEP round=36 depth=3 offered=2 accepted=2 committed=3 stepMs=102.4817
mtp-top2gap idx=95 token=5790 gap=1.125
STEP-TRACE round=37 d=2 acc=2 tGraphBuildMs=3.009 tEvalMs=98.926 tHostReadMs=0.013 tCacheStateMs=0.168 stepMs=102.115
MTP-STEP round=37 depth=3 offered=2 accepted=2 committed=3 stepMs=102.1375
mtp-top2gap idx=97 token=61369 gap=2.625
STEP-TRACE round=38 d=2 acc=1 tGraphBuildMs=2.937 tEvalMs=98.986 tHostReadMs=0.018 tCacheStateMs=1.215 stepMs=103.157
MTP-STEP round=38 depth=3 offered=2 accepted=1 committed=2 stepMs=103.1930
mtp-top2gap idx=100 token=321 gap=2.125
STEP-TRACE round=39 d=2 acc=2 tGraphBuildMs=3.268 tEvalMs=99.364 tHostReadMs=0.019 tCacheStateMs=0.173 stepMs=102.824
MTP-STEP round=39 depth=3 offered=2 accepted=2 committed=3 stepMs=102.8472
mtp-top2gap idx=103 token=7948 gap=0.375
STEP-TRACE round=40 d=2 acc=2 tGraphBuildMs=2.945 tEvalMs=100.105 tHostReadMs=0.020 tCacheStateMs=0.222 stepMs=103.292
MTP-STEP round=40 depth=3 offered=2 accepted=2 committed=3 stepMs=103.3186
mtp-top2gap idx=106 token=18 gap=6.375
STEP-TRACE round=41 d=2 acc=2 tGraphBuildMs=3.401 tEvalMs=104.387 tHostReadMs=0.025 tCacheStateMs=0.184 stepMs=107.997
MTP-STEP round=41 depth=3 offered=2 accepted=2 committed=3 stepMs=108.0257
mtp-top2gap idx=109 token=4844 gap=0.5
STEP-TRACE round=42 d=2 acc=2 tGraphBuildMs=3.058 tEvalMs=102.076 tHostReadMs=0.017 tCacheStateMs=0.205 stepMs=105.357
MTP-STEP round=42 depth=3 offered=2 accepted=2 committed=3 stepMs=105.3848
mtp-top2gap idx=111 token=10046 gap=0.625
STEP-TRACE round=43 d=2 acc=1 tGraphBuildMs=3.098 tEvalMs=100.285 tHostReadMs=0.015 tCacheStateMs=1.327 stepMs=104.725
MTP-STEP round=43 depth=3 offered=2 accepted=1 committed=2 stepMs=104.7722
mtp-top2gap idx=113 token=279 gap=4.75
STEP-TRACE round=44 d=2 acc=1 tGraphBuildMs=3.397 tEvalMs=100.423 tHostReadMs=0.019 tCacheStateMs=1.288 stepMs=105.126
MTP-STEP round=44 depth=3 offered=2 accepted=1 committed=2 stepMs=105.1571
mtp-top2gap idx=114 token=4880 gap=1.375
STEP-TRACE round=45 d=2 acc=0 tGraphBuildMs=3.259 tEvalMs=99.614 tHostReadMs=0.017 tCacheStateMs=1.377 stepMs=104.269
MTP-STEP round=45 depth=3 offered=2 accepted=0 committed=1 stepMs=104.3103
mtp-top2gap idx=115 token=24382 gap=1
STEP-TRACE round=46 d=2 acc=0 tGraphBuildMs=3.302 tEvalMs=97.492 tHostReadMs=0.021 tCacheStateMs=1.502 stepMs=102.318
MTP-STEP round=46 depth=3 offered=2 accepted=0 committed=1 stepMs=102.3890
mtp-top2gap idx=116 token=59929 gap=0.375
STEP-TRACE round=47 d=2 acc=0 tGraphBuildMs=3.354 tEvalMs=97.882 tHostReadMs=0.018 tCacheStateMs=1.435 stepMs=102.690
MTP-STEP round=47 depth=3 offered=2 accepted=0 committed=1 stepMs=102.7386
mtp-top2gap idx=119 token=513 gap=1
STEP-TRACE round=48 d=2 acc=2 tGraphBuildMs=3.345 tEvalMs=96.989 tHostReadMs=0.021 tCacheStateMs=0.214 stepMs=100.569
MTP-STEP round=48 depth=3 offered=2 accepted=2 committed=3 stepMs=100.5937
mtp-top2gap idx=120 token=524 gap=0
STEP-TRACE round=49 d=2 acc=0 tGraphBuildMs=3.051 tEvalMs=98.033 tHostReadMs=0.016 tCacheStateMs=1.375 stepMs=102.476
MTP-STEP round=49 depth=3 offered=2 accepted=0 committed=1 stepMs=102.5200
mtp-top2gap idx=123 token=279 gap=4.875
STEP-TRACE round=50 d=2 acc=2 tGraphBuildMs=3.341 tEvalMs=97.821 tHostReadMs=0.021 tCacheStateMs=0.228 stepMs=101.411
MTP-STEP round=50 depth=3 offered=2 accepted=2 committed=3 stepMs=101.4371
mtp-top2gap idx=126 token=5939 gap=0.75
STEP-TRACE round=51 d=2 acc=2 tGraphBuildMs=3.123 tEvalMs=98.002 tHostReadMs=0.018 tCacheStateMs=0.232 stepMs=101.375
MTP-STEP round=51 depth=3 offered=2 accepted=2 committed=3 stepMs=101.4036
mtp-top2gap idx=129 token=1510 gap=0.75
STEP-TRACE round=52 d=2 acc=2 tGraphBuildMs=3.189 tEvalMs=97.143 tHostReadMs=0.024 tCacheStateMs=0.195 stepMs=100.551
MTP-STEP round=52 depth=3 offered=2 accepted=2 committed=3 stepMs=100.5766
MTP-STEP-SUMMARY rounds=52 proposed=104 accepted=77 acceptedPerStep=1.4808 avgStepMs=115.2233 decodeSeconds=5.9947 committed=128 qmvVerifyRouted=2:132,3:5280,4:96 qmvVerifyFallback=1:102,11:96,512:195,2048:384,8203:3 qmvVerifyMaterialized=0
